[18:36:16] INFO train_mapper: training mapper for: 'a baroque oil painting portrait of a person'
/home/yangqining/CartoonGan/avatar_studio/avatar_studio/edit/mapper.py:180: UserWarning: Converting a tensor with requires_grad=True to a scalar may lead to unexpected behavior.
Consider using tensor.detach() first. (Triggered internally at /pytorch/torch/csrc/autograd/generated/python_variable_methods.cpp:838.)
  "id":   float(l_id) if isinstance(l_id, torch.Tensor) else l_id}
[18:36:41] INFO train_mapper: [   200/50000] loss=0.7390 clip=0.7032 l2=0.0235 id=0.1697  (25.5s)
[18:37:04] INFO train_mapper: [   400/50000] loss=0.7167 clip=0.6824 l2=0.0181 id=0.1972  (47.8s)
[18:37:25] INFO train_mapper: [   600/50000] loss=0.7235 clip=0.6900 l2=0.0219 id=0.1590  (69.5s)
[18:37:47] INFO train_mapper: [   800/50000] loss=0.7411 clip=0.6991 l2=0.0307 id=0.1738  (91.4s)
[18:38:09] INFO train_mapper: [  1000/50000] loss=0.7169 clip=0.6793 l2=0.0217 id=0.2025  (113.4s)
[18:38:31] INFO train_mapper: [  1200/50000] loss=0.7537 clip=0.7072 l2=0.0306 id=0.2200  (135.4s)
[18:38:53] INFO train_mapper: [  1400/50000] loss=0.6988 clip=0.6784 l2=0.0131 id=0.0995  (157.4s)
[18:39:15] INFO train_mapper: [  1600/50000] loss=0.7093 clip=0.6746 l2=0.0219 id=0.1722  (179.4s)
[18:39:37] INFO train_mapper: [  1800/50000] loss=0.7250 clip=0.6934 l2=0.0177 id=0.1748  (201.3s)
[18:39:59] INFO train_mapper: [  2000/50000] loss=0.7268 clip=0.6817 l2=0.0276 id=0.2303  (223.3s)
[18:40:21] INFO train_mapper: [  2200/50000] loss=0.7227 clip=0.6888 l2=0.0200 id=0.1783  (245.2s)
[18:40:43] INFO train_mapper: [  2400/50000] loss=0.7101 clip=0.6780 l2=0.0245 id=0.1252  (267.1s)
[18:41:05] INFO train_mapper: [  2600/50000] loss=0.7441 clip=0.7117 l2=0.0243 id=0.1296  (289.0s)
[18:41:27] INFO train_mapper: [  2800/50000] loss=0.7449 clip=0.7082 l2=0.0212 id=0.1978  (311.1s)
[18:41:49] INFO train_mapper: [  3000/50000] loss=0.7083 clip=0.6600 l2=0.0255 id=0.2790  (333.1s)
[18:42:11] INFO train_mapper: [  3200/50000] loss=0.7044 clip=0.6785 l2=0.0139 id=0.1477  (355.0s)
[18:42:33] INFO train_mapper: [  3400/50000] loss=0.7125 clip=0.6740 l2=0.0236 id=0.1964  (377.0s)
[18:42:55] INFO train_mapper: [  3600/50000] loss=0.7159 clip=0.6837 l2=0.0225 id=0.1417  (398.9s)
[18:43:17] INFO train_mapper: [  3800/50000] loss=0.7060 clip=0.6710 l2=0.0224 id=0.1715  (421.0s)
[18:43:39] INFO train_mapper: [  4000/50000] loss=0.7168 clip=0.6736 l2=0.0253 id=0.2296  (442.9s)
[18:44:00] INFO train_mapper: [  4200/50000] loss=0.7006 clip=0.6765 l2=0.0147 id=0.1231  (464.2s)
[18:44:21] INFO train_mapper: [  4400/50000] loss=0.7176 clip=0.6891 l2=0.0174 id=0.1455  (484.6s)
[18:44:41] INFO train_mapper: [  4600/50000] loss=0.6820 clip=0.6574 l2=0.0147 id=0.1273  (504.9s)
[18:45:02] INFO train_mapper: [  4800/50000] loss=0.7416 clip=0.7015 l2=0.0309 id=0.1534  (526.5s)
[18:45:24] INFO train_mapper: [  5000/50000] loss=0.7208 clip=0.6902 l2=0.0196 id=0.1503  (548.4s)
[18:45:25] INFO train_mapper: saved checkpoint -> checkpoints/mappers/baroque_oil.pt
[18:45:47] INFO train_mapper: [  5200/50000] loss=0.7343 clip=0.6988 l2=0.0202 id=0.1945  (571.4s)
[18:46:09] INFO train_mapper: [  5400/50000] loss=0.7010 clip=0.6729 l2=0.0194 id=0.1262  (593.3s)
[18:46:31] INFO train_mapper: [  5600/50000] loss=0.7266 clip=0.6923 l2=0.0201 id=0.1826  (615.4s)
[18:46:53] INFO train_mapper: [  5800/50000] loss=0.7057 clip=0.6762 l2=0.0201 id=0.1347  (637.3s)
[18:47:15] INFO train_mapper: [  6000/50000] loss=0.7266 clip=0.6853 l2=0.0227 id=0.2311  (659.3s)
[18:47:37] INFO train_mapper: [  6200/50000] loss=0.7155 clip=0.6824 l2=0.0217 id=0.1572  (681.3s)
[18:47:59] INFO train_mapper: [  6400/50000] loss=0.7038 clip=0.6711 l2=0.0246 id=0.1293  (703.2s)
[18:48:21] INFO train_mapper: [  6600/50000] loss=0.7096 clip=0.6713 l2=0.0230 id=0.1991  (725.1s)
[18:48:43] INFO train_mapper: [  6800/50000] loss=0.7192 clip=0.6887 l2=0.0189 id=0.1541  (747.1s)
[18:49:05] INFO train_mapper: [  7000/50000] loss=0.7287 clip=0.6944 l2=0.0244 id=0.1478  (769.0s)
[18:49:27] INFO train_mapper: [  7200/50000] loss=0.7105 clip=0.6837 l2=0.0181 id=0.1229  (791.0s)
[18:49:49] INFO train_mapper: [  7400/50000] loss=0.7166 clip=0.6844 l2=0.0239 id=0.1309  (812.9s)
[18:50:11] INFO train_mapper: [  7600/50000] loss=0.7074 clip=0.6734 l2=0.0199 id=0.1806  (834.9s)
[18:50:33] INFO train_mapper: [  7800/50000] loss=0.7076 clip=0.6661 l2=0.0253 id=0.2119  (856.8s)
[18:50:55] INFO train_mapper: [  8000/50000] loss=0.6974 clip=0.6634 l2=0.0211 id=0.1718  (878.7s)
[18:51:17] INFO train_mapper: [  8200/50000] loss=0.7158 clip=0.6696 l2=0.0289 id=0.2304  (900.7s)
[18:51:39] INFO train_mapper: [  8400/50000] loss=0.7049 clip=0.6641 l2=0.0260 id=0.1997  (922.6s)
[18:52:01] INFO train_mapper: [  8600/50000] loss=0.7428 clip=0.7012 l2=0.0264 id=0.2046  (944.6s)
[18:52:22] INFO train_mapper: [  8800/50000] loss=0.7242 clip=0.6948 l2=0.0236 id=0.1045  (966.5s)
[18:52:44] INFO train_mapper: [  9000/50000] loss=0.6924 clip=0.6649 l2=0.0154 id=0.1513  (988.4s)
[18:53:06] INFO train_mapper: [  9200/50000] loss=0.7018 clip=0.6762 l2=0.0189 id=0.1048  (1010.3s)
[18:53:28] INFO train_mapper: [  9400/50000] loss=0.7083 clip=0.6787 l2=0.0188 id=0.1464  (1032.2s)
[18:53:50] INFO train_mapper: [  9600/50000] loss=0.6866 clip=0.6575 l2=0.0212 id=0.1218  (1054.0s)
[18:54:12] INFO train_mapper: [  9800/50000] loss=0.7015 clip=0.6731 l2=0.0197 id=0.1266  (1075.9s)
[18:54:34] INFO train_mapper: [ 10000/50000] loss=0.7053 clip=0.6690 l2=0.0216 id=0.1908  (1097.9s)
[18:54:35] INFO train_mapper: saved checkpoint -> checkpoints/mappers/baroque_oil.pt
[18:54:57] INFO train_mapper: [ 10200/50000] loss=0.7275 clip=0.6799 l2=0.0285 id=0.2482  (1120.7s)
[18:55:19] INFO train_mapper: [ 10400/50000] loss=0.7068 clip=0.6755 l2=0.0182 id=0.1670  (1142.6s)
[18:55:41] INFO train_mapper: [ 10600/50000] loss=0.6954 clip=0.6599 l2=0.0228 id=0.1732  (1164.5s)
[18:56:02] INFO train_mapper: [ 10800/50000] loss=0.7341 clip=0.6950 l2=0.0240 id=0.1992  (1186.5s)
[18:56:24] INFO train_mapper: [ 11000/50000] loss=0.6955 clip=0.6643 l2=0.0234 id=0.1249  (1208.4s)
[18:56:46] INFO train_mapper: [ 11200/50000] loss=0.7366 clip=0.6845 l2=0.0308 id=0.2744  (1230.3s)
[18:57:08] INFO train_mapper: [ 11400/50000] loss=0.6987 clip=0.6721 l2=0.0170 id=0.1296  (1252.2s)
[18:57:30] INFO train_mapper: [ 11600/50000] loss=0.7315 clip=0.6917 l2=0.0254 id=0.1943  (1274.2s)
[18:57:52] INFO train_mapper: [ 11800/50000] loss=0.7139 clip=0.6855 l2=0.0196 id=0.1275  (1296.1s)
[18:58:14] INFO train_mapper: [ 12000/50000] loss=0.6828 clip=0.6559 l2=0.0171 id=0.1320  (1318.0s)
[18:58:36] INFO train_mapper: [ 12200/50000] loss=0.6950 clip=0.6663 l2=0.0198 id=0.1277  (1339.9s)
[18:58:58] INFO train_mapper: [ 12400/50000] loss=0.7526 clip=0.7195 l2=0.0216 id=0.1590  (1361.9s)
[18:59:20] INFO train_mapper: [ 12600/50000] loss=0.7225 clip=0.6955 l2=0.0199 id=0.1114  (1383.8s)
[18:59:42] INFO train_mapper: [ 12800/50000] loss=0.7152 clip=0.6735 l2=0.0212 id=0.2466  (1405.7s)
[19:00:04] INFO train_mapper: [ 13000/50000] loss=0.7052 clip=0.6730 l2=0.0199 id=0.1621  (1427.7s)
[19:00:26] INFO train_mapper: [ 13200/50000] loss=0.6961 clip=0.6655 l2=0.0191 id=0.1527  (1449.7s)
[19:00:48] INFO train_mapper: [ 13400/50000] loss=0.7048 clip=0.6728 l2=0.0232 id=0.1350  (1471.6s)
[19:01:10] INFO train_mapper: [ 13600/50000] loss=0.7119 clip=0.6722 l2=0.0274 id=0.1780  (1493.5s)
[19:01:31] INFO train_mapper: [ 13800/50000] loss=0.7109 clip=0.6757 l2=0.0198 id=0.1931  (1515.5s)
[19:01:53] INFO train_mapper: [ 14000/50000] loss=0.7100 clip=0.6741 l2=0.0219 id=0.1834  (1537.4s)
[19:02:15] INFO train_mapper: [ 14200/50000] loss=0.7122 clip=0.6769 l2=0.0228 id=0.1705  (1559.3s)
[19:02:37] INFO train_mapper: [ 14400/50000] loss=0.7124 clip=0.6756 l2=0.0200 id=0.2081  (1581.3s)
[19:02:59] INFO train_mapper: [ 14600/50000] loss=0.7104 clip=0.6725 l2=0.0248 id=0.1810  (1603.2s)
[19:03:21] INFO train_mapper: [ 14800/50000] loss=0.6970 clip=0.6645 l2=0.0237 id=0.1357  (1625.2s)
[19:03:43] INFO train_mapper: [ 15000/50000] loss=0.6904 clip=0.6519 l2=0.0259 id=0.1774  (1647.1s)
[19:03:44] INFO train_mapper: saved checkpoint -> checkpoints/mappers/baroque_oil.pt
[19:04:06] INFO train_mapper: [ 15200/50000] loss=0.7023 clip=0.6677 l2=0.0239 id=0.1550  (1669.9s)
[19:04:28] INFO train_mapper: [ 15400/50000] loss=0.7141 clip=0.6811 l2=0.0203 id=0.1670  (1691.8s)
[19:04:50] INFO train_mapper: [ 15600/50000] loss=0.7100 clip=0.6762 l2=0.0227 id=0.1556  (1713.8s)
[19:05:12] INFO train_mapper: [ 15800/50000] loss=0.7225 clip=0.6924 l2=0.0195 id=0.1457  (1735.8s)
[19:05:34] INFO train_mapper: [ 16000/50000] loss=0.7042 clip=0.6643 l2=0.0275 id=0.1791  (1757.7s)
[19:05:56] INFO train_mapper: [ 16200/50000] loss=0.7151 clip=0.6821 l2=0.0213 id=0.1596  (1779.7s)
[19:06:18] INFO train_mapper: [ 16400/50000] loss=0.7066 clip=0.6757 l2=0.0226 id=0.1284  (1801.6s)
[19:06:39] INFO train_mapper: [ 16600/50000] loss=0.7275 clip=0.6948 l2=0.0233 id=0.1410  (1823.5s)
[19:07:01] INFO train_mapper: [ 16800/50000] loss=0.7115 clip=0.6788 l2=0.0192 id=0.1724  (1845.4s)
[19:07:23] INFO train_mapper: [ 17000/50000] loss=0.7211 clip=0.6833 l2=0.0221 id=0.2014  (1867.4s)
[19:07:45] INFO train_mapper: [ 17200/50000] loss=0.6958 clip=0.6588 l2=0.0230 id=0.1857  (1889.3s)
[19:08:07] INFO train_mapper: [ 17400/50000] loss=0.7060 clip=0.6663 l2=0.0260 id=0.1890  (1911.3s)
[19:08:29] INFO train_mapper: [ 17600/50000] loss=0.7296 clip=0.6938 l2=0.0254 id=0.1542  (1933.2s)
[19:08:51] INFO train_mapper: [ 17800/50000] loss=0.7067 clip=0.6766 l2=0.0165 id=0.1692  (1955.1s)
[19:09:13] INFO train_mapper: [ 18000/50000] loss=0.7106 clip=0.6811 l2=0.0189 id=0.1438  (1977.0s)
[19:09:35] INFO train_mapper: [ 18200/50000] loss=0.6914 clip=0.6591 l2=0.0196 id=0.1668  (1998.9s)
[19:09:57] INFO train_mapper: [ 18400/50000] loss=0.7176 clip=0.6788 l2=0.0260 id=0.1802  (2020.9s)
[19:10:19] INFO train_mapper: [ 18600/50000] loss=0.7089 clip=0.6700 l2=0.0231 id=0.2040  (2042.7s)
[19:10:41] INFO train_mapper: [ 18800/50000] loss=0.7032 clip=0.6729 l2=0.0209 id=0.1359  (2064.7s)
[19:11:03] INFO train_mapper: [ 19000/50000] loss=0.6846 clip=0.6524 l2=0.0181 id=0.1777  (2086.7s)
[19:11:25] INFO train_mapper: [ 19200/50000] loss=0.6917 clip=0.6604 l2=0.0215 id=0.1412  (2108.6s)
[19:11:46] INFO train_mapper: [ 19400/50000] loss=0.7405 clip=0.6862 l2=0.0410 id=0.2149  (2130.5s)
[19:12:08] INFO train_mapper: [ 19600/50000] loss=0.7143 clip=0.6824 l2=0.0190 id=0.1665  (2152.4s)
[19:12:30] INFO train_mapper: [ 19800/50000] loss=0.7030 clip=0.6674 l2=0.0254 id=0.1529  (2174.3s)
[19:12:52] INFO train_mapper: [ 20000/50000] loss=0.7065 clip=0.6735 l2=0.0178 id=0.1881  (2196.2s)
[19:12:53] INFO train_mapper: saved checkpoint -> checkpoints/mappers/baroque_oil.pt
[19:13:15] INFO train_mapper: [ 20200/50000] loss=0.7316 clip=0.6947 l2=0.0232 id=0.1840  (2219.1s)
[19:13:37] INFO train_mapper: [ 20400/50000] loss=0.7087 clip=0.6602 l2=0.0211 id=0.3168  (2241.0s)
[19:13:59] INFO train_mapper: [ 20600/50000] loss=0.7164 clip=0.6792 l2=0.0260 id=0.1648  (2262.9s)
[19:14:21] INFO train_mapper: [ 20800/50000] loss=0.7021 clip=0.6740 l2=0.0185 id=0.1329  (2284.8s)
[19:14:43] INFO train_mapper: [ 21000/50000] loss=0.7130 clip=0.6639 l2=0.0270 id=0.2757  (2306.7s)
[19:15:05] INFO train_mapper: [ 21200/50000] loss=0.7015 clip=0.6712 l2=0.0195 id=0.1474  (2328.6s)
[19:15:27] INFO train_mapper: [ 21400/50000] loss=0.7104 clip=0.6748 l2=0.0229 id=0.1728  (2350.5s)
[19:15:48] INFO train_mapper: [ 21600/50000] loss=0.7038 clip=0.6671 l2=0.0260 id=0.1597  (2372.5s)
[19:16:10] INFO train_mapper: [ 21800/50000] loss=0.7040 clip=0.6673 l2=0.0281 id=0.1427  (2394.4s)
[19:16:32] INFO train_mapper: [ 22000/50000] loss=0.7069 clip=0.6626 l2=0.0313 id=0.1922  (2416.3s)
[19:16:54] INFO train_mapper: [ 22200/50000] loss=0.6779 clip=0.6463 l2=0.0214 id=0.1450  (2438.2s)
[19:17:16] INFO train_mapper: [ 22400/50000] loss=0.7053 clip=0.6622 l2=0.0230 id=0.2470  (2460.2s)
[19:17:38] INFO train_mapper: [ 22600/50000] loss=0.7086 clip=0.6690 l2=0.0242 id=0.2027  (2482.0s)
[19:18:00] INFO train_mapper: [ 22800/50000] loss=0.6873 clip=0.6519 l2=0.0201 id=0.1939  (2503.9s)
[19:18:22] INFO train_mapper: [ 23000/50000] loss=0.6912 clip=0.6512 l2=0.0207 id=0.2344  (2525.8s)
[19:18:44] INFO train_mapper: [ 23200/50000] loss=0.6902 clip=0.6551 l2=0.0221 id=0.1746  (2547.8s)
[19:19:06] INFO train_mapper: [ 23400/50000] loss=0.6715 clip=0.6418 l2=0.0175 id=0.1566  (2569.8s)
[19:19:28] INFO train_mapper: [ 23600/50000] loss=0.7238 clip=0.6768 l2=0.0239 id=0.2781  (2591.7s)
[19:19:50] INFO train_mapper: [ 23800/50000] loss=0.7324 clip=0.6901 l2=0.0254 id=0.2201  (2613.6s)
[19:20:12] INFO train_mapper: [ 24000/50000] loss=0.7209 clip=0.6825 l2=0.0269 id=0.1690  (2635.5s)
[19:20:33] INFO train_mapper: [ 24200/50000] loss=0.7072 clip=0.6636 l2=0.0258 id=0.2300  (2657.5s)
[19:20:55] INFO train_mapper: [ 24400/50000] loss=0.6916 clip=0.6587 l2=0.0181 id=0.1848  (2679.4s)
[19:21:17] INFO train_mapper: [ 24600/50000] loss=0.7127 clip=0.6792 l2=0.0216 id=0.1627  (2701.4s)
[19:21:39] INFO train_mapper: [ 24800/50000] loss=0.7012 clip=0.6691 l2=0.0190 id=0.1689  (2723.4s)
[19:22:01] INFO train_mapper: [ 25000/50000] loss=0.7252 clip=0.6972 l2=0.0173 id=0.1417  (2745.3s)
[19:22:02] INFO train_mapper: saved checkpoint -> checkpoints/mappers/baroque_oil.pt
[19:22:24] INFO train_mapper: [ 25200/50000] loss=0.7043 clip=0.6700 l2=0.0198 id=0.1845  (2768.2s)
[19:22:46] INFO train_mapper: [ 25400/50000] loss=0.7113 clip=0.6728 l2=0.0257 id=0.1794  (2790.1s)
[19:23:08] INFO train_mapper: [ 25600/50000] loss=0.7151 clip=0.6774 l2=0.0246 id=0.1794  (2812.1s)
[19:23:30] INFO train_mapper: [ 25800/50000] loss=0.6937 clip=0.6686 l2=0.0175 id=0.1115  (2834.0s)
[19:23:52] INFO train_mapper: [ 26000/50000] loss=0.6983 clip=0.6644 l2=0.0213 id=0.1678  (2856.0s)
[19:24:14] INFO train_mapper: [ 26200/50000] loss=0.6994 clip=0.6652 l2=0.0230 id=0.1588  (2877.9s)
[19:24:36] INFO train_mapper: [ 26400/50000] loss=0.7083 clip=0.6718 l2=0.0211 id=0.1960  (2899.8s)
[19:24:58] INFO train_mapper: [ 26600/50000] loss=0.7128 clip=0.6738 l2=0.0249 id=0.1902  (2921.7s)
[19:25:20] INFO train_mapper: [ 26800/50000] loss=0.7232 clip=0.6945 l2=0.0194 id=0.1310  (2943.6s)
[19:25:42] INFO train_mapper: [ 27000/50000] loss=0.6967 clip=0.6673 l2=0.0188 id=0.1429  (2965.5s)
[19:26:03] INFO train_mapper: [ 27200/50000] loss=0.7039 clip=0.6719 l2=0.0215 id=0.1479  (2987.4s)
[19:26:25] INFO train_mapper: [ 27400/50000] loss=0.6910 clip=0.6580 l2=0.0201 id=0.1688  (3009.4s)
[19:26:47] INFO train_mapper: [ 27600/50000] loss=0.7018 clip=0.6649 l2=0.0282 id=0.1437  (3031.3s)
[19:27:09] INFO train_mapper: [ 27800/50000] loss=0.6876 clip=0.6562 l2=0.0207 id=0.1488  (3053.2s)
[19:27:31] INFO train_mapper: [ 28000/50000] loss=0.7185 clip=0.6856 l2=0.0250 id=0.1292  (3075.0s)
[19:27:53] INFO train_mapper: [ 28200/50000] loss=0.7305 clip=0.6903 l2=0.0243 id=0.2074  (3096.9s)
[19:28:15] INFO train_mapper: [ 28400/50000] loss=0.7094 clip=0.6789 l2=0.0174 id=0.1658  (3118.6s)
[19:28:36] INFO train_mapper: [ 28600/50000] loss=0.7086 clip=0.6692 l2=0.0259 id=0.1861  (3140.4s)
[19:28:58] INFO train_mapper: [ 28800/50000] loss=0.6929 clip=0.6583 l2=0.0252 id=0.1440  (3162.3s)
[19:29:20] INFO train_mapper: [ 29000/50000] loss=0.6939 clip=0.6569 l2=0.0237 id=0.1796  (3184.2s)
[19:29:42] INFO train_mapper: [ 29200/50000] loss=0.6878 clip=0.6586 l2=0.0215 id=0.1189  (3206.1s)
[19:30:04] INFO train_mapper: [ 29400/50000] loss=0.7226 clip=0.6896 l2=0.0236 id=0.1410  (3228.0s)
[19:30:26] INFO train_mapper: [ 29600/50000] loss=0.7089 clip=0.6756 l2=0.0188 id=0.1827  (3249.9s)
[19:30:48] INFO train_mapper: [ 29800/50000] loss=0.6949 clip=0.6607 l2=0.0212 id=0.1719  (3271.8s)
[19:31:10] INFO train_mapper: [ 30000/50000] loss=0.7023 clip=0.6715 l2=0.0218 id=0.1340  (3293.7s)
[19:31:11] INFO train_mapper: saved checkpoint -> checkpoints/mappers/baroque_oil.pt
[19:31:33] INFO train_mapper: [ 30200/50000] loss=0.6957 clip=0.6600 l2=0.0230 id=0.1729  (3316.5s)
[19:31:55] INFO train_mapper: [ 30400/50000] loss=0.7132 clip=0.6786 l2=0.0272 id=0.1283  (3338.5s)
[19:32:16] INFO train_mapper: [ 30600/50000] loss=0.7077 clip=0.6753 l2=0.0246 id=0.1272  (3360.4s)
[19:32:38] INFO train_mapper: [ 30800/50000] loss=0.7209 clip=0.6864 l2=0.0247 id=0.1474  (3382.3s)
[19:33:00] INFO train_mapper: [ 31000/50000] loss=0.7239 clip=0.6949 l2=0.0210 id=0.1221  (3404.2s)
[19:33:22] INFO train_mapper: [ 31200/50000] loss=0.7204 clip=0.6836 l2=0.0243 id=0.1731  (3426.1s)
[19:33:44] INFO train_mapper: [ 31400/50000] loss=0.7158 clip=0.6776 l2=0.0262 id=0.1726  (3448.0s)
[19:34:06] INFO train_mapper: [ 31600/50000] loss=0.6935 clip=0.6639 l2=0.0194 id=0.1404  (3469.9s)
[19:34:28] INFO train_mapper: [ 31800/50000] loss=0.7131 clip=0.6734 l2=0.0262 id=0.1877  (3491.9s)
[19:34:50] INFO train_mapper: [ 32000/50000] loss=0.7302 clip=0.6979 l2=0.0217 id=0.1489  (3513.8s)
[19:35:12] INFO train_mapper: [ 32200/50000] loss=0.7088 clip=0.6754 l2=0.0221 id=0.1563  (3535.7s)
[19:35:34] INFO train_mapper: [ 32400/50000] loss=0.6904 clip=0.6597 l2=0.0229 id=0.1240  (3557.6s)
[19:35:56] INFO train_mapper: [ 32600/50000] loss=0.6925 clip=0.6593 l2=0.0192 id=0.1780  (3579.5s)
[19:36:17] INFO train_mapper: [ 32800/50000] loss=0.7029 clip=0.6660 l2=0.0265 id=0.1568  (3601.4s)
[19:36:39] INFO train_mapper: [ 33000/50000] loss=0.7063 clip=0.6680 l2=0.0228 id=0.2000  (3623.3s)
[19:37:01] INFO train_mapper: [ 33200/50000] loss=0.7106 clip=0.6839 l2=0.0179 id=0.1242  (3645.2s)
[19:37:23] INFO train_mapper: [ 33400/50000] loss=0.7032 clip=0.6610 l2=0.0216 id=0.2487  (3667.2s)
[19:37:45] INFO train_mapper: [ 33600/50000] loss=0.6992 clip=0.6601 l2=0.0216 id=0.2177  (3689.1s)
[19:38:07] INFO train_mapper: [ 33800/50000] loss=0.6811 clip=0.6416 l2=0.0247 id=0.1970  (3711.1s)
[19:38:29] INFO train_mapper: [ 34000/50000] loss=0.6880 clip=0.6505 l2=0.0224 id=0.1958  (3732.6s)
[19:38:50] INFO train_mapper: [ 34200/50000] loss=0.6893 clip=0.6611 l2=0.0196 id=0.1243  (3754.5s)
[19:39:12] INFO train_mapper: [ 34400/50000] loss=0.6944 clip=0.6667 l2=0.0196 id=0.1198  (3776.4s)
[19:39:34] INFO train_mapper: [ 34600/50000] loss=0.7218 clip=0.6760 l2=0.0262 id=0.2482  (3798.4s)
[19:39:56] INFO train_mapper: [ 34800/50000] loss=0.6983 clip=0.6602 l2=0.0259 id=0.1739  (3820.3s)
[19:40:18] INFO train_mapper: [ 35000/50000] loss=0.6965 clip=0.6666 l2=0.0201 id=0.1382  (3842.3s)
[19:40:19] INFO train_mapper: saved checkpoint -> checkpoints/mappers/baroque_oil.pt
[19:40:41] INFO train_mapper: [ 35200/50000] loss=0.7397 clip=0.7024 l2=0.0273 id=0.1544  (3865.2s)
[19:41:03] INFO train_mapper: [ 35400/50000] loss=0.7084 clip=0.6781 l2=0.0233 id=0.1170  (3887.1s)
[19:41:25] INFO train_mapper: [ 35600/50000] loss=0.7218 clip=0.6917 l2=0.0227 id=0.1189  (3909.0s)
[19:41:47] INFO train_mapper: [ 35800/50000] loss=0.7005 clip=0.6595 l2=0.0226 id=0.2300  (3930.9s)
[19:42:09] INFO train_mapper: [ 36000/50000] loss=0.7060 clip=0.6654 l2=0.0240 id=0.2135  (3952.8s)
[19:42:31] INFO train_mapper: [ 36200/50000] loss=0.7042 clip=0.6747 l2=0.0224 id=0.1152  (3974.8s)
[19:42:52] INFO train_mapper: [ 36400/50000] loss=0.7118 clip=0.6723 l2=0.0286 id=0.1659  (3996.5s)
[19:43:14] INFO train_mapper: [ 36600/50000] loss=0.6923 clip=0.6646 l2=0.0166 id=0.1438  (4018.4s)
[19:43:36] INFO train_mapper: [ 36800/50000] loss=0.6987 clip=0.6652 l2=0.0217 id=0.1614  (4040.1s)
[19:43:58] INFO train_mapper: [ 37000/50000] loss=0.6911 clip=0.6601 l2=0.0206 id=0.1456  (4062.0s)
[19:44:20] INFO train_mapper: [ 37200/50000] loss=0.6986 clip=0.6514 l2=0.0226 id=0.2907  (4083.9s)
[19:44:42] INFO train_mapper: [ 37400/50000] loss=0.6978 clip=0.6712 l2=0.0188 id=0.1156  (4105.9s)
[19:45:04] INFO train_mapper: [ 37600/50000] loss=0.7029 clip=0.6648 l2=0.0255 id=0.1776  (4127.8s)
[19:45:26] INFO train_mapper: [ 37800/50000] loss=0.7069 clip=0.6577 l2=0.0293 id=0.2580  (4149.7s)
[19:45:48] INFO train_mapper: [ 38000/50000] loss=0.7027 clip=0.6691 l2=0.0218 id=0.1612  (4171.6s)
[19:46:10] INFO train_mapper: [ 38200/50000] loss=0.6912 clip=0.6591 l2=0.0184 id=0.1739  (4193.6s)
[19:46:31] INFO train_mapper: [ 38400/50000] loss=0.7301 clip=0.6949 l2=0.0294 id=0.1173  (4215.5s)
[19:46:53] INFO train_mapper: [ 38600/50000] loss=0.6946 clip=0.6604 l2=0.0197 id=0.1852  (4237.4s)
[19:47:15] INFO train_mapper: [ 38800/50000] loss=0.7109 clip=0.6756 l2=0.0294 id=0.1176  (4259.3s)
[19:47:37] INFO train_mapper: [ 39000/50000] loss=0.7174 clip=0.6911 l2=0.0191 id=0.1101  (4281.2s)
[19:47:59] INFO train_mapper: [ 39200/50000] loss=0.7220 clip=0.6820 l2=0.0293 id=0.1668  (4303.2s)
[19:48:21] INFO train_mapper: [ 39400/50000] loss=0.7126 clip=0.6803 l2=0.0194 id=0.1678  (4325.0s)
[19:48:43] INFO train_mapper: [ 39600/50000] loss=0.7004 clip=0.6724 l2=0.0170 id=0.1437  (4346.9s)
[19:49:05] INFO train_mapper: [ 39800/50000] loss=0.7112 clip=0.6699 l2=0.0315 id=0.1618  (4368.8s)
[19:49:27] INFO train_mapper: [ 40000/50000] loss=0.6973 clip=0.6511 l2=0.0281 id=0.2369  (4390.7s)
[19:49:28] INFO train_mapper: saved checkpoint -> checkpoints/mappers/baroque_oil.pt
[19:49:50] INFO train_mapper: [ 40200/50000] loss=0.7167 clip=0.6771 l2=0.0296 id=0.1593  (4413.5s)
[19:50:11] INFO train_mapper: [ 40400/50000] loss=0.6916 clip=0.6576 l2=0.0206 id=0.1757  (4435.4s)
[19:50:33] INFO train_mapper: [ 40600/50000] loss=0.7037 clip=0.6679 l2=0.0259 id=0.1514  (4457.4s)
[19:50:55] INFO train_mapper: [ 40800/50000] loss=0.7082 clip=0.6738 l2=0.0219 id=0.1684  (4479.3s)
[19:51:17] INFO train_mapper: [ 41000/50000] loss=0.6960 clip=0.6674 l2=0.0184 id=0.1397  (4501.1s)
[19:51:39] INFO train_mapper: [ 41200/50000] loss=0.6964 clip=0.6594 l2=0.0259 id=0.1625  (4523.0s)
[19:52:01] INFO train_mapper: [ 41400/50000] loss=0.6944 clip=0.6659 l2=0.0207 id=0.1184  (4544.9s)
[19:52:23] INFO train_mapper: [ 41600/50000] loss=0.6808 clip=0.6520 l2=0.0211 id=0.1184  (4566.8s)
[19:52:45] INFO train_mapper: [ 41800/50000] loss=0.7210 clip=0.6825 l2=0.0280 id=0.1609  (4588.8s)
[19:53:07] INFO train_mapper: [ 42000/50000] loss=0.7104 clip=0.6675 l2=0.0301 id=0.1880  (4610.7s)
[19:53:29] INFO train_mapper: [ 42200/50000] loss=0.7050 clip=0.6582 l2=0.0321 id=0.2114  (4632.6s)
[19:53:51] INFO train_mapper: [ 42400/50000] loss=0.7078 clip=0.6645 l2=0.0287 id=0.2031  (4654.5s)
[19:54:12] INFO train_mapper: [ 42600/50000] loss=0.6971 clip=0.6653 l2=0.0223 id=0.1394  (4676.4s)
[19:54:34] INFO train_mapper: [ 42800/50000] loss=0.7085 clip=0.6740 l2=0.0223 id=0.1670  (4698.3s)
[19:54:56] INFO train_mapper: [ 43000/50000] loss=0.7129 clip=0.6738 l2=0.0305 id=0.1474  (4720.2s)
[19:55:18] INFO train_mapper: [ 43200/50000] loss=0.6875 clip=0.6494 l2=0.0239 id=0.1904  (4742.1s)
[19:55:40] INFO train_mapper: [ 43400/50000] loss=0.6979 clip=0.6650 l2=0.0223 id=0.1515  (4764.1s)
[19:56:02] INFO train_mapper: [ 43600/50000] loss=0.6982 clip=0.6592 l2=0.0232 id=0.2047  (4786.0s)
[19:56:24] INFO train_mapper: [ 43800/50000] loss=0.6877 clip=0.6457 l2=0.0266 id=0.2072  (4807.9s)
[19:56:46] INFO train_mapper: [ 44000/50000] loss=0.6914 clip=0.6614 l2=0.0204 id=0.1365  (4829.8s)
[19:57:08] INFO train_mapper: [ 44200/50000] loss=0.7325 clip=0.6894 l2=0.0314 id=0.1799  (4851.7s)
[19:57:30] INFO train_mapper: [ 44400/50000] loss=0.6847 clip=0.6477 l2=0.0225 id=0.1897  (4873.6s)
[19:57:51] INFO train_mapper: [ 44600/50000] loss=0.7103 clip=0.6573 l2=0.0331 id=0.2654  (4895.5s)
[19:58:13] INFO train_mapper: [ 44800/50000] loss=0.6927 clip=0.6652 l2=0.0172 id=0.1376  (4917.3s)
[19:58:35] INFO train_mapper: [ 45000/50000] loss=0.7013 clip=0.6641 l2=0.0232 id=0.1864  (4939.3s)
[19:58:36] INFO train_mapper: saved checkpoint -> checkpoints/mappers/baroque_oil.pt
[19:58:58] INFO train_mapper: [ 45200/50000] loss=0.7111 clip=0.6688 l2=0.0306 id=0.1786  (4962.1s)
[19:59:20] INFO train_mapper: [ 45400/50000] loss=0.7039 clip=0.6673 l2=0.0219 id=0.1907  (4984.0s)
[19:59:42] INFO train_mapper: [ 45600/50000] loss=0.6898 clip=0.6573 l2=0.0214 id=0.1535  (5006.0s)
[20:00:04] INFO train_mapper: [ 45800/50000] loss=0.7203 clip=0.6783 l2=0.0241 id=0.2280  (5027.9s)
[20:00:26] INFO train_mapper: [ 46000/50000] loss=0.7022 clip=0.6642 l2=0.0206 id=0.2150  (5049.8s)
[20:00:48] INFO train_mapper: [ 46200/50000] loss=0.7162 clip=0.6860 l2=0.0216 id=0.1287  (5071.7s)
[20:01:10] INFO train_mapper: [ 46400/50000] loss=0.6967 clip=0.6630 l2=0.0199 id=0.1778  (5093.8s)
[20:01:32] INFO train_mapper: [ 46600/50000] loss=0.7331 clip=0.6984 l2=0.0228 id=0.1642  (5115.7s)
[20:01:54] INFO train_mapper: [ 46800/50000] loss=0.6982 clip=0.6626 l2=0.0224 id=0.1759  (5137.7s)
[20:02:16] INFO train_mapper: [ 47000/50000] loss=0.6995 clip=0.6654 l2=0.0249 id=0.1418  (5159.6s)
[20:02:38] INFO train_mapper: [ 47200/50000] loss=0.6896 clip=0.6563 l2=0.0223 id=0.1541  (5181.6s)
[20:02:59] INFO train_mapper: [ 47400/50000] loss=0.6946 clip=0.6590 l2=0.0236 id=0.1675  (5203.5s)
[20:03:21] INFO train_mapper: [ 47600/50000] loss=0.7094 clip=0.6694 l2=0.0215 id=0.2272  (5225.4s)
[20:03:43] INFO train_mapper: [ 47800/50000] loss=0.7036 clip=0.6732 l2=0.0208 id=0.1374  (5247.4s)
[20:04:05] INFO train_mapper: [ 48000/50000] loss=0.7116 clip=0.6712 l2=0.0248 id=0.2057  (5269.4s)
[20:04:27] INFO train_mapper: [ 48200/50000] loss=0.7001 clip=0.6705 l2=0.0216 id=0.1229  (5291.2s)
[20:04:49] INFO train_mapper: [ 48400/50000] loss=0.6928 clip=0.6558 l2=0.0224 id=0.1913  (5313.1s)
[20:05:11] INFO train_mapper: [ 48600/50000] loss=0.7173 clip=0.6854 l2=0.0213 id=0.1490  (5335.1s)
[20:05:33] INFO train_mapper: [ 48800/50000] loss=0.6899 clip=0.6506 l2=0.0267 id=0.1791  (5357.0s)
[20:05:55] INFO train_mapper: [ 49000/50000] loss=0.6894 clip=0.6638 l2=0.0165 id=0.1244  (5378.9s)
[20:06:17] INFO train_mapper: [ 49200/50000] loss=0.7078 clip=0.6723 l2=0.0245 id=0.1589  (5400.8s)
[20:06:39] INFO train_mapper: [ 49400/50000] loss=0.7363 clip=0.6994 l2=0.0243 id=0.1739  (5422.7s)
[20:07:01] INFO train_mapper: [ 49600/50000] loss=0.6889 clip=0.6578 l2=0.0204 id=0.1486  (5444.6s)
[20:07:23] INFO train_mapper: [ 49800/50000] loss=0.6970 clip=0.6652 l2=0.0223 id=0.1385  (5466.5s)
[20:07:44] INFO train_mapper: [ 50000/50000] loss=0.6910 clip=0.6610 l2=0.0192 id=0.1469  (5488.4s)
[20:07:45] INFO train_mapper: saved checkpoint -> checkpoints/mappers/baroque_oil.pt
[20:07:45] INFO train_mapper: done.
