[20:07:53] INFO train_mapper: training mapper for: 'a person with crystals growing from the skin'
/home/yangqining/CartoonGan/avatar_studio/avatar_studio/edit/mapper.py:180: UserWarning: Converting a tensor with requires_grad=True to a scalar may lead to unexpected behavior.
Consider using tensor.detach() first. (Triggered internally at /pytorch/torch/csrc/autograd/generated/python_variable_methods.cpp:838.)
  "id":   float(l_id) if isinstance(l_id, torch.Tensor) else l_id}
[20:08:15] INFO train_mapper: [   200/50000] loss=0.7085 clip=0.6543 l2=0.0275 id=0.3217  (22.3s)
[20:08:37] INFO train_mapper: [   400/50000] loss=0.6873 clip=0.6529 l2=0.0204 id=0.1811  (44.1s)
[20:08:59] INFO train_mapper: [   600/50000] loss=0.7319 clip=0.6969 l2=0.0235 id=0.1617  (65.9s)
[20:09:21] INFO train_mapper: [   800/50000] loss=0.6852 clip=0.6332 l2=0.0275 id=0.2994  (87.8s)
[20:09:43] INFO train_mapper: [  1000/50000] loss=0.7513 clip=0.7118 l2=0.0250 id=0.1957  (109.6s)
[20:10:05] INFO train_mapper: [  1200/50000] loss=0.7026 clip=0.6424 l2=0.0321 id=0.3458  (131.5s)
[20:10:27] INFO train_mapper: [  1400/50000] loss=0.6881 clip=0.6432 l2=0.0244 id=0.2532  (153.4s)
[20:10:49] INFO train_mapper: [  1600/50000] loss=0.6935 clip=0.6473 l2=0.0236 id=0.2735  (175.3s)
[20:11:10] INFO train_mapper: [  1800/50000] loss=0.7254 clip=0.6777 l2=0.0250 id=0.2775  (197.2s)
[20:11:32] INFO train_mapper: [  2000/50000] loss=0.7153 clip=0.6545 l2=0.0382 id=0.3026  (219.1s)
[20:11:54] INFO train_mapper: [  2200/50000] loss=0.7041 clip=0.6497 l2=0.0281 id=0.3191  (240.9s)
[20:12:16] INFO train_mapper: [  2400/50000] loss=0.6966 clip=0.6477 l2=0.0277 id=0.2673  (262.8s)
[20:12:38] INFO train_mapper: [  2600/50000] loss=0.7201 clip=0.6718 l2=0.0260 id=0.2751  (284.7s)
[20:13:00] INFO train_mapper: [  2800/50000] loss=0.6691 clip=0.6283 l2=0.0237 id=0.2192  (306.7s)
[20:13:22] INFO train_mapper: [  3000/50000] loss=0.7149 clip=0.6710 l2=0.0293 id=0.2050  (328.6s)
[20:13:44] INFO train_mapper: [  3200/50000] loss=0.7103 clip=0.6500 l2=0.0285 id=0.3746  (350.4s)
[20:14:05] INFO train_mapper: [  3400/50000] loss=0.6852 clip=0.6333 l2=0.0273 id=0.2999  (372.3s)
[20:14:27] INFO train_mapper: [  3600/50000] loss=0.7005 clip=0.6502 l2=0.0288 id=0.2731  (394.2s)
[20:14:49] INFO train_mapper: [  3800/50000] loss=0.7041 clip=0.6581 l2=0.0239 id=0.2687  (416.0s)
[20:15:11] INFO train_mapper: [  4000/50000] loss=0.6895 clip=0.6476 l2=0.0232 id=0.2333  (437.9s)
[20:15:33] INFO train_mapper: [  4200/50000] loss=0.7034 clip=0.6424 l2=0.0373 id=0.3122  (459.6s)
[20:15:55] INFO train_mapper: [  4400/50000] loss=0.7285 clip=0.6724 l2=0.0359 id=0.2746  (481.5s)
[20:16:17] INFO train_mapper: [  4600/50000] loss=0.6781 clip=0.6260 l2=0.0292 id=0.2874  (503.4s)
[20:16:38] INFO train_mapper: [  4800/50000] loss=0.6878 clip=0.6456 l2=0.0279 id=0.1985  (525.2s)
[20:17:00] INFO train_mapper: [  5000/50000] loss=0.6806 clip=0.6278 l2=0.0343 id=0.2535  (547.1s)
[20:17:01] INFO train_mapper: saved checkpoint -> checkpoints/mappers/crystal_skin.pt
[20:17:23] INFO train_mapper: [  5200/50000] loss=0.7060 clip=0.6432 l2=0.0344 id=0.3528  (569.8s)
[20:17:45] INFO train_mapper: [  5400/50000] loss=0.6761 clip=0.6233 l2=0.0283 id=0.3016  (591.6s)
[20:18:07] INFO train_mapper: [  5600/50000] loss=0.6949 clip=0.6469 l2=0.0250 id=0.2805  (613.5s)
[20:18:29] INFO train_mapper: [  5800/50000] loss=0.6794 clip=0.6337 l2=0.0242 id=0.2631  (635.4s)
[20:18:50] INFO train_mapper: [  6000/50000] loss=0.7049 clip=0.6447 l2=0.0315 id=0.3505  (657.2s)
[20:19:12] INFO train_mapper: [  6200/50000] loss=0.6760 clip=0.6214 l2=0.0296 id=0.3086  (679.1s)
[20:19:34] INFO train_mapper: [  6400/50000] loss=0.6799 clip=0.6287 l2=0.0283 id=0.2852  (700.9s)
[20:19:56] INFO train_mapper: [  6600/50000] loss=0.6905 clip=0.6338 l2=0.0313 id=0.3168  (722.8s)
[20:20:18] INFO train_mapper: [  6800/50000] loss=0.6975 clip=0.6372 l2=0.0351 id=0.3222  (744.6s)
[20:20:40] INFO train_mapper: [  7000/50000] loss=0.7077 clip=0.6483 l2=0.0279 id=0.3711  (766.5s)
[20:21:02] INFO train_mapper: [  7200/50000] loss=0.7038 clip=0.6532 l2=0.0329 id=0.2426  (788.4s)
[20:21:23] INFO train_mapper: [  7400/50000] loss=0.6796 clip=0.6310 l2=0.0278 id=0.2631  (810.2s)
[20:21:45] INFO train_mapper: [  7600/50000] loss=0.7109 clip=0.6509 l2=0.0285 id=0.3723  (832.0s)
[20:22:07] INFO train_mapper: [  7800/50000] loss=0.6697 clip=0.6228 l2=0.0296 id=0.2317  (853.8s)
[20:22:29] INFO train_mapper: [  8000/50000] loss=0.6878 clip=0.6366 l2=0.0308 id=0.2659  (875.7s)
[20:22:51] INFO train_mapper: [  8200/50000] loss=0.6943 clip=0.6461 l2=0.0302 id=0.2400  (897.5s)
[20:23:13] INFO train_mapper: [  8400/50000] loss=0.6965 clip=0.6512 l2=0.0292 id=0.2191  (919.3s)
[20:23:34] INFO train_mapper: [  8600/50000] loss=0.6972 clip=0.6442 l2=0.0299 id=0.2912  (941.2s)
[20:23:56] INFO train_mapper: [  8800/50000] loss=0.6897 clip=0.6372 l2=0.0275 id=0.3046  (963.0s)
[20:24:18] INFO train_mapper: [  9000/50000] loss=0.6936 clip=0.6386 l2=0.0287 id=0.3205  (984.8s)
[20:24:40] INFO train_mapper: [  9200/50000] loss=0.6857 clip=0.6446 l2=0.0231 id=0.2265  (1006.6s)
[20:25:02] INFO train_mapper: [  9400/50000] loss=0.6949 clip=0.6398 l2=0.0339 id=0.2809  (1028.5s)
[20:25:23] INFO train_mapper: [  9600/50000] loss=0.7005 clip=0.6464 l2=0.0358 id=0.2545  (1050.2s)
[20:25:45] INFO train_mapper: [  9800/50000] loss=0.6847 clip=0.6321 l2=0.0276 id=0.3054  (1072.0s)
[20:26:07] INFO train_mapper: [ 10000/50000] loss=0.6904 clip=0.6367 l2=0.0292 id=0.3035  (1093.9s)
[20:26:08] INFO train_mapper: saved checkpoint -> checkpoints/mappers/crystal_skin.pt
[20:26:30] INFO train_mapper: [ 10200/50000] loss=0.6966 clip=0.6431 l2=0.0282 id=0.3086  (1116.6s)
[20:26:52] INFO train_mapper: [ 10400/50000] loss=0.6792 clip=0.6251 l2=0.0280 id=0.3171  (1138.4s)
[20:27:13] INFO train_mapper: [ 10600/50000] loss=0.6926 clip=0.6422 l2=0.0299 id=0.2655  (1160.2s)
[20:27:35] INFO train_mapper: [ 10800/50000] loss=0.6675 clip=0.6162 l2=0.0297 id=0.2751  (1181.9s)
[20:27:57] INFO train_mapper: [ 11000/50000] loss=0.7041 clip=0.6521 l2=0.0322 id=0.2623  (1203.8s)
[20:28:19] INFO train_mapper: [ 11200/50000] loss=0.7186 clip=0.6654 l2=0.0354 id=0.2487  (1225.6s)
[20:28:41] INFO train_mapper: [ 11400/50000] loss=0.6880 clip=0.6262 l2=0.0293 id=0.3844  (1247.4s)
[20:29:02] INFO train_mapper: [ 11600/50000] loss=0.6886 clip=0.6327 l2=0.0289 id=0.3279  (1269.3s)
[20:29:24] INFO train_mapper: [ 11800/50000] loss=0.7105 clip=0.6600 l2=0.0278 id=0.2823  (1291.1s)
[20:29:46] INFO train_mapper: [ 12000/50000] loss=0.7340 clip=0.6866 l2=0.0340 id=0.2021  (1312.9s)
[20:30:08] INFO train_mapper: [ 12200/50000] loss=0.6805 clip=0.6331 l2=0.0303 id=0.2322  (1334.7s)
[20:30:30] INFO train_mapper: [ 12400/50000] loss=0.7040 clip=0.6462 l2=0.0303 id=0.3356  (1356.5s)
[20:30:52] INFO train_mapper: [ 12600/50000] loss=0.6781 clip=0.6182 l2=0.0303 id=0.3569  (1378.3s)
[20:31:13] INFO train_mapper: [ 12800/50000] loss=0.6959 clip=0.6446 l2=0.0301 id=0.2725  (1400.2s)
[20:31:35] INFO train_mapper: [ 13000/50000] loss=0.6751 clip=0.6189 l2=0.0276 id=0.3411  (1422.1s)
[20:31:57] INFO train_mapper: [ 13200/50000] loss=0.6896 clip=0.6356 l2=0.0325 id=0.2805  (1443.9s)
[20:32:19] INFO train_mapper: [ 13400/50000] loss=0.6837 clip=0.6367 l2=0.0240 id=0.2776  (1465.7s)
[20:32:41] INFO train_mapper: [ 13600/50000] loss=0.6831 clip=0.6344 l2=0.0261 id=0.2782  (1487.6s)
[20:33:03] INFO train_mapper: [ 13800/50000] loss=0.6859 clip=0.6389 l2=0.0327 id=0.2086  (1509.4s)
[20:33:24] INFO train_mapper: [ 14000/50000] loss=0.7106 clip=0.6530 l2=0.0352 id=0.2941  (1531.2s)
[20:33:46] INFO train_mapper: [ 14200/50000] loss=0.6739 clip=0.6185 l2=0.0340 id=0.2824  (1553.0s)
[20:34:08] INFO train_mapper: [ 14400/50000] loss=0.6891 clip=0.6352 l2=0.0376 id=0.2375  (1574.9s)
[20:34:30] INFO train_mapper: [ 14600/50000] loss=0.6869 clip=0.6432 l2=0.0236 id=0.2489  (1596.7s)
[20:34:52] INFO train_mapper: [ 14800/50000] loss=0.6640 clip=0.6173 l2=0.0283 id=0.2417  (1618.6s)
[20:35:14] INFO train_mapper: [ 15000/50000] loss=0.6748 clip=0.6182 l2=0.0318 id=0.3112  (1640.4s)
[20:35:14] INFO train_mapper: saved checkpoint -> checkpoints/mappers/crystal_skin.pt
[20:35:36] INFO train_mapper: [ 15200/50000] loss=0.7114 clip=0.6674 l2=0.0303 id=0.1973  (1663.0s)
[20:35:58] INFO train_mapper: [ 15400/50000] loss=0.6932 clip=0.6409 l2=0.0298 id=0.2844  (1684.8s)
[20:36:20] INFO train_mapper: [ 15600/50000] loss=0.6899 clip=0.6267 l2=0.0299 id=0.3930  (1706.6s)
[20:36:42] INFO train_mapper: [ 15800/50000] loss=0.6759 clip=0.6267 l2=0.0312 id=0.2435  (1728.5s)
[20:37:04] INFO train_mapper: [ 16000/50000] loss=0.6833 clip=0.6259 l2=0.0326 id=0.3129  (1750.4s)
[20:37:25] INFO train_mapper: [ 16200/50000] loss=0.7055 clip=0.6578 l2=0.0285 id=0.2490  (1772.2s)
[20:37:47] INFO train_mapper: [ 16400/50000] loss=0.6829 clip=0.6350 l2=0.0269 id=0.2636  (1794.0s)
[20:38:09] INFO train_mapper: [ 16600/50000] loss=0.7115 clip=0.6540 l2=0.0326 id=0.3145  (1815.8s)
[20:38:31] INFO train_mapper: [ 16800/50000] loss=0.6800 clip=0.6284 l2=0.0272 id=0.2983  (1837.7s)
[20:38:53] INFO train_mapper: [ 17000/50000] loss=0.6970 clip=0.6548 l2=0.0297 id=0.1843  (1859.5s)
[20:39:14] INFO train_mapper: [ 17200/50000] loss=0.6894 clip=0.6307 l2=0.0309 id=0.3395  (1881.3s)
[20:39:36] INFO train_mapper: [ 17400/50000] loss=0.6825 clip=0.6390 l2=0.0281 id=0.2103  (1903.1s)
[20:39:58] INFO train_mapper: [ 17600/50000] loss=0.6877 clip=0.6317 l2=0.0291 id=0.3276  (1925.0s)
[20:40:20] INFO train_mapper: [ 17800/50000] loss=0.6777 clip=0.6180 l2=0.0341 id=0.3240  (1946.8s)
[20:40:42] INFO train_mapper: [ 18000/50000] loss=0.6768 clip=0.6139 l2=0.0330 id=0.3647  (1968.6s)
[20:41:04] INFO train_mapper: [ 18200/50000] loss=0.6705 clip=0.6183 l2=0.0293 id=0.2880  (1990.4s)
[20:41:25] INFO train_mapper: [ 18400/50000] loss=0.6935 clip=0.6439 l2=0.0340 id=0.2238  (2012.3s)
[20:41:47] INFO train_mapper: [ 18600/50000] loss=0.6883 clip=0.6394 l2=0.0341 id=0.2167  (2034.1s)
[20:42:09] INFO train_mapper: [ 18800/50000] loss=0.6912 clip=0.6412 l2=0.0289 id=0.2682  (2055.9s)
[20:42:31] INFO train_mapper: [ 19000/50000] loss=0.6728 clip=0.6250 l2=0.0240 id=0.2858  (2077.8s)
[20:42:53] INFO train_mapper: [ 19200/50000] loss=0.6766 clip=0.6276 l2=0.0282 id=0.2638  (2099.7s)
[20:43:15] INFO train_mapper: [ 19400/50000] loss=0.6877 clip=0.6477 l2=0.0258 id=0.1938  (2121.5s)
[20:43:37] INFO train_mapper: [ 19600/50000] loss=0.7204 clip=0.6677 l2=0.0310 id=0.2787  (2143.4s)
[20:43:58] INFO train_mapper: [ 19800/50000] loss=0.6893 clip=0.6384 l2=0.0344 id=0.2344  (2165.2s)
[20:44:20] INFO train_mapper: [ 20000/50000] loss=0.6912 clip=0.6389 l2=0.0326 id=0.2620  (2187.1s)
[20:44:21] INFO train_mapper: saved checkpoint -> checkpoints/mappers/crystal_skin.pt
[20:44:43] INFO train_mapper: [ 20200/50000] loss=0.6718 clip=0.6000 l2=0.0336 id=0.4483  (2210.0s)
[20:45:05] INFO train_mapper: [ 20400/50000] loss=0.6922 clip=0.6171 l2=0.0536 id=0.3217  (2231.8s)
[20:45:27] INFO train_mapper: [ 20600/50000] loss=0.7066 clip=0.6475 l2=0.0349 id=0.3119  (2253.7s)
[20:45:49] INFO train_mapper: [ 20800/50000] loss=0.6978 clip=0.6360 l2=0.0345 id=0.3421  (2275.6s)
[20:46:11] INFO train_mapper: [ 21000/50000] loss=0.6841 clip=0.6364 l2=0.0295 id=0.2407  (2297.4s)
[20:46:32] INFO train_mapper: [ 21200/50000] loss=0.6797 clip=0.6244 l2=0.0337 id=0.2832  (2319.2s)
[20:46:54] INFO train_mapper: [ 21400/50000] loss=0.6845 clip=0.6269 l2=0.0321 id=0.3188  (2341.1s)
[20:47:16] INFO train_mapper: [ 21600/50000] loss=0.6730 clip=0.6263 l2=0.0250 id=0.2670  (2363.0s)
[20:47:38] INFO train_mapper: [ 21800/50000] loss=0.6803 clip=0.6205 l2=0.0329 id=0.3353  (2384.8s)
[20:48:00] INFO train_mapper: [ 22000/50000] loss=0.6750 clip=0.6204 l2=0.0303 id=0.3040  (2406.6s)
[20:48:22] INFO train_mapper: [ 22200/50000] loss=0.6855 clip=0.6308 l2=0.0376 id=0.2468  (2428.4s)
[20:48:43] INFO train_mapper: [ 22400/50000] loss=0.6948 clip=0.6236 l2=0.0412 id=0.3826  (2450.2s)
[20:49:05] INFO train_mapper: [ 22600/50000] loss=0.6957 clip=0.6418 l2=0.0341 id=0.2660  (2472.0s)
[20:49:27] INFO train_mapper: [ 22800/50000] loss=0.7100 clip=0.6583 l2=0.0329 id=0.2535  (2493.9s)
[20:49:49] INFO train_mapper: [ 23000/50000] loss=0.6916 clip=0.6446 l2=0.0281 id=0.2447  (2515.7s)
[20:50:11] INFO train_mapper: [ 23200/50000] loss=0.6686 clip=0.6154 l2=0.0341 id=0.2598  (2537.5s)
[20:50:33] INFO train_mapper: [ 23400/50000] loss=0.6875 clip=0.6329 l2=0.0316 id=0.2930  (2559.4s)
[20:50:54] INFO train_mapper: [ 23600/50000] loss=0.6806 clip=0.6241 l2=0.0312 id=0.3154  (2581.2s)
[20:51:16] INFO train_mapper: [ 23800/50000] loss=0.6681 clip=0.6221 l2=0.0279 id=0.2363  (2603.0s)
[20:51:38] INFO train_mapper: [ 24000/50000] loss=0.6861 clip=0.6311 l2=0.0312 id=0.3010  (2624.8s)
[20:52:00] INFO train_mapper: [ 24200/50000] loss=0.6955 clip=0.6350 l2=0.0378 id=0.3032  (2646.6s)
[20:52:22] INFO train_mapper: [ 24400/50000] loss=0.6705 clip=0.6183 l2=0.0310 id=0.2735  (2668.4s)
[20:52:44] INFO train_mapper: [ 24600/50000] loss=0.6908 clip=0.6431 l2=0.0261 id=0.2686  (2690.3s)
[20:53:05] INFO train_mapper: [ 24800/50000] loss=0.6810 clip=0.6314 l2=0.0282 id=0.2708  (2712.2s)
[20:53:27] INFO train_mapper: [ 25000/50000] loss=0.6998 clip=0.6352 l2=0.0303 id=0.4031  (2734.0s)
[20:53:28] INFO train_mapper: saved checkpoint -> checkpoints/mappers/crystal_skin.pt
[20:53:50] INFO train_mapper: [ 25200/50000] loss=0.6880 clip=0.6363 l2=0.0321 id=0.2605  (2756.7s)
[20:54:12] INFO train_mapper: [ 25400/50000] loss=0.6732 clip=0.6241 l2=0.0320 id=0.2357  (2778.5s)
[20:54:34] INFO train_mapper: [ 25600/50000] loss=0.6889 clip=0.6294 l2=0.0313 id=0.3448  (2800.3s)
[20:54:55] INFO train_mapper: [ 25800/50000] loss=0.6802 clip=0.6222 l2=0.0309 id=0.3336  (2822.1s)
[20:55:17] INFO train_mapper: [ 26000/50000] loss=0.6673 clip=0.6071 l2=0.0396 id=0.2852  (2844.0s)
[20:55:39] INFO train_mapper: [ 26200/50000] loss=0.6804 clip=0.6177 l2=0.0355 id=0.3437  (2865.9s)
[20:56:01] INFO train_mapper: [ 26400/50000] loss=0.6766 clip=0.6289 l2=0.0308 id=0.2307  (2887.7s)
[20:56:23] INFO train_mapper: [ 26600/50000] loss=0.6821 clip=0.6359 l2=0.0247 id=0.2646  (2909.5s)
[20:56:45] INFO train_mapper: [ 26800/50000] loss=0.6746 clip=0.6288 l2=0.0285 id=0.2298  (2931.4s)
[20:57:06] INFO train_mapper: [ 27000/50000] loss=0.6813 clip=0.6237 l2=0.0369 id=0.2810  (2953.2s)
[20:57:28] INFO train_mapper: [ 27200/50000] loss=0.6743 clip=0.6296 l2=0.0290 id=0.2146  (2975.1s)
[20:57:50] INFO train_mapper: [ 27400/50000] loss=0.7147 clip=0.6418 l2=0.0385 id=0.4214  (2997.1s)
[20:58:12] INFO train_mapper: [ 27600/50000] loss=0.6827 clip=0.6282 l2=0.0312 id=0.2954  (3018.9s)
[20:58:34] INFO train_mapper: [ 27800/50000] loss=0.6865 clip=0.6391 l2=0.0268 id=0.2601  (3040.8s)
[20:58:56] INFO train_mapper: [ 28000/50000] loss=0.6958 clip=0.6420 l2=0.0322 id=0.2802  (3062.7s)
[20:59:18] INFO train_mapper: [ 28200/50000] loss=0.6953 clip=0.6319 l2=0.0339 id=0.3627  (3084.5s)
[20:59:40] INFO train_mapper: [ 28400/50000] loss=0.6823 clip=0.6200 l2=0.0337 id=0.3530  (3106.3s)
[21:00:01] INFO train_mapper: [ 28600/50000] loss=0.6810 clip=0.6251 l2=0.0305 id=0.3142  (3128.2s)
[21:00:23] INFO train_mapper: [ 28800/50000] loss=0.6698 clip=0.6234 l2=0.0282 id=0.2391  (3150.0s)
[21:00:45] INFO train_mapper: [ 29000/50000] loss=0.6842 clip=0.6280 l2=0.0343 id=0.2874  (3171.9s)
[21:01:07] INFO train_mapper: [ 29200/50000] loss=0.6973 clip=0.6210 l2=0.0375 id=0.4632  (3193.8s)
[21:01:29] INFO train_mapper: [ 29400/50000] loss=0.6927 clip=0.6501 l2=0.0271 id=0.2089  (3215.7s)
[21:01:51] INFO train_mapper: [ 29600/50000] loss=0.7141 clip=0.6508 l2=0.0325 id=0.3733  (3237.5s)
[21:02:13] INFO train_mapper: [ 29800/50000] loss=0.6672 clip=0.6225 l2=0.0249 id=0.2473  (3259.4s)
[21:02:34] INFO train_mapper: [ 30000/50000] loss=0.6760 clip=0.6207 l2=0.0319 id=0.2975  (3281.3s)
[21:02:35] INFO train_mapper: saved checkpoint -> checkpoints/mappers/crystal_skin.pt
[21:02:57] INFO train_mapper: [ 30200/50000] loss=0.7016 clip=0.6329 l2=0.0382 id=0.3812  (3304.0s)
[21:03:19] INFO train_mapper: [ 30400/50000] loss=0.6760 clip=0.6238 l2=0.0328 id=0.2603  (3326.0s)
[21:03:41] INFO train_mapper: [ 30600/50000] loss=0.6742 clip=0.6171 l2=0.0300 id=0.3303  (3347.8s)
[21:04:03] INFO train_mapper: [ 30800/50000] loss=0.6883 clip=0.6336 l2=0.0315 id=0.2952  (3369.6s)
[21:04:25] INFO train_mapper: [ 31000/50000] loss=0.6805 clip=0.6241 l2=0.0336 id=0.2952  (3391.5s)
[21:04:47] INFO train_mapper: [ 31200/50000] loss=0.6618 clip=0.5997 l2=0.0419 id=0.2858  (3413.3s)
[21:05:08] INFO train_mapper: [ 31400/50000] loss=0.6844 clip=0.6229 l2=0.0348 id=0.3362  (3435.2s)
[21:05:30] INFO train_mapper: [ 31600/50000] loss=0.6750 clip=0.6181 l2=0.0332 id=0.3032  (3457.0s)
[21:05:52] INFO train_mapper: [ 31800/50000] loss=0.6992 clip=0.6385 l2=0.0360 id=0.3190  (3479.0s)
[21:06:14] INFO train_mapper: [ 32000/50000] loss=0.6881 clip=0.6234 l2=0.0416 id=0.3147  (3500.8s)
[21:06:36] INFO train_mapper: [ 32200/50000] loss=0.6903 clip=0.6404 l2=0.0342 id=0.2245  (3522.6s)
[21:06:58] INFO train_mapper: [ 32400/50000] loss=0.7216 clip=0.6679 l2=0.0365 id=0.2448  (3544.4s)
[21:07:19] INFO train_mapper: [ 32600/50000] loss=0.6828 clip=0.6197 l2=0.0312 id=0.3810  (3566.2s)
[21:07:41] INFO train_mapper: [ 32800/50000] loss=0.6715 clip=0.6212 l2=0.0322 id=0.2454  (3588.0s)
[21:08:03] INFO train_mapper: [ 33000/50000] loss=0.6708 clip=0.6171 l2=0.0297 id=0.2997  (3609.8s)
[21:08:25] INFO train_mapper: [ 33200/50000] loss=0.6856 clip=0.6449 l2=0.0262 id=0.1979  (3631.6s)
[21:08:47] INFO train_mapper: [ 33400/50000] loss=0.6754 clip=0.6173 l2=0.0301 id=0.3399  (3653.5s)
[21:09:09] INFO train_mapper: [ 33600/50000] loss=0.6922 clip=0.6539 l2=0.0247 id=0.1852  (3675.3s)
[21:09:30] INFO train_mapper: [ 33800/50000] loss=0.6850 clip=0.6278 l2=0.0289 id=0.3409  (3697.1s)
[21:09:52] INFO train_mapper: [ 34000/50000] loss=0.6798 clip=0.6262 l2=0.0338 id=0.2655  (3718.9s)
[21:10:14] INFO train_mapper: [ 34200/50000] loss=0.7025 clip=0.6364 l2=0.0407 id=0.3358  (3740.7s)
[21:10:36] INFO train_mapper: [ 34400/50000] loss=0.6770 clip=0.6200 l2=0.0324 id=0.3114  (3762.6s)
[21:10:58] INFO train_mapper: [ 34600/50000] loss=0.7011 clip=0.6439 l2=0.0291 id=0.3395  (3784.4s)
[21:11:20] INFO train_mapper: [ 34800/50000] loss=0.6699 clip=0.6194 l2=0.0324 id=0.2455  (3806.3s)
[21:11:41] INFO train_mapper: [ 35000/50000] loss=0.6757 clip=0.6276 l2=0.0331 id=0.2157  (3828.2s)
[21:11:42] INFO train_mapper: saved checkpoint -> checkpoints/mappers/crystal_skin.pt
[21:12:04] INFO train_mapper: [ 35200/50000] loss=0.6869 clip=0.6138 l2=0.0428 id=0.3880  (3850.9s)
[21:12:26] INFO train_mapper: [ 35400/50000] loss=0.7212 clip=0.6568 l2=0.0379 id=0.3411  (3872.7s)
[21:12:48] INFO train_mapper: [ 35600/50000] loss=0.6749 clip=0.6235 l2=0.0340 id=0.2421  (3894.5s)
[21:13:10] INFO train_mapper: [ 35800/50000] loss=0.6872 clip=0.6244 l2=0.0408 id=0.3011  (3916.4s)
[21:13:31] INFO train_mapper: [ 36000/50000] loss=0.6858 clip=0.6266 l2=0.0340 id=0.3204  (3938.2s)
[21:13:53] INFO train_mapper: [ 36200/50000] loss=0.6966 clip=0.6433 l2=0.0335 id=0.2646  (3960.1s)
[21:14:15] INFO train_mapper: [ 36400/50000] loss=0.7300 clip=0.6879 l2=0.0335 id=0.1522  (3982.0s)
[21:14:37] INFO train_mapper: [ 36600/50000] loss=0.6867 clip=0.6383 l2=0.0295 id=0.2477  (4003.8s)
[21:14:59] INFO train_mapper: [ 36800/50000] loss=0.6863 clip=0.6272 l2=0.0342 id=0.3174  (4025.7s)
[21:15:21] INFO train_mapper: [ 37000/50000] loss=0.7050 clip=0.6435 l2=0.0404 id=0.2912  (4047.5s)
[21:15:42] INFO train_mapper: [ 37200/50000] loss=0.6833 clip=0.6352 l2=0.0325 id=0.2201  (4069.2s)
[21:16:04] INFO train_mapper: [ 37400/50000] loss=0.6682 clip=0.6125 l2=0.0319 id=0.3019  (4091.1s)
[21:16:26] INFO train_mapper: [ 37600/50000] loss=0.6767 clip=0.6188 l2=0.0302 id=0.3370  (4113.0s)
[21:16:48] INFO train_mapper: [ 37800/50000] loss=0.6686 clip=0.6197 l2=0.0291 id=0.2558  (4134.8s)
[21:17:10] INFO train_mapper: [ 38000/50000] loss=0.6911 clip=0.6392 l2=0.0333 id=0.2530  (4156.6s)
[21:17:32] INFO train_mapper: [ 38200/50000] loss=0.6932 clip=0.6358 l2=0.0324 id=0.3151  (4178.5s)
[21:17:54] INFO train_mapper: [ 38400/50000] loss=0.6658 clip=0.6181 l2=0.0270 id=0.2613  (4200.3s)
[21:18:15] INFO train_mapper: [ 38600/50000] loss=0.6810 clip=0.6246 l2=0.0325 id=0.3049  (4222.2s)
[21:18:37] INFO train_mapper: [ 38800/50000] loss=0.7384 clip=0.6314 l2=0.0761 id=0.4619  (4244.0s)
[21:18:59] INFO train_mapper: [ 39000/50000] loss=0.6682 clip=0.6170 l2=0.0317 id=0.2577  (4265.9s)
[21:19:21] INFO train_mapper: [ 39200/50000] loss=0.7031 clip=0.6621 l2=0.0289 id=0.1790  (4287.8s)
[21:19:43] INFO train_mapper: [ 39400/50000] loss=0.6893 clip=0.6412 l2=0.0270 id=0.2644  (4309.7s)
[21:20:05] INFO train_mapper: [ 39600/50000] loss=0.7119 clip=0.6581 l2=0.0294 id=0.3027  (4331.6s)
[21:20:27] INFO train_mapper: [ 39800/50000] loss=0.6714 clip=0.6199 l2=0.0317 id=0.2616  (4353.4s)
[21:20:48] INFO train_mapper: [ 40000/50000] loss=0.7120 clip=0.6542 l2=0.0335 id=0.3098  (4375.3s)
[21:20:49] INFO train_mapper: saved checkpoint -> checkpoints/mappers/crystal_skin.pt
[21:21:11] INFO train_mapper: [ 40200/50000] loss=0.6831 clip=0.6205 l2=0.0343 id=0.3523  (4398.0s)
[21:21:33] INFO train_mapper: [ 40400/50000] loss=0.6671 clip=0.6136 l2=0.0344 id=0.2611  (4419.9s)
[21:21:55] INFO train_mapper: [ 40600/50000] loss=0.6838 clip=0.6297 l2=0.0315 id=0.2889  (4441.8s)
[21:22:17] INFO train_mapper: [ 40800/50000] loss=0.7091 clip=0.6577 l2=0.0291 id=0.2808  (4463.7s)
[21:22:39] INFO train_mapper: [ 41000/50000] loss=0.6907 clip=0.6463 l2=0.0293 id=0.2094  (4485.5s)
[21:23:01] INFO train_mapper: [ 41200/50000] loss=0.6828 clip=0.6297 l2=0.0290 id=0.2985  (4507.4s)
[21:23:22] INFO train_mapper: [ 41400/50000] loss=0.6912 clip=0.6184 l2=0.0421 id=0.3910  (4529.2s)
[21:23:44] INFO train_mapper: [ 41600/50000] loss=0.6792 clip=0.6180 l2=0.0289 id=0.3807  (4551.1s)
[21:24:06] INFO train_mapper: [ 41800/50000] loss=0.6778 clip=0.6249 l2=0.0296 id=0.2923  (4572.9s)
[21:24:28] INFO train_mapper: [ 42000/50000] loss=0.7070 clip=0.6490 l2=0.0366 id=0.2863  (4594.8s)
[21:24:50] INFO train_mapper: [ 42200/50000] loss=0.6965 clip=0.6363 l2=0.0344 id=0.3267  (4616.7s)
[21:25:12] INFO train_mapper: [ 42400/50000] loss=0.6780 clip=0.6274 l2=0.0256 id=0.3010  (4638.5s)
[21:25:34] INFO train_mapper: [ 42600/50000] loss=0.6784 clip=0.6173 l2=0.0356 id=0.3270  (4660.3s)
[21:25:55] INFO train_mapper: [ 42800/50000] loss=0.6730 clip=0.6255 l2=0.0299 id=0.2355  (4682.1s)
[21:26:17] INFO train_mapper: [ 43000/50000] loss=0.6857 clip=0.6221 l2=0.0371 id=0.3389  (4704.0s)
[21:26:39] INFO train_mapper: [ 43200/50000] loss=0.6776 clip=0.6273 l2=0.0334 id=0.2360  (4725.8s)
[21:27:01] INFO train_mapper: [ 43400/50000] loss=0.6732 clip=0.6176 l2=0.0309 id=0.3090  (4747.7s)
[21:27:23] INFO train_mapper: [ 43600/50000] loss=0.6677 clip=0.6225 l2=0.0302 id=0.2104  (4769.5s)
[21:27:45] INFO train_mapper: [ 43800/50000] loss=0.6903 clip=0.6200 l2=0.0352 id=0.4209  (4791.3s)
[21:28:06] INFO train_mapper: [ 44000/50000] loss=0.7141 clip=0.6486 l2=0.0325 id=0.3951  (4813.1s)
[21:28:28] INFO train_mapper: [ 44200/50000] loss=0.6796 clip=0.6200 l2=0.0355 id=0.3118  (4835.0s)
[21:28:50] INFO train_mapper: [ 44400/50000] loss=0.7203 clip=0.6529 l2=0.0344 id=0.3988  (4856.8s)
[21:29:12] INFO train_mapper: [ 44600/50000] loss=0.6744 clip=0.6308 l2=0.0308 id=0.1896  (4878.6s)
[21:29:34] INFO train_mapper: [ 44800/50000] loss=0.7080 clip=0.6581 l2=0.0319 id=0.2437  (4900.4s)
[21:29:56] INFO train_mapper: [ 45000/50000] loss=0.6888 clip=0.6326 l2=0.0310 id=0.3136  (4922.3s)
[21:29:56] INFO train_mapper: saved checkpoint -> checkpoints/mappers/crystal_skin.pt
[21:30:18] INFO train_mapper: [ 45200/50000] loss=0.6659 clip=0.6206 l2=0.0283 id=0.2268  (4945.0s)
[21:30:40] INFO train_mapper: [ 45400/50000] loss=0.6740 clip=0.6189 l2=0.0307 id=0.3050  (4966.9s)
[21:31:02] INFO train_mapper: [ 45600/50000] loss=0.6959 clip=0.6406 l2=0.0378 id=0.2512  (4988.7s)
[21:31:24] INFO train_mapper: [ 45800/50000] loss=0.7080 clip=0.6566 l2=0.0315 id=0.2615  (5010.4s)
[21:31:45] INFO train_mapper: [ 46000/50000] loss=0.6909 clip=0.6385 l2=0.0331 id=0.2584  (5032.2s)
[21:32:07] INFO train_mapper: [ 46200/50000] loss=0.6749 clip=0.6075 l2=0.0344 id=0.3997  (5054.0s)
[21:32:29] INFO train_mapper: [ 46400/50000] loss=0.6864 clip=0.6347 l2=0.0308 id=0.2700  (5075.9s)
[21:32:51] INFO train_mapper: [ 46600/50000] loss=0.6767 clip=0.6209 l2=0.0326 id=0.2970  (5097.8s)
[21:33:13] INFO train_mapper: [ 46800/50000] loss=0.6846 clip=0.6290 l2=0.0294 id=0.3216  (5119.6s)
[21:33:35] INFO train_mapper: [ 47000/50000] loss=0.6849 clip=0.6178 l2=0.0323 id=0.4125  (5141.4s)
[21:33:57] INFO train_mapper: [ 47200/50000] loss=0.6710 clip=0.6143 l2=0.0320 id=0.3111  (5163.3s)
[21:34:18] INFO train_mapper: [ 47400/50000] loss=0.6747 clip=0.6180 l2=0.0306 id=0.3220  (5185.1s)
[21:34:40] INFO train_mapper: [ 47600/50000] loss=0.6702 clip=0.6200 l2=0.0291 id=0.2694  (5207.0s)
[21:35:02] INFO train_mapper: [ 47800/50000] loss=0.6925 clip=0.6360 l2=0.0356 id=0.2799  (5228.9s)
[21:35:24] INFO train_mapper: [ 48000/50000] loss=0.6839 clip=0.6433 l2=0.0264 id=0.1940  (5250.8s)
[21:35:46] INFO train_mapper: [ 48200/50000] loss=0.6952 clip=0.6425 l2=0.0376 id=0.2263  (5272.6s)
[21:36:08] INFO train_mapper: [ 48400/50000] loss=0.6923 clip=0.6366 l2=0.0337 id=0.2873  (5294.5s)
[21:36:30] INFO train_mapper: [ 48600/50000] loss=0.6786 clip=0.6381 l2=0.0257 id=0.1991  (5316.3s)
[21:36:51] INFO train_mapper: [ 48800/50000] loss=0.6628 clip=0.6207 l2=0.0304 id=0.1779  (5338.2s)
[21:37:13] INFO train_mapper: [ 49000/50000] loss=0.6793 clip=0.6274 l2=0.0348 id=0.2411  (5360.1s)
[21:37:35] INFO train_mapper: [ 49200/50000] loss=0.6792 clip=0.6228 l2=0.0295 id=0.3283  (5382.0s)
[21:37:57] INFO train_mapper: [ 49400/50000] loss=0.6801 clip=0.6145 l2=0.0386 id=0.3479  (5403.9s)
[21:38:19] INFO train_mapper: [ 49600/50000] loss=0.6879 clip=0.6405 l2=0.0301 id=0.2333  (5425.7s)
[21:38:41] INFO train_mapper: [ 49800/50000] loss=0.6778 clip=0.6190 l2=0.0310 id=0.3400  (5447.6s)
[21:39:03] INFO train_mapper: [ 50000/50000] loss=0.7018 clip=0.6332 l2=0.0393 id=0.3711  (5469.4s)
[21:39:04] INFO train_mapper: saved checkpoint -> checkpoints/mappers/crystal_skin.pt
[21:39:04] INFO train_mapper: done.
