[16:59:15] INFO train_mapper: training mapper for: 'a person with cyberpunk neon face tattoos'
/home/yangqining/CartoonGan/avatar_studio/avatar_studio/edit/mapper.py:180: UserWarning: Converting a tensor with requires_grad=True to a scalar may lead to unexpected behavior.
Consider using tensor.detach() first. (Triggered internally at /pytorch/torch/csrc/autograd/generated/python_variable_methods.cpp:838.)
  "id":   float(l_id) if isinstance(l_id, torch.Tensor) else l_id}
[16:59:37] INFO train_mapper: [   200/50000] loss=0.7567 clip=0.6826 l2=0.0390 id=0.4288  (22.9s)
[17:00:00] INFO train_mapper: [   400/50000] loss=0.7335 clip=0.6828 l2=0.0346 id=0.2303  (45.3s)
[17:00:22] INFO train_mapper: [   600/50000] loss=0.7238 clip=0.6822 l2=0.0227 id=0.2338  (67.8s)
[17:00:45] INFO train_mapper: [   800/50000] loss=0.7140 clip=0.6666 l2=0.0328 id=0.2114  (90.3s)
[17:01:07] INFO train_mapper: [  1000/50000] loss=0.7150 clip=0.6694 l2=0.0285 id=0.2278  (112.9s)
[17:01:30] INFO train_mapper: [  1200/50000] loss=0.6940 clip=0.6369 l2=0.0308 id=0.3244  (135.4s)
[17:01:53] INFO train_mapper: [  1400/50000] loss=0.7036 clip=0.6586 l2=0.0267 id=0.2368  (158.1s)
[17:02:15] INFO train_mapper: [  1600/50000] loss=0.7076 clip=0.6438 l2=0.0338 id=0.3674  (180.8s)
[17:02:38] INFO train_mapper: [  1800/50000] loss=0.7478 clip=0.6714 l2=0.0458 id=0.3970  (203.4s)
[17:03:01] INFO train_mapper: [  2000/50000] loss=0.7307 clip=0.6652 l2=0.0495 id=0.2592  (226.0s)
[17:03:23] INFO train_mapper: [  2200/50000] loss=0.6737 clip=0.6280 l2=0.0293 id=0.2226  (248.6s)
[17:03:46] INFO train_mapper: [  2400/50000] loss=0.6925 clip=0.6163 l2=0.0438 id=0.4119  (271.3s)
[17:04:09] INFO train_mapper: [  2600/50000] loss=0.7190 clip=0.6565 l2=0.0473 id=0.2468  (293.9s)
[17:04:31] INFO train_mapper: [  2800/50000] loss=0.6793 clip=0.6056 l2=0.0520 id=0.3210  (316.6s)
[17:04:54] INFO train_mapper: [  3000/50000] loss=0.7040 clip=0.6393 l2=0.0454 id=0.2835  (339.3s)
[17:05:17] INFO train_mapper: [  3200/50000] loss=0.7015 clip=0.6288 l2=0.0457 id=0.3612  (362.0s)
[17:05:39] INFO train_mapper: [  3400/50000] loss=0.7033 clip=0.6128 l2=0.0613 id=0.4145  (384.6s)
[17:06:02] INFO train_mapper: [  3600/50000] loss=0.7005 clip=0.6166 l2=0.0466 id=0.4661  (407.3s)
[17:06:25] INFO train_mapper: [  3800/50000] loss=0.7538 clip=0.6855 l2=0.0472 id=0.3059  (430.0s)
[17:06:47] INFO train_mapper: [  4000/50000] loss=0.6737 clip=0.6104 l2=0.0386 id=0.3242  (452.7s)
[17:07:10] INFO train_mapper: [  4200/50000] loss=0.6767 clip=0.6202 l2=0.0352 id=0.2828  (475.5s)
[17:07:33] INFO train_mapper: [  4400/50000] loss=0.7015 clip=0.6343 l2=0.0501 id=0.2709  (498.2s)
[17:07:56] INFO train_mapper: [  4600/50000] loss=0.6854 clip=0.6238 l2=0.0434 id=0.2680  (520.9s)
[17:08:18] INFO train_mapper: [  4800/50000] loss=0.6835 clip=0.6070 l2=0.0471 id=0.3871  (543.6s)
[17:08:41] INFO train_mapper: [  5000/50000] loss=0.7084 clip=0.6444 l2=0.0358 id=0.3540  (566.4s)
[17:08:42] INFO train_mapper: saved checkpoint -> checkpoints/mappers/cyber_tattoo.pt
[17:09:05] INFO train_mapper: [  5200/50000] loss=0.6673 clip=0.6001 l2=0.0462 id=0.3029  (589.9s)
[17:09:27] INFO train_mapper: [  5400/50000] loss=0.6660 clip=0.6073 l2=0.0380 id=0.2826  (612.6s)
[17:09:50] INFO train_mapper: [  5600/50000] loss=0.6839 clip=0.6110 l2=0.0450 id=0.3688  (635.5s)
[17:10:13] INFO train_mapper: [  5800/50000] loss=0.6808 clip=0.6220 l2=0.0357 id=0.3021  (658.2s)
[17:10:36] INFO train_mapper: [  6000/50000] loss=0.6981 clip=0.6311 l2=0.0336 id=0.4009  (680.9s)
[17:10:58] INFO train_mapper: [  6200/50000] loss=0.6981 clip=0.6181 l2=0.0491 id=0.4071  (703.6s)
[17:11:21] INFO train_mapper: [  6400/50000] loss=0.6975 clip=0.6098 l2=0.0592 id=0.4026  (726.3s)
[17:11:44] INFO train_mapper: [  6600/50000] loss=0.6662 clip=0.5958 l2=0.0422 id=0.3662  (749.1s)
[17:12:06] INFO train_mapper: [  6800/50000] loss=0.6850 clip=0.6132 l2=0.0504 id=0.3153  (771.7s)
[17:12:29] INFO train_mapper: [  7000/50000] loss=0.6975 clip=0.6299 l2=0.0441 id=0.3235  (794.4s)
[17:12:52] INFO train_mapper: [  7200/50000] loss=0.6714 clip=0.6068 l2=0.0444 id=0.2903  (817.2s)
[17:13:14] INFO train_mapper: [  7400/50000] loss=0.7074 clip=0.6383 l2=0.0434 id=0.3430  (839.8s)
[17:13:37] INFO train_mapper: [  7600/50000] loss=0.6821 clip=0.6285 l2=0.0335 id=0.2677  (862.5s)
[17:14:00] INFO train_mapper: [  7800/50000] loss=0.6868 clip=0.6277 l2=0.0432 id=0.2448  (885.2s)
[17:14:23] INFO train_mapper: [  8000/50000] loss=0.7187 clip=0.6247 l2=0.0656 id=0.4149  (907.9s)
[17:14:45] INFO train_mapper: [  8200/50000] loss=0.7162 clip=0.6374 l2=0.0544 id=0.3535  (930.6s)
[17:15:08] INFO train_mapper: [  8400/50000] loss=0.6592 clip=0.5875 l2=0.0457 id=0.3517  (953.4s)
[17:15:31] INFO train_mapper: [  8600/50000] loss=0.6862 clip=0.6220 l2=0.0389 id=0.3311  (976.2s)
[17:15:53] INFO train_mapper: [  8800/50000] loss=0.6946 clip=0.6348 l2=0.0383 id=0.2925  (998.8s)
[17:16:16] INFO train_mapper: [  9000/50000] loss=0.6996 clip=0.6379 l2=0.0398 id=0.2994  (1021.5s)
[17:16:39] INFO train_mapper: [  9200/50000] loss=0.6717 clip=0.6143 l2=0.0401 id=0.2524  (1044.2s)
[17:17:01] INFO train_mapper: [  9400/50000] loss=0.6882 clip=0.6288 l2=0.0428 id=0.2521  (1066.8s)
[17:17:24] INFO train_mapper: [  9600/50000] loss=0.6740 clip=0.6101 l2=0.0431 id=0.2951  (1089.5s)
[17:17:47] INFO train_mapper: [  9800/50000] loss=0.6896 clip=0.6171 l2=0.0570 id=0.2688  (1112.1s)
[17:18:10] INFO train_mapper: [ 10000/50000] loss=0.7070 clip=0.6305 l2=0.0562 id=0.3154  (1134.9s)
[17:18:10] INFO train_mapper: saved checkpoint -> checkpoints/mappers/cyber_tattoo.pt
[17:18:33] INFO train_mapper: [ 10200/50000] loss=0.6993 clip=0.6411 l2=0.0407 id=0.2563  (1158.5s)
[17:18:56] INFO train_mapper: [ 10400/50000] loss=0.6735 clip=0.6176 l2=0.0350 id=0.2797  (1181.1s)
[17:19:18] INFO train_mapper: [ 10600/50000] loss=0.6876 clip=0.6295 l2=0.0332 id=0.3162  (1203.8s)
[17:19:41] INFO train_mapper: [ 10800/50000] loss=0.6703 clip=0.6037 l2=0.0437 id=0.3162  (1226.4s)
[17:20:04] INFO train_mapper: [ 11000/50000] loss=0.6667 clip=0.6010 l2=0.0398 id=0.3390  (1249.1s)
[17:20:26] INFO train_mapper: [ 11200/50000] loss=0.6732 clip=0.6063 l2=0.0405 id=0.3462  (1271.7s)
[17:20:49] INFO train_mapper: [ 11400/50000] loss=0.6681 clip=0.5794 l2=0.0579 id=0.4235  (1294.3s)
[17:21:12] INFO train_mapper: [ 11600/50000] loss=0.6815 clip=0.6201 l2=0.0438 id=0.2639  (1317.0s)
[17:21:34] INFO train_mapper: [ 11800/50000] loss=0.6666 clip=0.5933 l2=0.0487 id=0.3430  (1339.6s)
[17:21:57] INFO train_mapper: [ 12000/50000] loss=0.6868 clip=0.6204 l2=0.0422 id=0.3267  (1362.2s)
[17:22:19] INFO train_mapper: [ 12200/50000] loss=0.6799 clip=0.5961 l2=0.0582 id=0.3723  (1384.8s)
[17:22:42] INFO train_mapper: [ 12400/50000] loss=0.6922 clip=0.6157 l2=0.0510 id=0.3575  (1407.4s)
[17:23:05] INFO train_mapper: [ 12600/50000] loss=0.7161 clip=0.6397 l2=0.0505 id=0.3605  (1430.0s)
[17:23:27] INFO train_mapper: [ 12800/50000] loss=0.6733 clip=0.6050 l2=0.0504 id=0.2799  (1452.7s)
[17:23:50] INFO train_mapper: [ 13000/50000] loss=0.6811 clip=0.6079 l2=0.0558 id=0.2850  (1475.4s)
[17:24:13] INFO train_mapper: [ 13200/50000] loss=0.6718 clip=0.6043 l2=0.0433 id=0.3278  (1498.0s)
[17:24:35] INFO train_mapper: [ 13400/50000] loss=0.6900 clip=0.6216 l2=0.0371 id=0.3866  (1520.7s)
[17:24:58] INFO train_mapper: [ 13600/50000] loss=0.6693 clip=0.5992 l2=0.0440 id=0.3487  (1543.3s)
[17:25:21] INFO train_mapper: [ 13800/50000] loss=0.6733 clip=0.6068 l2=0.0371 id=0.3683  (1566.0s)
[17:25:43] INFO train_mapper: [ 14000/50000] loss=0.6753 clip=0.5926 l2=0.0486 id=0.4376  (1588.6s)
[17:26:06] INFO train_mapper: [ 14200/50000] loss=0.6713 clip=0.5864 l2=0.0482 id=0.4634  (1611.2s)
[17:26:29] INFO train_mapper: [ 14400/50000] loss=0.7026 clip=0.6358 l2=0.0536 id=0.2392  (1633.9s)
[17:26:51] INFO train_mapper: [ 14600/50000] loss=0.7055 clip=0.6311 l2=0.0498 id=0.3454  (1656.5s)
[17:27:14] INFO train_mapper: [ 14800/50000] loss=0.6457 clip=0.5863 l2=0.0391 id=0.2818  (1679.2s)
[17:27:36] INFO train_mapper: [ 15000/50000] loss=0.6758 clip=0.6105 l2=0.0404 id=0.3300  (1701.8s)
[17:27:37] INFO train_mapper: saved checkpoint -> checkpoints/mappers/cyber_tattoo.pt
[17:28:00] INFO train_mapper: [ 15200/50000] loss=0.6895 clip=0.6061 l2=0.0591 id=0.3614  (1725.2s)
[17:28:22] INFO train_mapper: [ 15400/50000] loss=0.6926 clip=0.6243 l2=0.0509 id=0.2761  (1747.9s)
[17:28:45] INFO train_mapper: [ 15600/50000] loss=0.6687 clip=0.5880 l2=0.0510 id=0.3982  (1770.5s)
[17:29:08] INFO train_mapper: [ 15800/50000] loss=0.6789 clip=0.6092 l2=0.0449 id=0.3376  (1793.2s)
[17:29:30] INFO train_mapper: [ 16000/50000] loss=0.6855 clip=0.6132 l2=0.0517 id=0.3097  (1815.9s)
[17:29:53] INFO train_mapper: [ 16200/50000] loss=0.6690 clip=0.5908 l2=0.0538 id=0.3512  (1838.6s)
[17:30:16] INFO train_mapper: [ 16400/50000] loss=0.6714 clip=0.6086 l2=0.0399 id=0.3088  (1861.2s)
[17:30:38] INFO train_mapper: [ 16600/50000] loss=0.6764 clip=0.6078 l2=0.0463 id=0.3158  (1883.9s)
[17:31:01] INFO train_mapper: [ 16800/50000] loss=0.6951 clip=0.6317 l2=0.0458 id=0.2682  (1906.5s)
[17:31:24] INFO train_mapper: [ 17000/50000] loss=0.6924 clip=0.6311 l2=0.0361 id=0.3239  (1929.2s)
[17:31:47] INFO train_mapper: [ 17200/50000] loss=0.6780 clip=0.6088 l2=0.0521 id=0.2753  (1951.9s)
[17:32:09] INFO train_mapper: [ 17400/50000] loss=0.6922 clip=0.6259 l2=0.0439 id=0.3112  (1974.7s)
[17:32:32] INFO train_mapper: [ 17600/50000] loss=0.6723 clip=0.6069 l2=0.0419 id=0.3188  (1997.3s)
[17:32:55] INFO train_mapper: [ 17800/50000] loss=0.6653 clip=0.6066 l2=0.0417 id=0.2536  (2020.0s)
[17:33:17] INFO train_mapper: [ 18000/50000] loss=0.7112 clip=0.6174 l2=0.0706 id=0.3734  (2042.6s)
[17:33:40] INFO train_mapper: [ 18200/50000] loss=0.6723 clip=0.5946 l2=0.0574 id=0.3184  (2065.3s)
[17:34:03] INFO train_mapper: [ 18400/50000] loss=0.6769 clip=0.6108 l2=0.0441 id=0.3085  (2087.9s)
[17:34:25] INFO train_mapper: [ 18600/50000] loss=0.6851 clip=0.6257 l2=0.0402 id=0.2730  (2110.6s)
[17:34:48] INFO train_mapper: [ 18800/50000] loss=0.6650 clip=0.5909 l2=0.0430 id=0.3970  (2133.4s)
[17:35:11] INFO train_mapper: [ 19000/50000] loss=0.6670 clip=0.6157 l2=0.0321 id=0.2562  (2156.0s)
[17:35:33] INFO train_mapper: [ 19200/50000] loss=0.6814 clip=0.6195 l2=0.0510 id=0.2105  (2178.6s)
[17:35:56] INFO train_mapper: [ 19400/50000] loss=0.6684 clip=0.5955 l2=0.0446 id=0.3723  (2201.2s)
[17:36:18] INFO train_mapper: [ 19600/50000] loss=0.6886 clip=0.6142 l2=0.0545 id=0.3072  (2223.8s)
[17:36:41] INFO train_mapper: [ 19800/50000] loss=0.6896 clip=0.6334 l2=0.0385 id=0.2541  (2246.4s)
[17:37:04] INFO train_mapper: [ 20000/50000] loss=0.6863 clip=0.6075 l2=0.0486 id=0.3988  (2269.1s)
[17:37:05] INFO train_mapper: saved checkpoint -> checkpoints/mappers/cyber_tattoo.pt
[17:37:27] INFO train_mapper: [ 20200/50000] loss=0.6744 clip=0.5978 l2=0.0507 id=0.3605  (2292.7s)
[17:37:50] INFO train_mapper: [ 20400/50000] loss=0.7007 clip=0.6287 l2=0.0572 id=0.2625  (2315.3s)
[17:38:12] INFO train_mapper: [ 20600/50000] loss=0.6810 clip=0.6167 l2=0.0466 id=0.2706  (2337.9s)
[17:38:35] INFO train_mapper: [ 20800/50000] loss=0.6914 clip=0.6180 l2=0.0473 id=0.3555  (2360.5s)
[17:38:58] INFO train_mapper: [ 21000/50000] loss=0.6559 clip=0.5817 l2=0.0457 id=0.3764  (2383.1s)
[17:39:20] INFO train_mapper: [ 21200/50000] loss=0.6596 clip=0.5975 l2=0.0372 id=0.3238  (2405.7s)
[17:39:43] INFO train_mapper: [ 21400/50000] loss=0.7266 clip=0.6327 l2=0.0496 id=0.5423  (2428.4s)
[17:40:06] INFO train_mapper: [ 21600/50000] loss=0.6742 clip=0.6051 l2=0.0474 id=0.3110  (2451.0s)
[17:40:28] INFO train_mapper: [ 21800/50000] loss=0.6844 clip=0.6062 l2=0.0555 id=0.3378  (2473.7s)
[17:40:51] INFO train_mapper: [ 22000/50000] loss=0.6920 clip=0.6192 l2=0.0529 id=0.3048  (2496.3s)
[17:41:14] INFO train_mapper: [ 22200/50000] loss=0.7070 clip=0.6297 l2=0.0623 id=0.2750  (2518.9s)
[17:41:36] INFO train_mapper: [ 22400/50000] loss=0.6648 clip=0.6021 l2=0.0396 id=0.3101  (2541.6s)
[17:41:59] INFO train_mapper: [ 22600/50000] loss=0.6682 clip=0.5933 l2=0.0470 id=0.3727  (2564.2s)
[17:42:21] INFO train_mapper: [ 22800/50000] loss=0.6876 clip=0.6053 l2=0.0540 id=0.3907  (2586.8s)
[17:42:44] INFO train_mapper: [ 23000/50000] loss=0.6696 clip=0.5998 l2=0.0460 id=0.3299  (2609.5s)
[17:43:07] INFO train_mapper: [ 23200/50000] loss=0.7170 clip=0.6187 l2=0.0712 id=0.4133  (2632.1s)
[17:43:29] INFO train_mapper: [ 23400/50000] loss=0.7177 clip=0.6350 l2=0.0484 id=0.4395  (2654.8s)
[17:43:52] INFO train_mapper: [ 23600/50000] loss=0.6520 clip=0.5828 l2=0.0454 id=0.3289  (2677.4s)
[17:44:15] INFO train_mapper: [ 23800/50000] loss=0.6898 clip=0.6054 l2=0.0539 id=0.4132  (2700.1s)
[17:44:37] INFO train_mapper: [ 24000/50000] loss=0.7111 clip=0.6110 l2=0.0743 id=0.4064  (2722.8s)
[17:45:00] INFO train_mapper: [ 24200/50000] loss=0.6681 clip=0.5936 l2=0.0528 id=0.3227  (2745.5s)
[17:45:23] INFO train_mapper: [ 24400/50000] loss=0.6883 clip=0.6049 l2=0.0551 id=0.3930  (2768.1s)
[17:45:46] INFO train_mapper: [ 24600/50000] loss=0.6480 clip=0.5820 l2=0.0411 id=0.3309  (2790.9s)
[17:46:08] INFO train_mapper: [ 24800/50000] loss=0.6537 clip=0.5929 l2=0.0457 id=0.2429  (2813.6s)
[17:46:31] INFO train_mapper: [ 25000/50000] loss=0.6542 clip=0.5885 l2=0.0449 id=0.2981  (2836.3s)
[17:46:32] INFO train_mapper: saved checkpoint -> checkpoints/mappers/cyber_tattoo.pt
[17:46:55] INFO train_mapper: [ 25200/50000] loss=0.6856 clip=0.6135 l2=0.0533 id=0.2952  (2859.9s)
[17:47:17] INFO train_mapper: [ 25400/50000] loss=0.6782 clip=0.6025 l2=0.0476 id=0.3764  (2882.6s)
[17:47:40] INFO train_mapper: [ 25600/50000] loss=0.6894 clip=0.6197 l2=0.0420 id=0.3611  (2905.2s)
[17:48:02] INFO train_mapper: [ 25800/50000] loss=0.6934 clip=0.6139 l2=0.0542 id=0.3616  (2927.8s)
[17:48:25] INFO train_mapper: [ 26000/50000] loss=0.6600 clip=0.5820 l2=0.0527 id=0.3590  (2950.5s)
[17:48:48] INFO train_mapper: [ 26200/50000] loss=0.6723 clip=0.6101 l2=0.0456 id=0.2568  (2973.1s)
[17:49:10] INFO train_mapper: [ 26400/50000] loss=0.7182 clip=0.6585 l2=0.0444 id=0.2419  (2995.7s)
[17:49:33] INFO train_mapper: [ 26600/50000] loss=0.6714 clip=0.6030 l2=0.0421 id=0.3483  (3018.4s)
[17:49:56] INFO train_mapper: [ 26800/50000] loss=0.6850 clip=0.6096 l2=0.0504 id=0.3510  (3041.0s)
[17:50:18] INFO train_mapper: [ 27000/50000] loss=0.6796 clip=0.6112 l2=0.0427 id=0.3426  (3063.7s)
[17:50:41] INFO train_mapper: [ 27200/50000] loss=0.6469 clip=0.5877 l2=0.0373 id=0.2940  (3086.3s)
[17:51:04] INFO train_mapper: [ 27400/50000] loss=0.6957 clip=0.6277 l2=0.0469 id=0.3046  (3109.0s)
[17:51:26] INFO train_mapper: [ 27600/50000] loss=0.6512 clip=0.5911 l2=0.0446 id=0.2443  (3131.6s)
[17:51:49] INFO train_mapper: [ 27800/50000] loss=0.6839 clip=0.6117 l2=0.0503 id=0.3196  (3154.2s)
[17:52:11] INFO train_mapper: [ 28000/50000] loss=0.6809 clip=0.6121 l2=0.0512 id=0.2783  (3176.8s)
[17:52:34] INFO train_mapper: [ 28200/50000] loss=0.6985 clip=0.6180 l2=0.0583 id=0.3381  (3199.4s)
[17:52:57] INFO train_mapper: [ 28400/50000] loss=0.6830 clip=0.6083 l2=0.0569 id=0.2914  (3222.0s)
[17:53:19] INFO train_mapper: [ 28600/50000] loss=0.6877 clip=0.6106 l2=0.0524 id=0.3522  (3244.6s)
[17:53:42] INFO train_mapper: [ 28800/50000] loss=0.6709 clip=0.6057 l2=0.0467 id=0.2781  (3267.2s)
[17:54:05] INFO train_mapper: [ 29000/50000] loss=0.6660 clip=0.5971 l2=0.0415 id=0.3561  (3289.9s)
[17:54:27] INFO train_mapper: [ 29200/50000] loss=0.6899 clip=0.6083 l2=0.0579 id=0.3524  (3312.5s)
[17:54:50] INFO train_mapper: [ 29400/50000] loss=0.6773 clip=0.5986 l2=0.0480 id=0.4037  (3335.1s)
[17:55:12] INFO train_mapper: [ 29600/50000] loss=0.6586 clip=0.5789 l2=0.0536 id=0.3676  (3357.8s)
[17:55:35] INFO train_mapper: [ 29800/50000] loss=0.7082 clip=0.6202 l2=0.0588 id=0.4095  (3380.4s)
[17:55:58] INFO train_mapper: [ 30000/50000] loss=0.6856 clip=0.6040 l2=0.0579 id=0.3527  (3403.0s)
[17:55:59] INFO train_mapper: saved checkpoint -> checkpoints/mappers/cyber_tattoo.pt
[17:56:21] INFO train_mapper: [ 30200/50000] loss=0.6532 clip=0.5842 l2=0.0458 id=0.3228  (3426.5s)
[17:56:44] INFO train_mapper: [ 30400/50000] loss=0.6723 clip=0.5971 l2=0.0413 id=0.4210  (3449.2s)
[17:57:06] INFO train_mapper: [ 30600/50000] loss=0.6762 clip=0.5995 l2=0.0543 id=0.3323  (3471.8s)
[17:57:29] INFO train_mapper: [ 30800/50000] loss=0.6805 clip=0.6068 l2=0.0509 id=0.3305  (3494.4s)
[17:57:52] INFO train_mapper: [ 31000/50000] loss=0.6830 clip=0.5994 l2=0.0598 id=0.3575  (3517.1s)
[17:58:14] INFO train_mapper: [ 31200/50000] loss=0.6580 clip=0.6032 l2=0.0395 id=0.2328  (3539.7s)
[17:58:37] INFO train_mapper: [ 31400/50000] loss=0.6715 clip=0.5961 l2=0.0486 id=0.3647  (3562.3s)
[17:59:00] INFO train_mapper: [ 31600/50000] loss=0.6511 clip=0.5846 l2=0.0475 id=0.2847  (3584.9s)
[17:59:22] INFO train_mapper: [ 31800/50000] loss=0.6811 clip=0.6090 l2=0.0476 id=0.3405  (3607.6s)
[17:59:45] INFO train_mapper: [ 32000/50000] loss=0.7009 clip=0.6323 l2=0.0493 id=0.2917  (3630.2s)
[18:00:07] INFO train_mapper: [ 32200/50000] loss=0.6768 clip=0.5955 l2=0.0582 id=0.3479  (3652.8s)
[18:00:30] INFO train_mapper: [ 32400/50000] loss=0.6725 clip=0.5965 l2=0.0469 id=0.3845  (3675.4s)
[18:00:53] INFO train_mapper: [ 32600/50000] loss=0.7157 clip=0.6399 l2=0.0611 id=0.2688  (3698.0s)
[18:01:15] INFO train_mapper: [ 32800/50000] loss=0.6744 clip=0.5947 l2=0.0610 id=0.3091  (3720.6s)
[18:01:38] INFO train_mapper: [ 33000/50000] loss=0.6946 clip=0.6146 l2=0.0516 id=0.3869  (3743.3s)
[18:02:01] INFO train_mapper: [ 33200/50000] loss=0.6489 clip=0.5736 l2=0.0477 id=0.3721  (3765.9s)
[18:02:23] INFO train_mapper: [ 33400/50000] loss=0.6551 clip=0.6008 l2=0.0396 id=0.2261  (3788.7s)
[18:02:46] INFO train_mapper: [ 33600/50000] loss=0.6591 clip=0.5960 l2=0.0387 id=0.3210  (3811.3s)
[18:03:09] INFO train_mapper: [ 33800/50000] loss=0.6501 clip=0.5834 l2=0.0471 id=0.2904  (3833.9s)
[18:03:31] INFO train_mapper: [ 34000/50000] loss=0.6898 clip=0.6182 l2=0.0531 id=0.2912  (3856.6s)
[18:03:54] INFO train_mapper: [ 34200/50000] loss=0.6635 clip=0.5890 l2=0.0520 id=0.3287  (3879.2s)
[18:04:16] INFO train_mapper: [ 34400/50000] loss=0.7199 clip=0.6439 l2=0.0609 id=0.2726  (3901.9s)
[18:04:39] INFO train_mapper: [ 34600/50000] loss=0.6563 clip=0.5941 l2=0.0417 id=0.2883  (3924.5s)
[18:05:02] INFO train_mapper: [ 34800/50000] loss=0.6647 clip=0.5866 l2=0.0511 id=0.3726  (3947.2s)
[18:05:24] INFO train_mapper: [ 35000/50000] loss=0.6879 clip=0.6040 l2=0.0637 id=0.3300  (3969.9s)
[18:05:25] INFO train_mapper: saved checkpoint -> checkpoints/mappers/cyber_tattoo.pt
[18:05:48] INFO train_mapper: [ 35200/50000] loss=0.6554 clip=0.5890 l2=0.0437 id=0.3137  (3993.5s)
[18:06:11] INFO train_mapper: [ 35400/50000] loss=0.6638 clip=0.5881 l2=0.0497 id=0.3593  (4016.2s)
[18:06:33] INFO train_mapper: [ 35600/50000] loss=0.6804 clip=0.5990 l2=0.0520 id=0.3974  (4038.9s)
[18:06:56] INFO train_mapper: [ 35800/50000] loss=0.6684 clip=0.5941 l2=0.0493 id=0.3486  (4061.6s)
[18:07:19] INFO train_mapper: [ 36000/50000] loss=0.6374 clip=0.5641 l2=0.0467 id=0.3584  (4084.3s)
[18:07:42] INFO train_mapper: [ 36200/50000] loss=0.6817 clip=0.6123 l2=0.0502 id=0.2926  (4107.1s)
[18:08:04] INFO train_mapper: [ 36400/50000] loss=0.6677 clip=0.6076 l2=0.0427 id=0.2592  (4129.8s)
[18:08:27] INFO train_mapper: [ 36600/50000] loss=0.6872 clip=0.6281 l2=0.0387 id=0.2816  (4152.5s)
[18:08:50] INFO train_mapper: [ 36800/50000] loss=0.7192 clip=0.6544 l2=0.0486 id=0.2586  (4175.3s)
[18:09:13] INFO train_mapper: [ 37000/50000] loss=0.6603 clip=0.5918 l2=0.0445 id=0.3299  (4198.0s)
[18:09:35] INFO train_mapper: [ 37200/50000] loss=0.6858 clip=0.6080 l2=0.0529 id=0.3553  (4220.7s)
[18:09:58] INFO train_mapper: [ 37400/50000] loss=0.6785 clip=0.6131 l2=0.0417 id=0.3216  (4243.4s)
[18:10:21] INFO train_mapper: [ 37600/50000] loss=0.6608 clip=0.6071 l2=0.0359 id=0.2500  (4266.2s)
[18:10:43] INFO train_mapper: [ 37800/50000] loss=0.6781 clip=0.6170 l2=0.0444 id=0.2563  (4288.9s)
[18:11:06] INFO train_mapper: [ 38000/50000] loss=0.6719 clip=0.5985 l2=0.0523 id=0.3161  (4311.6s)
[18:11:29] INFO train_mapper: [ 38200/50000] loss=0.6761 clip=0.6075 l2=0.0533 id=0.2596  (4334.3s)
[18:11:52] INFO train_mapper: [ 38400/50000] loss=0.6621 clip=0.5845 l2=0.0601 id=0.2952  (4357.0s)
[18:12:14] INFO train_mapper: [ 38600/50000] loss=0.6929 clip=0.6343 l2=0.0472 id=0.2084  (4379.7s)
[18:12:37] INFO train_mapper: [ 38800/50000] loss=0.6511 clip=0.5687 l2=0.0524 id=0.4053  (4402.3s)
[18:13:00] INFO train_mapper: [ 39000/50000] loss=0.6817 clip=0.6103 l2=0.0504 id=0.3101  (4425.0s)
[18:13:22] INFO train_mapper: [ 39200/50000] loss=0.6657 clip=0.5755 l2=0.0589 id=0.4306  (4447.7s)
[18:13:45] INFO train_mapper: [ 39400/50000] loss=0.6797 clip=0.6062 l2=0.0514 id=0.3243  (4470.4s)
[18:14:08] INFO train_mapper: [ 39600/50000] loss=0.6691 clip=0.5964 l2=0.0558 id=0.2802  (4493.0s)
[18:14:30] INFO train_mapper: [ 39800/50000] loss=0.6563 clip=0.5873 l2=0.0474 id=0.3106  (4515.6s)
[18:14:53] INFO train_mapper: [ 40000/50000] loss=0.6700 clip=0.5912 l2=0.0476 id=0.4074  (4538.3s)
[18:14:54] INFO train_mapper: saved checkpoint -> checkpoints/mappers/cyber_tattoo.pt
[18:15:16] INFO train_mapper: [ 40200/50000] loss=0.6701 clip=0.5994 l2=0.0439 id=0.3556  (4561.7s)
[18:15:39] INFO train_mapper: [ 40400/50000] loss=0.6643 clip=0.5980 l2=0.0420 id=0.3273  (4584.3s)
[18:16:02] INFO train_mapper: [ 40600/50000] loss=0.6724 clip=0.5953 l2=0.0488 id=0.3804  (4607.0s)
[18:16:24] INFO train_mapper: [ 40800/50000] loss=0.6777 clip=0.6039 l2=0.0470 id=0.3629  (4629.7s)
[18:16:47] INFO train_mapper: [ 41000/50000] loss=0.6708 clip=0.5927 l2=0.0593 id=0.3075  (4652.3s)
[18:17:10] INFO train_mapper: [ 41200/50000] loss=0.6652 clip=0.5909 l2=0.0481 id=0.3577  (4674.9s)
[18:17:32] INFO train_mapper: [ 41400/50000] loss=0.6718 clip=0.5947 l2=0.0434 id=0.4240  (4697.5s)
[18:17:55] INFO train_mapper: [ 41600/50000] loss=0.6780 clip=0.6168 l2=0.0478 id=0.2291  (4720.1s)
[18:18:17] INFO train_mapper: [ 41800/50000] loss=0.6759 clip=0.5982 l2=0.0470 id=0.4016  (4742.6s)
[18:18:40] INFO train_mapper: [ 42000/50000] loss=0.6838 clip=0.6083 l2=0.0489 id=0.3645  (4765.3s)
[18:19:03] INFO train_mapper: [ 42200/50000] loss=0.6922 clip=0.6218 l2=0.0473 id=0.3260  (4787.9s)
[18:19:25] INFO train_mapper: [ 42400/50000] loss=0.6637 clip=0.5804 l2=0.0583 id=0.3669  (4810.5s)
[18:19:48] INFO train_mapper: [ 42600/50000] loss=0.6648 clip=0.6068 l2=0.0437 id=0.2310  (4833.1s)
[18:20:10] INFO train_mapper: [ 42800/50000] loss=0.6534 clip=0.5913 l2=0.0415 id=0.2892  (4855.8s)
[18:20:33] INFO train_mapper: [ 43000/50000] loss=0.6758 clip=0.5936 l2=0.0563 id=0.3713  (4878.4s)
[18:20:56] INFO train_mapper: [ 43200/50000] loss=0.6647 clip=0.5994 l2=0.0460 id=0.2856  (4901.0s)
[18:21:18] INFO train_mapper: [ 43400/50000] loss=0.6506 clip=0.5813 l2=0.0420 id=0.3563  (4923.8s)
[18:21:41] INFO train_mapper: [ 43600/50000] loss=0.7006 clip=0.6377 l2=0.0482 id=0.2433  (4946.5s)
[18:22:04] INFO train_mapper: [ 43800/50000] loss=0.6656 clip=0.5968 l2=0.0490 id=0.2960  (4969.2s)
[18:22:27] INFO train_mapper: [ 44000/50000] loss=0.6739 clip=0.5976 l2=0.0570 id=0.3070  (4991.9s)
[18:22:59] INFO train_mapper: [ 44200/50000] loss=0.6787 clip=0.5933 l2=0.0644 id=0.3390  (5024.0s)
[18:23:30] INFO train_mapper: [ 44400/50000] loss=0.6727 clip=0.5844 l2=0.0606 id=0.3982  (5055.4s)
[18:24:01] INFO train_mapper: [ 44600/50000] loss=0.6563 clip=0.5926 l2=0.0440 id=0.2854  (5086.0s)
[18:24:32] INFO train_mapper: [ 44800/50000] loss=0.6555 clip=0.6003 l2=0.0378 id=0.2485  (5117.3s)
[18:25:04] INFO train_mapper: [ 45000/50000] loss=0.7301 clip=0.6496 l2=0.0493 id=0.4108  (5149.1s)
[18:25:05] INFO train_mapper: saved checkpoint -> checkpoints/mappers/cyber_tattoo.pt
[18:25:39] INFO train_mapper: [ 45200/50000] loss=0.6617 clip=0.5939 l2=0.0498 id=0.2800  (5184.2s)
[18:26:12] INFO train_mapper: [ 45400/50000] loss=0.6600 clip=0.5919 l2=0.0456 id=0.3165  (5217.5s)
[18:26:45] INFO train_mapper: [ 45600/50000] loss=0.6912 clip=0.6150 l2=0.0526 id=0.3417  (5250.6s)
[18:27:14] INFO train_mapper: [ 45800/50000] loss=0.6918 clip=0.6136 l2=0.0436 id=0.4328  (5279.4s)
[18:27:48] INFO train_mapper: [ 46000/50000] loss=0.6620 clip=0.5951 l2=0.0452 id=0.3078  (5312.9s)
[18:28:22] INFO train_mapper: [ 46200/50000] loss=0.6956 clip=0.6143 l2=0.0546 id=0.3765  (5347.8s)
[18:28:55] INFO train_mapper: [ 46400/50000] loss=0.6662 clip=0.5902 l2=0.0518 id=0.3455  (5380.8s)
[18:29:28] INFO train_mapper: [ 46600/50000] loss=0.6467 clip=0.5787 l2=0.0482 id=0.2939  (5413.8s)
[18:30:02] INFO train_mapper: [ 46800/50000] loss=0.6777 clip=0.6110 l2=0.0414 id=0.3352  (5447.7s)
[18:30:36] INFO train_mapper: [ 47000/50000] loss=0.6856 clip=0.6266 l2=0.0421 id=0.2531  (5481.4s)
[18:31:10] INFO train_mapper: [ 47200/50000] loss=0.6728 clip=0.6074 l2=0.0474 id=0.2746  (5515.7s)
[18:31:44] INFO train_mapper: [ 47400/50000] loss=0.6564 clip=0.5938 l2=0.0445 id=0.2702  (5549.8s)
[18:32:19] INFO train_mapper: [ 47600/50000] loss=0.6569 clip=0.5985 l2=0.0421 id=0.2470  (5584.6s)
[18:32:54] INFO train_mapper: [ 47800/50000] loss=0.6665 clip=0.5880 l2=0.0515 id=0.3736  (5619.3s)
[18:33:28] INFO train_mapper: [ 48000/50000] loss=0.6647 clip=0.5995 l2=0.0547 id=0.2151  (5653.2s)
[18:34:01] INFO train_mapper: [ 48200/50000] loss=0.6858 clip=0.6239 l2=0.0398 id=0.3012  (5686.8s)
[18:34:35] INFO train_mapper: [ 48400/50000] loss=0.6826 clip=0.6060 l2=0.0540 id=0.3343  (5720.4s)
[18:35:09] INFO train_mapper: [ 48600/50000] loss=0.6758 clip=0.5949 l2=0.0523 id=0.3910  (5754.1s)
[18:35:42] INFO train_mapper: [ 48800/50000] loss=0.6586 clip=0.5898 l2=0.0436 id=0.3393  (5787.4s)
[18:36:14] INFO train_mapper: [ 49000/50000] loss=0.6977 clip=0.6178 l2=0.0567 id=0.3450  (5819.9s)
[18:36:40] INFO train_mapper: [ 49200/50000] loss=0.6939 clip=0.6121 l2=0.0629 id=0.3151  (5844.9s)
[18:37:02] INFO train_mapper: [ 49400/50000] loss=0.6798 clip=0.6112 l2=0.0519 id=0.2705  (5867.5s)
[18:37:25] INFO train_mapper: [ 49600/50000] loss=0.6670 clip=0.5946 l2=0.0532 id=0.2985  (5890.1s)
[18:37:47] INFO train_mapper: [ 49800/50000] loss=0.6827 clip=0.6117 l2=0.0496 id=0.3130  (5912.8s)
[18:38:10] INFO train_mapper: [ 50000/50000] loss=0.6922 clip=0.6199 l2=0.0537 id=0.2931  (5935.3s)
[18:38:11] INFO train_mapper: saved checkpoint -> checkpoints/mappers/cyber_tattoo.pt
[18:38:11] INFO train_mapper: done.
