[18:34:28] INFO train_mapper: training mapper for: 'a person with dark academia aesthetic and vintage round glasses'
/home/yangqining/CartoonGan/avatar_studio/avatar_studio/edit/mapper.py:180: UserWarning: Converting a tensor with requires_grad=True to a scalar may lead to unexpected behavior.
Consider using tensor.detach() first. (Triggered internally at /pytorch/torch/csrc/autograd/generated/python_variable_methods.cpp:838.)
  "id":   float(l_id) if isinstance(l_id, torch.Tensor) else l_id}
[18:35:00] INFO train_mapper: [   200/50000] loss=0.7858 clip=0.7618 l2=0.0107 id=0.1540  (32.1s)
[18:35:33] INFO train_mapper: [   400/50000] loss=0.7531 clip=0.7200 l2=0.0173 id=0.1930  (64.3s)
[18:36:05] INFO train_mapper: [   600/50000] loss=0.7358 clip=0.7154 l2=0.0128 id=0.1011  (97.0s)
[18:36:34] INFO train_mapper: [   800/50000] loss=0.7856 clip=0.7567 l2=0.0162 id=0.1599  (125.6s)
[18:36:58] INFO train_mapper: [  1000/50000] loss=0.7606 clip=0.7316 l2=0.0162 id=0.1596  (150.1s)
[18:37:21] INFO train_mapper: [  1200/50000] loss=0.7342 clip=0.7111 l2=0.0150 id=0.1105  (172.4s)
[18:37:43] INFO train_mapper: [  1400/50000] loss=0.7435 clip=0.7164 l2=0.0136 id=0.1616  (194.9s)
[18:38:06] INFO train_mapper: [  1600/50000] loss=0.7499 clip=0.7194 l2=0.0131 id=0.2007  (217.2s)
[18:38:28] INFO train_mapper: [  1800/50000] loss=0.7718 clip=0.7496 l2=0.0147 id=0.1045  (239.5s)
[18:38:50] INFO train_mapper: [  2000/50000] loss=0.7422 clip=0.7106 l2=0.0190 id=0.1647  (261.8s)
[18:39:12] INFO train_mapper: [  2200/50000] loss=0.7427 clip=0.7104 l2=0.0183 id=0.1765  (284.1s)
[18:39:35] INFO train_mapper: [  2400/50000] loss=0.7601 clip=0.7374 l2=0.0139 id=0.1161  (306.5s)
[18:39:57] INFO train_mapper: [  2600/50000] loss=0.7605 clip=0.7161 l2=0.0158 id=0.3177  (328.9s)
[18:40:20] INFO train_mapper: [  2800/50000] loss=0.7708 clip=0.7390 l2=0.0234 id=0.1301  (352.0s)
[18:40:42] INFO train_mapper: [  3000/50000] loss=0.7596 clip=0.7203 l2=0.0245 id=0.1966  (373.3s)
[18:41:03] INFO train_mapper: [  3200/50000] loss=0.7715 clip=0.7153 l2=0.0302 id=0.3199  (395.1s)
[18:41:26] INFO train_mapper: [  3400/50000] loss=0.7516 clip=0.7269 l2=0.0162 id=0.1172  (417.6s)
[18:41:48] INFO train_mapper: [  3600/50000] loss=0.7512 clip=0.7100 l2=0.0176 id=0.2713  (440.0s)
[18:42:11] INFO train_mapper: [  3800/50000] loss=0.7378 clip=0.6703 l2=0.0195 id=0.5194  (462.8s)
[18:42:34] INFO train_mapper: [  4000/50000] loss=0.7496 clip=0.7126 l2=0.0184 id=0.2225  (485.4s)
[18:42:56] INFO train_mapper: [  4200/50000] loss=0.7517 clip=0.7029 l2=0.0217 id=0.3146  (508.0s)
[18:43:19] INFO train_mapper: [  4400/50000] loss=0.7682 clip=0.7170 l2=0.0244 id=0.3174  (530.7s)
[18:43:41] INFO train_mapper: [  4600/50000] loss=0.7811 clip=0.7394 l2=0.0247 id=0.2193  (552.2s)
[18:44:03] INFO train_mapper: [  4800/50000] loss=0.7818 clip=0.7291 l2=0.0223 id=0.3481  (574.5s)
[18:44:25] INFO train_mapper: [  5000/50000] loss=0.7371 clip=0.6690 l2=0.0316 id=0.4285  (596.9s)
[18:44:26] INFO train_mapper: saved checkpoint -> checkpoints/mappers/dark_academia.pt
[18:44:48] INFO train_mapper: [  5200/50000] loss=0.7378 clip=0.6705 l2=0.0285 id=0.4451  (619.4s)
[18:45:10] INFO train_mapper: [  5400/50000] loss=0.7518 clip=0.7080 l2=0.0204 id=0.2750  (641.2s)
[18:45:32] INFO train_mapper: [  5600/50000] loss=0.7780 clip=0.7240 l2=0.0224 id=0.3604  (663.8s)
[18:45:54] INFO train_mapper: [  5800/50000] loss=0.7547 clip=0.6951 l2=0.0285 id=0.3677  (686.0s)
[18:46:17] INFO train_mapper: [  6000/50000] loss=0.7274 clip=0.6932 l2=0.0180 id=0.1979  (708.5s)
[18:46:39] INFO train_mapper: [  6200/50000] loss=0.7340 clip=0.6579 l2=0.0300 id=0.5213  (730.7s)
[18:47:01] INFO train_mapper: [  6400/50000] loss=0.7599 clip=0.6848 l2=0.0238 id=0.5600  (752.8s)
[18:47:23] INFO train_mapper: [  6600/50000] loss=0.7401 clip=0.6613 l2=0.0297 id=0.5498  (774.5s)
[18:47:45] INFO train_mapper: [  6800/50000] loss=0.7471 clip=0.6673 l2=0.0275 id=0.5783  (796.5s)
[18:48:06] INFO train_mapper: [  7000/50000] loss=0.7596 clip=0.6954 l2=0.0324 id=0.3826  (817.5s)
[18:48:28] INFO train_mapper: [  7200/50000] loss=0.7201 clip=0.6490 l2=0.0313 id=0.4597  (839.1s)
[18:48:50] INFO train_mapper: [  7400/50000] loss=0.7535 clip=0.6682 l2=0.0305 id=0.6078  (861.3s)
[18:49:12] INFO train_mapper: [  7600/50000] loss=0.7418 clip=0.6674 l2=0.0318 id=0.4896  (883.8s)
[18:49:33] INFO train_mapper: [  7800/50000] loss=0.7461 clip=0.6579 l2=0.0400 id=0.5625  (905.1s)
[18:49:55] INFO train_mapper: [  8000/50000] loss=0.7167 clip=0.6434 l2=0.0288 id=0.5016  (926.9s)
[18:50:17] INFO train_mapper: [  8200/50000] loss=0.7193 clip=0.6362 l2=0.0286 id=0.6020  (948.9s)
[18:50:39] INFO train_mapper: [  8400/50000] loss=0.7267 clip=0.6415 l2=0.0366 id=0.5585  (970.6s)
[18:51:01] INFO train_mapper: [  8600/50000] loss=0.7570 clip=0.6632 l2=0.0375 id=0.6377  (992.8s)
[18:51:23] INFO train_mapper: [  8800/50000] loss=0.7147 clip=0.6382 l2=0.0298 id=0.5268  (1014.6s)
[18:51:45] INFO train_mapper: [  9000/50000] loss=0.7282 clip=0.6437 l2=0.0361 id=0.5556  (1037.0s)
[18:52:08] INFO train_mapper: [  9200/50000] loss=0.7323 clip=0.6447 l2=0.0353 id=0.5935  (1059.5s)
[18:52:30] INFO train_mapper: [  9400/50000] loss=0.7282 clip=0.6522 l2=0.0311 id=0.5113  (1082.0s)
[18:52:53] INFO train_mapper: [  9600/50000] loss=0.7170 clip=0.6400 l2=0.0330 id=0.5062  (1104.5s)
[18:53:15] INFO train_mapper: [  9800/50000] loss=0.7181 clip=0.6356 l2=0.0295 id=0.5891  (1127.0s)
[18:53:38] INFO train_mapper: [ 10000/50000] loss=0.7455 clip=0.6498 l2=0.0403 id=0.6344  (1149.5s)
[18:53:39] INFO train_mapper: saved checkpoint -> checkpoints/mappers/dark_academia.pt
[18:54:01] INFO train_mapper: [ 10200/50000] loss=0.7403 clip=0.6615 l2=0.0389 id=0.4764  (1172.9s)
[18:54:24] INFO train_mapper: [ 10400/50000] loss=0.7227 clip=0.6360 l2=0.0372 id=0.5687  (1195.3s)
[18:54:46] INFO train_mapper: [ 10600/50000] loss=0.7412 clip=0.6547 l2=0.0318 id=0.6103  (1217.7s)
[18:55:09] INFO train_mapper: [ 10800/50000] loss=0.7623 clip=0.6471 l2=0.0587 id=0.6821  (1240.2s)
[18:55:31] INFO train_mapper: [ 11000/50000] loss=0.7095 clip=0.6419 l2=0.0282 id=0.4506  (1262.7s)
[18:55:54] INFO train_mapper: [ 11200/50000] loss=0.7239 clip=0.6379 l2=0.0300 id=0.6196  (1285.2s)
[18:56:16] INFO train_mapper: [ 11400/50000] loss=0.7437 clip=0.6471 l2=0.0395 id=0.6494  (1307.7s)
[18:56:39] INFO train_mapper: [ 11600/50000] loss=0.7285 clip=0.6471 l2=0.0291 id=0.5816  (1330.3s)
[18:57:01] INFO train_mapper: [ 11800/50000] loss=0.7096 clip=0.6404 l2=0.0289 id=0.4615  (1352.8s)
[18:57:24] INFO train_mapper: [ 12000/50000] loss=0.7458 clip=0.6551 l2=0.0443 id=0.5527  (1375.3s)
[18:57:46] INFO train_mapper: [ 12200/50000] loss=0.7309 clip=0.6370 l2=0.0365 id=0.6480  (1397.8s)
[18:58:09] INFO train_mapper: [ 12400/50000] loss=0.7335 clip=0.6467 l2=0.0332 id=0.6022  (1420.2s)
[18:58:31] INFO train_mapper: [ 12600/50000] loss=0.7245 clip=0.6317 l2=0.0287 id=0.6984  (1442.7s)
[18:58:54] INFO train_mapper: [ 12800/50000] loss=0.7309 clip=0.6325 l2=0.0398 id=0.6652  (1465.2s)
[18:59:16] INFO train_mapper: [ 13000/50000] loss=0.7445 clip=0.6522 l2=0.0347 id=0.6451  (1487.8s)
[18:59:39] INFO train_mapper: [ 13200/50000] loss=0.7206 clip=0.6338 l2=0.0296 id=0.6315  (1510.3s)
[19:00:01] INFO train_mapper: [ 13400/50000] loss=0.7293 clip=0.6390 l2=0.0389 id=0.5921  (1532.8s)
[19:00:24] INFO train_mapper: [ 13600/50000] loss=0.7364 clip=0.6429 l2=0.0417 id=0.6018  (1555.3s)
[19:00:46] INFO train_mapper: [ 13800/50000] loss=0.7050 clip=0.6168 l2=0.0367 id=0.5882  (1577.7s)
[19:01:09] INFO train_mapper: [ 14000/50000] loss=0.7003 clip=0.6255 l2=0.0351 id=0.4670  (1600.3s)
[19:01:31] INFO train_mapper: [ 14200/50000] loss=0.7458 clip=0.6602 l2=0.0307 id=0.6102  (1622.7s)
[19:01:54] INFO train_mapper: [ 14400/50000] loss=0.7117 clip=0.6421 l2=0.0363 id=0.4058  (1645.3s)
[19:02:16] INFO train_mapper: [ 14600/50000] loss=0.7392 clip=0.6352 l2=0.0393 id=0.7263  (1667.8s)
[19:02:39] INFO train_mapper: [ 14800/50000] loss=0.7324 clip=0.6346 l2=0.0425 id=0.6384  (1690.3s)
[19:03:01] INFO train_mapper: [ 15000/50000] loss=0.7199 clip=0.6331 l2=0.0356 id=0.5831  (1712.8s)
[19:03:02] INFO train_mapper: saved checkpoint -> checkpoints/mappers/dark_academia.pt
[19:03:25] INFO train_mapper: [ 15200/50000] loss=0.7224 clip=0.6527 l2=0.0356 id=0.4130  (1736.2s)
[19:03:47] INFO train_mapper: [ 15400/50000] loss=0.7423 clip=0.6435 l2=0.0466 id=0.6154  (1758.7s)
[19:04:10] INFO train_mapper: [ 15600/50000] loss=0.7239 clip=0.6384 l2=0.0319 id=0.5998  (1781.2s)
[19:04:32] INFO train_mapper: [ 15800/50000] loss=0.7095 clip=0.6425 l2=0.0306 id=0.4256  (1803.8s)
[19:04:55] INFO train_mapper: [ 16000/50000] loss=0.7254 clip=0.6502 l2=0.0340 id=0.4791  (1826.3s)
[19:05:17] INFO train_mapper: [ 16200/50000] loss=0.7159 clip=0.6404 l2=0.0316 id=0.5021  (1848.9s)
[19:05:40] INFO train_mapper: [ 16400/50000] loss=0.7238 clip=0.6456 l2=0.0297 id=0.5450  (1871.4s)
[19:06:02] INFO train_mapper: [ 16600/50000] loss=0.7116 clip=0.6281 l2=0.0344 id=0.5605  (1893.9s)
[19:06:25] INFO train_mapper: [ 16800/50000] loss=0.7433 clip=0.6531 l2=0.0369 id=0.6074  (1916.5s)
[19:06:47] INFO train_mapper: [ 17000/50000] loss=0.7217 clip=0.6298 l2=0.0380 id=0.6143  (1939.0s)
[19:07:10] INFO train_mapper: [ 17200/50000] loss=0.7169 clip=0.6296 l2=0.0424 id=0.5343  (1961.5s)
[19:07:32] INFO train_mapper: [ 17400/50000] loss=0.7104 clip=0.6227 l2=0.0356 id=0.5924  (1984.1s)
[19:07:55] INFO train_mapper: [ 17600/50000] loss=0.7029 clip=0.6291 l2=0.0310 id=0.4907  (2006.5s)
[19:08:17] INFO train_mapper: [ 17800/50000] loss=0.6924 clip=0.6239 l2=0.0306 id=0.4401  (2029.0s)
[19:08:40] INFO train_mapper: [ 18000/50000] loss=0.7698 clip=0.6897 l2=0.0366 id=0.5080  (2051.5s)
[19:09:02] INFO train_mapper: [ 18200/50000] loss=0.7295 clip=0.6334 l2=0.0413 id=0.6302  (2073.9s)
[19:09:25] INFO train_mapper: [ 18400/50000] loss=0.7662 clip=0.6431 l2=0.0486 id=0.8410  (2096.4s)
[19:09:47] INFO train_mapper: [ 18600/50000] loss=0.7285 clip=0.6540 l2=0.0361 id=0.4554  (2118.9s)
[19:10:10] INFO train_mapper: [ 18800/50000] loss=0.7374 clip=0.6390 l2=0.0403 id=0.6617  (2141.5s)
[19:10:32] INFO train_mapper: [ 19000/50000] loss=0.7304 clip=0.6327 l2=0.0356 id=0.6920  (2164.0s)
[19:10:55] INFO train_mapper: [ 19200/50000] loss=0.7171 clip=0.6396 l2=0.0304 id=0.5315  (2186.5s)
[19:11:17] INFO train_mapper: [ 19400/50000] loss=0.7466 clip=0.6485 l2=0.0406 id=0.6565  (2209.0s)
[19:11:40] INFO train_mapper: [ 19600/50000] loss=0.7125 clip=0.6249 l2=0.0405 id=0.5514  (2231.5s)
[19:12:02] INFO train_mapper: [ 19800/50000] loss=0.6933 clip=0.6163 l2=0.0340 id=0.4982  (2253.9s)
[19:12:25] INFO train_mapper: [ 20000/50000] loss=0.7115 clip=0.6383 l2=0.0303 id=0.4897  (2276.5s)
[19:12:26] INFO train_mapper: saved checkpoint -> checkpoints/mappers/dark_academia.pt
[19:12:48] INFO train_mapper: [ 20200/50000] loss=0.7163 clip=0.6241 l2=0.0374 id=0.6227  (2299.9s)
[19:13:11] INFO train_mapper: [ 20400/50000] loss=0.7287 clip=0.6390 l2=0.0368 id=0.6017  (2322.4s)
[19:13:33] INFO train_mapper: [ 20600/50000] loss=0.7451 clip=0.6598 l2=0.0411 id=0.5244  (2344.9s)
[19:13:56] INFO train_mapper: [ 20800/50000] loss=0.7516 clip=0.6560 l2=0.0344 id=0.6813  (2367.4s)
[19:14:18] INFO train_mapper: [ 21000/50000] loss=0.7184 clip=0.6380 l2=0.0399 id=0.4848  (2389.9s)
[19:14:41] INFO train_mapper: [ 21200/50000] loss=0.7052 clip=0.6187 l2=0.0371 id=0.5683  (2412.4s)
[19:15:03] INFO train_mapper: [ 21400/50000] loss=0.7628 clip=0.6796 l2=0.0395 id=0.5154  (2434.9s)
[19:15:26] INFO train_mapper: [ 21600/50000] loss=0.7579 clip=0.6733 l2=0.0376 id=0.5453  (2457.4s)
[19:15:48] INFO train_mapper: [ 21800/50000] loss=0.7140 clip=0.6300 l2=0.0370 id=0.5438  (2479.9s)
[19:16:11] INFO train_mapper: [ 22000/50000] loss=0.7205 clip=0.6405 l2=0.0336 id=0.5312  (2502.4s)
[19:16:33] INFO train_mapper: [ 22200/50000] loss=0.7094 clip=0.6355 l2=0.0371 id=0.4423  (2524.9s)
[19:16:56] INFO train_mapper: [ 22400/50000] loss=0.7079 clip=0.6263 l2=0.0308 id=0.5691  (2547.3s)
[19:17:18] INFO train_mapper: [ 22600/50000] loss=0.7349 clip=0.6510 l2=0.0346 id=0.5628  (2569.7s)
[19:17:41] INFO train_mapper: [ 22800/50000] loss=0.7224 clip=0.6484 l2=0.0384 id=0.4328  (2592.2s)
[19:18:03] INFO train_mapper: [ 23000/50000] loss=0.7361 clip=0.6376 l2=0.0550 id=0.5445  (2614.6s)
[19:18:26] INFO train_mapper: [ 23200/50000] loss=0.7217 clip=0.6438 l2=0.0300 id=0.5391  (2637.1s)
[19:18:48] INFO train_mapper: [ 23400/50000] loss=0.7373 clip=0.6399 l2=0.0386 id=0.6654  (2659.6s)
[19:19:11] INFO train_mapper: [ 23600/50000] loss=0.7202 clip=0.6343 l2=0.0432 id=0.5135  (2682.2s)
[19:19:33] INFO train_mapper: [ 23800/50000] loss=0.7300 clip=0.6247 l2=0.0602 id=0.5707  (2704.7s)
[19:19:56] INFO train_mapper: [ 24000/50000] loss=0.7178 clip=0.6391 l2=0.0312 id=0.5379  (2727.1s)
[19:20:18] INFO train_mapper: [ 24200/50000] loss=0.7272 clip=0.6458 l2=0.0353 id=0.5317  (2749.7s)
[19:20:41] INFO train_mapper: [ 24400/50000] loss=0.7385 clip=0.6497 l2=0.0343 id=0.6130  (2772.1s)
[19:21:03] INFO train_mapper: [ 24600/50000] loss=0.7382 clip=0.6301 l2=0.0432 id=0.7358  (2794.8s)
[19:21:26] INFO train_mapper: [ 24800/50000] loss=0.7551 clip=0.6555 l2=0.0379 id=0.6926  (2817.3s)
[19:21:48] INFO train_mapper: [ 25000/50000] loss=0.7150 clip=0.6273 l2=0.0347 id=0.5996  (2839.8s)
[19:21:49] INFO train_mapper: saved checkpoint -> checkpoints/mappers/dark_academia.pt
[19:22:12] INFO train_mapper: [ 25200/50000] loss=0.7138 clip=0.6362 l2=0.0304 id=0.5322  (2863.2s)
[19:22:34] INFO train_mapper: [ 25400/50000] loss=0.7396 clip=0.6456 l2=0.0396 id=0.6228  (2885.7s)
[19:22:57] INFO train_mapper: [ 25600/50000] loss=0.7349 clip=0.6258 l2=0.0478 id=0.7082  (2908.3s)
[19:23:19] INFO train_mapper: [ 25800/50000] loss=0.7229 clip=0.6312 l2=0.0358 id=0.6308  (2930.9s)
[19:23:42] INFO train_mapper: [ 26000/50000] loss=0.7214 clip=0.6381 l2=0.0345 id=0.5576  (2953.5s)
[19:24:04] INFO train_mapper: [ 26200/50000] loss=0.7316 clip=0.6601 l2=0.0283 id=0.4889  (2976.1s)
[19:24:27] INFO train_mapper: [ 26400/50000] loss=0.7107 clip=0.6275 l2=0.0355 id=0.5475  (2998.7s)
[19:24:50] INFO train_mapper: [ 26600/50000] loss=0.7221 clip=0.6384 l2=0.0451 id=0.4759  (3021.2s)
[19:25:12] INFO train_mapper: [ 26800/50000] loss=0.7198 clip=0.6312 l2=0.0343 id=0.6114  (3043.7s)
[19:25:35] INFO train_mapper: [ 27000/50000] loss=0.7163 clip=0.6313 l2=0.0381 id=0.5454  (3066.2s)
[19:25:57] INFO train_mapper: [ 27200/50000] loss=0.7132 clip=0.6231 l2=0.0373 id=0.6026  (3088.6s)
[19:26:20] INFO train_mapper: [ 27400/50000] loss=0.7141 clip=0.6227 l2=0.0440 id=0.5619  (3111.1s)
[19:26:42] INFO train_mapper: [ 27600/50000] loss=0.7282 clip=0.6313 l2=0.0390 id=0.6580  (3133.6s)
[19:27:04] INFO train_mapper: [ 27800/50000] loss=0.7369 clip=0.6289 l2=0.0501 id=0.6796  (3156.0s)
[19:27:27] INFO train_mapper: [ 28000/50000] loss=0.7228 clip=0.6429 l2=0.0369 id=0.5029  (3178.5s)
[19:27:49] INFO train_mapper: [ 28200/50000] loss=0.7320 clip=0.6401 l2=0.0370 id=0.6230  (3201.0s)
[19:28:12] INFO train_mapper: [ 28400/50000] loss=0.7151 clip=0.6375 l2=0.0350 id=0.4962  (3223.5s)
[19:28:34] INFO train_mapper: [ 28600/50000] loss=0.7087 clip=0.6220 l2=0.0367 id=0.5731  (3246.0s)
[19:28:57] INFO train_mapper: [ 28800/50000] loss=0.7270 clip=0.6244 l2=0.0363 id=0.7356  (3268.5s)
[19:29:20] INFO train_mapper: [ 29000/50000] loss=0.7333 clip=0.6380 l2=0.0480 id=0.5700  (3291.1s)
[19:29:42] INFO train_mapper: [ 29200/50000] loss=0.7110 clip=0.6151 l2=0.0377 id=0.6580  (3313.6s)
[19:30:04] INFO train_mapper: [ 29400/50000] loss=0.7286 clip=0.6384 l2=0.0369 id=0.6066  (3336.0s)
[19:30:27] INFO train_mapper: [ 29600/50000] loss=0.7472 clip=0.6459 l2=0.0508 id=0.6062  (3358.5s)
[19:30:49] INFO train_mapper: [ 29800/50000] loss=0.7162 clip=0.6358 l2=0.0354 id=0.5208  (3381.0s)
[19:31:12] INFO train_mapper: [ 30000/50000] loss=0.7129 clip=0.6285 l2=0.0388 id=0.5331  (3403.5s)
[19:31:13] INFO train_mapper: saved checkpoint -> checkpoints/mappers/dark_academia.pt
[19:31:35] INFO train_mapper: [ 30200/50000] loss=0.7249 clip=0.6251 l2=0.0405 id=0.6736  (3426.9s)
[19:31:58] INFO train_mapper: [ 30400/50000] loss=0.7250 clip=0.6340 l2=0.0405 id=0.5858  (3449.5s)
[19:32:20] INFO train_mapper: [ 30600/50000] loss=0.7218 clip=0.6233 l2=0.0376 id=0.6842  (3472.0s)
[19:32:43] INFO train_mapper: [ 30800/50000] loss=0.7146 clip=0.6221 l2=0.0417 id=0.5907  (3494.4s)
[19:33:05] INFO train_mapper: [ 31000/50000] loss=0.7298 clip=0.6431 l2=0.0347 id=0.5898  (3516.9s)
[19:33:28] INFO train_mapper: [ 31200/50000] loss=0.7180 clip=0.6300 l2=0.0413 id=0.5485  (3539.4s)
[19:33:50] INFO train_mapper: [ 31400/50000] loss=0.7112 clip=0.6245 l2=0.0323 id=0.6091  (3561.9s)
[19:34:13] INFO train_mapper: [ 31600/50000] loss=0.7311 clip=0.6358 l2=0.0326 id=0.6923  (3584.4s)
[19:34:35] INFO train_mapper: [ 31800/50000] loss=0.7260 clip=0.6309 l2=0.0407 id=0.6258  (3607.0s)
[19:34:58] INFO train_mapper: [ 32000/50000] loss=0.7310 clip=0.6459 l2=0.0356 id=0.5655  (3629.5s)
[19:35:20] INFO train_mapper: [ 32200/50000] loss=0.7067 clip=0.6225 l2=0.0369 id=0.5467  (3652.0s)
[19:35:43] INFO train_mapper: [ 32400/50000] loss=0.7206 clip=0.6297 l2=0.0390 id=0.5975  (3674.6s)
[19:36:05] INFO train_mapper: [ 32600/50000] loss=0.7110 clip=0.6281 l2=0.0383 id=0.5236  (3697.1s)
[19:36:28] INFO train_mapper: [ 32800/50000] loss=0.7027 clip=0.6269 l2=0.0275 id=0.5373  (3719.6s)
[19:36:50] INFO train_mapper: [ 33000/50000] loss=0.7137 clip=0.6264 l2=0.0362 id=0.5840  (3742.0s)
[19:37:13] INFO train_mapper: [ 33200/50000] loss=0.7040 clip=0.6403 l2=0.0296 id=0.4005  (3764.5s)
[19:37:36] INFO train_mapper: [ 33400/50000] loss=0.7044 clip=0.6161 l2=0.0405 id=0.5586  (3787.1s)
[19:37:58] INFO train_mapper: [ 33600/50000] loss=0.7178 clip=0.6357 l2=0.0369 id=0.5252  (3809.6s)
[19:38:20] INFO train_mapper: [ 33800/50000] loss=0.7468 clip=0.6557 l2=0.0494 id=0.5159  (3832.1s)
[19:38:43] INFO train_mapper: [ 34000/50000] loss=0.7196 clip=0.6289 l2=0.0387 id=0.5971  (3854.6s)
[19:39:05] INFO train_mapper: [ 34200/50000] loss=0.7213 clip=0.6224 l2=0.0398 id=0.6699  (3877.1s)
[19:39:28] INFO train_mapper: [ 34400/50000] loss=0.7239 clip=0.6367 l2=0.0386 id=0.5634  (3899.5s)
[19:39:50] INFO train_mapper: [ 34600/50000] loss=0.7259 clip=0.6477 l2=0.0324 id=0.5228  (3922.1s)
[19:40:13] INFO train_mapper: [ 34800/50000] loss=0.7224 clip=0.6414 l2=0.0338 id=0.5403  (3944.6s)
[19:40:35] INFO train_mapper: [ 35000/50000] loss=0.7312 clip=0.6461 l2=0.0347 id=0.5733  (3967.1s)
[19:40:36] INFO train_mapper: saved checkpoint -> checkpoints/mappers/dark_academia.pt
[19:40:59] INFO train_mapper: [ 35200/50000] loss=0.7153 clip=0.6287 l2=0.0368 id=0.5720  (3990.6s)
[19:41:22] INFO train_mapper: [ 35400/50000] loss=0.7086 clip=0.6295 l2=0.0370 id=0.4947  (4013.1s)
[19:41:44] INFO train_mapper: [ 35600/50000] loss=0.7164 clip=0.6300 l2=0.0358 id=0.5770  (4035.6s)
[19:42:07] INFO train_mapper: [ 35800/50000] loss=0.7112 clip=0.6211 l2=0.0398 id=0.5831  (4058.1s)
[19:42:29] INFO train_mapper: [ 36000/50000] loss=0.7286 clip=0.6432 l2=0.0389 id=0.5430  (4080.6s)
[19:42:52] INFO train_mapper: [ 36200/50000] loss=0.7471 clip=0.6421 l2=0.0437 id=0.7007  (4103.2s)
[19:43:14] INFO train_mapper: [ 36400/50000] loss=0.7211 clip=0.6308 l2=0.0398 id=0.5851  (4125.7s)
[19:43:37] INFO train_mapper: [ 36600/50000] loss=0.7069 clip=0.6231 l2=0.0377 id=0.5361  (4148.2s)
[19:43:59] INFO train_mapper: [ 36800/50000] loss=0.7039 clip=0.6289 l2=0.0314 id=0.4982  (4170.6s)
[19:44:21] INFO train_mapper: [ 37000/50000] loss=0.7571 clip=0.6693 l2=0.0325 id=0.6180  (4193.1s)
[19:44:44] INFO train_mapper: [ 37200/50000] loss=0.7088 clip=0.6257 l2=0.0374 id=0.5321  (4215.6s)
[19:45:06] INFO train_mapper: [ 37400/50000] loss=0.7103 clip=0.6249 l2=0.0371 id=0.5573  (4238.1s)
[19:45:29] INFO train_mapper: [ 37600/50000] loss=0.6924 clip=0.6181 l2=0.0339 id=0.4719  (4260.6s)
[19:45:52] INFO train_mapper: [ 37800/50000] loss=0.6888 clip=0.6171 l2=0.0284 id=0.4895  (4283.1s)
[19:46:14] INFO train_mapper: [ 38000/50000] loss=0.7417 clip=0.6585 l2=0.0377 id=0.5310  (4305.7s)
[19:46:37] INFO train_mapper: [ 38200/50000] loss=0.7103 clip=0.6195 l2=0.0379 id=0.6050  (4328.1s)
[19:46:59] INFO train_mapper: [ 38400/50000] loss=0.7333 clip=0.6325 l2=0.0421 id=0.6719  (4350.7s)
[19:47:21] INFO train_mapper: [ 38600/50000] loss=0.7176 clip=0.6301 l2=0.0367 id=0.5815  (4373.1s)
[19:47:44] INFO train_mapper: [ 38800/50000] loss=0.7265 clip=0.6423 l2=0.0360 id=0.5543  (4395.5s)
[19:48:06] INFO train_mapper: [ 39000/50000] loss=0.7203 clip=0.6404 l2=0.0331 id=0.5337  (4418.0s)
[19:48:29] INFO train_mapper: [ 39200/50000] loss=0.7344 clip=0.6411 l2=0.0392 id=0.6201  (4440.6s)
[19:48:51] INFO train_mapper: [ 39400/50000] loss=0.7111 clip=0.6240 l2=0.0428 id=0.5288  (4463.1s)
[19:49:14] INFO train_mapper: [ 39600/50000] loss=0.7153 clip=0.6373 l2=0.0395 id=0.4635  (4485.6s)
[19:49:37] INFO train_mapper: [ 39800/50000] loss=0.7141 clip=0.6294 l2=0.0376 id=0.5463  (4508.3s)
[19:49:59] INFO train_mapper: [ 40000/50000] loss=0.7220 clip=0.6244 l2=0.0417 id=0.6418  (4530.9s)
[19:50:00] INFO train_mapper: saved checkpoint -> checkpoints/mappers/dark_academia.pt
[19:50:23] INFO train_mapper: [ 40200/50000] loss=0.7139 clip=0.6360 l2=0.0317 id=0.5252  (4554.3s)
[19:50:45] INFO train_mapper: [ 40400/50000] loss=0.7188 clip=0.6304 l2=0.0338 id=0.6129  (4576.9s)
[19:51:08] INFO train_mapper: [ 40600/50000] loss=0.7156 clip=0.6199 l2=0.0405 id=0.6335  (4599.6s)
[19:51:31] INFO train_mapper: [ 40800/50000] loss=0.7012 clip=0.6302 l2=0.0340 id=0.4376  (4622.1s)
[19:51:53] INFO train_mapper: [ 41000/50000] loss=0.7351 clip=0.6434 l2=0.0400 id=0.5968  (4644.6s)
[19:52:15] INFO train_mapper: [ 41200/50000] loss=0.7333 clip=0.6434 l2=0.0336 id=0.6303  (4667.1s)
[19:52:38] INFO train_mapper: [ 41400/50000] loss=0.7247 clip=0.6327 l2=0.0349 id=0.6408  (4689.6s)
[19:53:00] INFO train_mapper: [ 41600/50000] loss=0.7024 clip=0.6272 l2=0.0343 id=0.4780  (4712.1s)
[19:53:23] INFO train_mapper: [ 41800/50000] loss=0.7299 clip=0.6472 l2=0.0359 id=0.5396  (4734.5s)
[19:53:46] INFO train_mapper: [ 42000/50000] loss=0.7051 clip=0.6372 l2=0.0294 id=0.4433  (4757.1s)
[19:54:08] INFO train_mapper: [ 42200/50000] loss=0.7100 clip=0.6196 l2=0.0452 id=0.5422  (4779.6s)
[19:54:31] INFO train_mapper: [ 42400/50000] loss=0.7204 clip=0.6318 l2=0.0373 id=0.5878  (4802.1s)
[19:54:53] INFO train_mapper: [ 42600/50000] loss=0.6904 clip=0.6197 l2=0.0365 id=0.4139  (4824.7s)
[19:55:15] INFO train_mapper: [ 42800/50000] loss=0.7235 clip=0.6470 l2=0.0388 id=0.4548  (4847.1s)
[19:55:38] INFO train_mapper: [ 43000/50000] loss=0.7033 clip=0.6228 l2=0.0325 id=0.5460  (4869.6s)
[19:56:00] INFO train_mapper: [ 43200/50000] loss=0.7228 clip=0.6338 l2=0.0369 id=0.5950  (4892.0s)
[19:56:23] INFO train_mapper: [ 43400/50000] loss=0.7054 clip=0.6265 l2=0.0349 id=0.5099  (4914.5s)
[19:56:45] INFO train_mapper: [ 43600/50000] loss=0.7241 clip=0.6331 l2=0.0366 id=0.6168  (4937.0s)
[19:57:08] INFO train_mapper: [ 43800/50000] loss=0.7540 clip=0.6447 l2=0.0521 id=0.6767  (4959.5s)
[19:57:30] INFO train_mapper: [ 44000/50000] loss=0.7335 clip=0.6461 l2=0.0458 id=0.5077  (4982.0s)
[19:57:53] INFO train_mapper: [ 44200/50000] loss=0.7066 clip=0.6179 l2=0.0358 id=0.6006  (5004.4s)
[19:58:15] INFO train_mapper: [ 44400/50000] loss=0.7190 clip=0.6300 l2=0.0392 id=0.5775  (5026.9s)
[19:58:38] INFO train_mapper: [ 44600/50000] loss=0.7199 clip=0.6349 l2=0.0417 id=0.5163  (5049.3s)
[19:59:00] INFO train_mapper: [ 44800/50000] loss=0.7322 clip=0.6291 l2=0.0532 id=0.6049  (5071.8s)
[19:59:23] INFO train_mapper: [ 45000/50000] loss=0.7161 clip=0.6311 l2=0.0395 id=0.5335  (5094.3s)
[19:59:24] INFO train_mapper: saved checkpoint -> checkpoints/mappers/dark_academia.pt
[19:59:46] INFO train_mapper: [ 45200/50000] loss=0.7086 clip=0.6379 l2=0.0336 id=0.4384  (5117.6s)
[20:00:08] INFO train_mapper: [ 45400/50000] loss=0.7021 clip=0.6283 l2=0.0352 id=0.4572  (5140.1s)
[20:00:31] INFO train_mapper: [ 45600/50000] loss=0.7168 clip=0.6272 l2=0.0435 id=0.5480  (5162.5s)
[20:00:53] INFO train_mapper: [ 45800/50000] loss=0.7176 clip=0.6413 l2=0.0297 id=0.5255  (5185.0s)
[20:01:16] INFO train_mapper: [ 46000/50000] loss=0.7125 clip=0.6221 l2=0.0368 id=0.6094  (5207.5s)
[20:01:38] INFO train_mapper: [ 46200/50000] loss=0.6968 clip=0.6189 l2=0.0329 id=0.5166  (5230.1s)
[20:02:01] INFO train_mapper: [ 46400/50000] loss=0.7386 clip=0.6613 l2=0.0396 id=0.4553  (5252.8s)
[20:02:24] INFO train_mapper: [ 46600/50000] loss=0.7156 clip=0.6272 l2=0.0377 id=0.5812  (5275.4s)
[20:02:46] INFO train_mapper: [ 46800/50000] loss=0.6988 clip=0.6240 l2=0.0323 id=0.4900  (5298.0s)
[20:03:09] INFO train_mapper: [ 47000/50000] loss=0.7318 clip=0.6431 l2=0.0438 id=0.5367  (5320.6s)
[20:03:32] INFO train_mapper: [ 47200/50000] loss=0.7268 clip=0.6313 l2=0.0397 id=0.6371  (5343.2s)
[20:03:54] INFO train_mapper: [ 47400/50000] loss=0.7077 clip=0.6286 l2=0.0386 id=0.4816  (5365.9s)
[20:04:17] INFO train_mapper: [ 47600/50000] loss=0.7102 clip=0.6252 l2=0.0384 id=0.5423  (5388.5s)
[20:04:39] INFO train_mapper: [ 47800/50000] loss=0.7163 clip=0.6324 l2=0.0348 id=0.5610  (5411.0s)
[20:05:02] INFO train_mapper: [ 48000/50000] loss=0.7098 clip=0.6257 l2=0.0407 id=0.5165  (5433.6s)
[20:05:25] INFO train_mapper: [ 48200/50000] loss=0.7102 clip=0.6207 l2=0.0405 id=0.5718  (5456.2s)
[20:05:47] INFO train_mapper: [ 48400/50000] loss=0.7244 clip=0.6379 l2=0.0350 id=0.5847  (5478.7s)
[20:06:10] INFO train_mapper: [ 48600/50000] loss=0.6989 clip=0.6199 l2=0.0345 id=0.5138  (5501.3s)
[20:06:32] INFO train_mapper: [ 48800/50000] loss=0.7199 clip=0.6239 l2=0.0390 id=0.6487  (5523.7s)
[20:06:55] INFO train_mapper: [ 49000/50000] loss=0.6987 clip=0.6282 l2=0.0265 id=0.4931  (5546.3s)
[20:07:17] INFO train_mapper: [ 49200/50000] loss=0.7119 clip=0.6349 l2=0.0363 id=0.4800  (5568.8s)
[20:07:40] INFO train_mapper: [ 49400/50000] loss=0.7320 clip=0.6457 l2=0.0363 id=0.5722  (5591.3s)
[20:08:02] INFO train_mapper: [ 49600/50000] loss=0.7263 clip=0.6475 l2=0.0399 id=0.4689  (5613.7s)
[20:08:24] INFO train_mapper: [ 49800/50000] loss=0.7346 clip=0.6436 l2=0.0351 id=0.6286  (5636.1s)
[20:08:47] INFO train_mapper: [ 50000/50000] loss=0.7237 clip=0.6273 l2=0.0423 id=0.6252  (5658.5s)
[20:08:48] INFO train_mapper: saved checkpoint -> checkpoints/mappers/dark_academia.pt
[20:08:48] INFO train_mapper: done.
