[18:35:47] INFO train_mapper: training mapper for: 'a person with e-girl aesthetic, heart shaped cheek blush'
/home/yangqining/CartoonGan/avatar_studio/avatar_studio/edit/mapper.py:180: UserWarning: Converting a tensor with requires_grad=True to a scalar may lead to unexpected behavior.
Consider using tensor.detach() first. (Triggered internally at /pytorch/torch/csrc/autograd/generated/python_variable_methods.cpp:838.)
  "id":   float(l_id) if isinstance(l_id, torch.Tensor) else l_id}
[18:36:17] INFO train_mapper: [   200/50000] loss=0.7465 clip=0.7038 l2=0.0260 id=0.2190  (30.1s)
[18:36:46] INFO train_mapper: [   400/50000] loss=0.7235 clip=0.6827 l2=0.0255 id=0.2042  (59.8s)
[18:37:09] INFO train_mapper: [   600/50000] loss=0.7279 clip=0.6966 l2=0.0171 id=0.1770  (82.1s)
[18:37:31] INFO train_mapper: [   800/50000] loss=0.7198 clip=0.6911 l2=0.0160 id=0.1600  (104.1s)
[18:37:53] INFO train_mapper: [  1000/50000] loss=0.7237 clip=0.6957 l2=0.0201 id=0.1195  (126.1s)
[18:38:15] INFO train_mapper: [  1200/50000] loss=0.7424 clip=0.6997 l2=0.0269 id=0.2118  (148.1s)
[18:38:37] INFO train_mapper: [  1400/50000] loss=0.7335 clip=0.7012 l2=0.0205 id=0.1600  (170.2s)
[18:38:59] INFO train_mapper: [  1600/50000] loss=0.7371 clip=0.7025 l2=0.0244 id=0.1508  (192.3s)
[18:39:21] INFO train_mapper: [  1800/50000] loss=0.7391 clip=0.7052 l2=0.0218 id=0.1646  (214.3s)
[18:39:43] INFO train_mapper: [  2000/50000] loss=0.7221 clip=0.6862 l2=0.0219 id=0.1836  (236.4s)
[18:40:05] INFO train_mapper: [  2200/50000] loss=0.7169 clip=0.6877 l2=0.0193 id=0.1376  (258.4s)
[18:40:27] INFO train_mapper: [  2400/50000] loss=0.7333 clip=0.6950 l2=0.0242 id=0.1887  (280.4s)
[18:40:49] INFO train_mapper: [  2600/50000] loss=0.7307 clip=0.6916 l2=0.0197 id=0.2334  (302.4s)
[18:41:11] INFO train_mapper: [  2800/50000] loss=0.7236 clip=0.6955 l2=0.0188 id=0.1312  (324.6s)
[18:41:33] INFO train_mapper: [  3000/50000] loss=0.7300 clip=0.6865 l2=0.0234 id=0.2480  (346.7s)
[18:41:55] INFO train_mapper: [  3200/50000] loss=0.7015 clip=0.6704 l2=0.0203 id=0.1488  (368.7s)
[18:42:18] INFO train_mapper: [  3400/50000] loss=0.7304 clip=0.6923 l2=0.0233 id=0.1954  (390.8s)
[18:42:40] INFO train_mapper: [  3600/50000] loss=0.7226 clip=0.6915 l2=0.0193 id=0.1564  (412.9s)
[18:43:02] INFO train_mapper: [  3800/50000] loss=0.7106 clip=0.6785 l2=0.0205 id=0.1577  (434.9s)
[18:43:24] INFO train_mapper: [  4000/50000] loss=0.7316 clip=0.6928 l2=0.0227 id=0.2058  (457.0s)
[18:43:46] INFO train_mapper: [  4200/50000] loss=0.7085 clip=0.6828 l2=0.0162 id=0.1267  (479.2s)
[18:44:08] INFO train_mapper: [  4400/50000] loss=0.7128 clip=0.6808 l2=0.0174 id=0.1799  (501.3s)
[18:44:30] INFO train_mapper: [  4600/50000] loss=0.7214 clip=0.6819 l2=0.0247 id=0.1969  (523.2s)
[18:44:52] INFO train_mapper: [  4800/50000] loss=0.7123 clip=0.6664 l2=0.0258 id=0.2523  (545.3s)
[18:45:14] INFO train_mapper: [  5000/50000] loss=0.7146 clip=0.6797 l2=0.0209 id=0.1809  (567.4s)
[18:45:15] INFO train_mapper: saved checkpoint -> checkpoints/mappers/egirl_heart.pt
[18:45:37] INFO train_mapper: [  5200/50000] loss=0.7179 clip=0.6805 l2=0.0230 id=0.1903  (590.5s)
[18:45:59] INFO train_mapper: [  5400/50000] loss=0.7343 clip=0.6823 l2=0.0296 id=0.2840  (612.6s)
[18:46:21] INFO train_mapper: [  5600/50000] loss=0.7483 clip=0.6991 l2=0.0328 id=0.2289  (634.8s)
[18:46:44] INFO train_mapper: [  5800/50000] loss=0.7292 clip=0.6760 l2=0.0332 id=0.2662  (656.9s)
[18:47:06] INFO train_mapper: [  6000/50000] loss=0.7125 clip=0.6665 l2=0.0278 id=0.2372  (679.0s)
[18:47:28] INFO train_mapper: [  6200/50000] loss=0.7400 clip=0.6921 l2=0.0221 id=0.3023  (701.1s)
[18:47:50] INFO train_mapper: [  6400/50000] loss=0.7134 clip=0.6818 l2=0.0239 id=0.1244  (723.1s)
[18:48:12] INFO train_mapper: [  6600/50000] loss=0.7304 clip=0.6963 l2=0.0194 id=0.1854  (745.2s)
[18:48:34] INFO train_mapper: [  6800/50000] loss=0.7127 clip=0.6705 l2=0.0291 id=0.1893  (767.2s)
[18:48:56] INFO train_mapper: [  7000/50000] loss=0.7278 clip=0.7030 l2=0.0173 id=0.1094  (788.8s)
[18:49:17] INFO train_mapper: [  7200/50000] loss=0.7270 clip=0.6881 l2=0.0222 id=0.2113  (810.0s)
[18:49:39] INFO train_mapper: [  7400/50000] loss=0.7128 clip=0.6766 l2=0.0208 id=0.1955  (832.0s)
[18:50:01] INFO train_mapper: [  7600/50000] loss=0.7208 clip=0.6822 l2=0.0281 id=0.1614  (854.0s)
[18:50:23] INFO train_mapper: [  7800/50000] loss=0.7299 clip=0.6860 l2=0.0267 id=0.2257  (876.1s)
[18:50:45] INFO train_mapper: [  8000/50000] loss=0.7203 clip=0.6836 l2=0.0269 id=0.1514  (897.9s)
[18:51:07] INFO train_mapper: [  8200/50000] loss=0.7267 clip=0.6792 l2=0.0285 id=0.2469  (919.9s)
[18:51:29] INFO train_mapper: [  8400/50000] loss=0.7268 clip=0.6914 l2=0.0195 id=0.1975  (941.9s)
[18:51:51] INFO train_mapper: [  8600/50000] loss=0.7195 clip=0.6979 l2=0.0171 id=0.0797  (964.0s)
[18:52:13] INFO train_mapper: [  8800/50000] loss=0.7480 clip=0.6998 l2=0.0228 id=0.2993  (986.0s)
[18:52:35] INFO train_mapper: [  9000/50000] loss=0.7300 clip=0.6806 l2=0.0281 id=0.2698  (1008.0s)
[18:52:57] INFO train_mapper: [  9200/50000] loss=0.7241 clip=0.6920 l2=0.0200 id=0.1607  (1030.0s)
[18:53:19] INFO train_mapper: [  9400/50000] loss=0.7130 clip=0.6778 l2=0.0231 id=0.1674  (1052.0s)
[18:53:41] INFO train_mapper: [  9600/50000] loss=0.7220 clip=0.6889 l2=0.0196 id=0.1740  (1074.0s)
[18:54:03] INFO train_mapper: [  9800/50000] loss=0.7152 clip=0.6827 l2=0.0243 id=0.1305  (1095.9s)
[18:54:25] INFO train_mapper: [ 10000/50000] loss=0.7259 clip=0.6953 l2=0.0197 id=0.1480  (1118.0s)
[18:54:26] INFO train_mapper: saved checkpoint -> checkpoints/mappers/egirl_heart.pt
[18:54:48] INFO train_mapper: [ 10200/50000] loss=0.7285 clip=0.6936 l2=0.0197 id=0.1913  (1141.0s)
[18:55:10] INFO train_mapper: [ 10400/50000] loss=0.7180 clip=0.6761 l2=0.0243 id=0.2246  (1163.0s)
[18:55:32] INFO train_mapper: [ 10600/50000] loss=0.7141 clip=0.6718 l2=0.0244 id=0.2286  (1185.0s)
[18:55:54] INFO train_mapper: [ 10800/50000] loss=0.7265 clip=0.6889 l2=0.0231 id=0.1912  (1207.0s)
[18:56:16] INFO train_mapper: [ 11000/50000] loss=0.7213 clip=0.6754 l2=0.0257 id=0.2531  (1229.0s)
[18:56:38] INFO train_mapper: [ 11200/50000] loss=0.7179 clip=0.6823 l2=0.0194 id=0.2009  (1251.0s)
[18:57:00] INFO train_mapper: [ 11400/50000] loss=0.7357 clip=0.6826 l2=0.0291 id=0.2976  (1273.0s)
[18:57:22] INFO train_mapper: [ 11600/50000] loss=0.7424 clip=0.7078 l2=0.0226 id=0.1651  (1295.1s)
[18:57:44] INFO train_mapper: [ 11800/50000] loss=0.7323 clip=0.7044 l2=0.0184 id=0.1320  (1317.1s)
[18:58:06] INFO train_mapper: [ 12000/50000] loss=0.7585 clip=0.7103 l2=0.0273 id=0.2636  (1339.2s)
[18:58:28] INFO train_mapper: [ 12200/50000] loss=0.7148 clip=0.6758 l2=0.0230 id=0.2068  (1361.2s)
[18:58:50] INFO train_mapper: [ 12400/50000] loss=0.7136 clip=0.6818 l2=0.0243 id=0.1233  (1383.2s)
[18:59:12] INFO train_mapper: [ 12600/50000] loss=0.7162 clip=0.6696 l2=0.0282 id=0.2398  (1405.3s)
[18:59:34] INFO train_mapper: [ 12800/50000] loss=0.7165 clip=0.6783 l2=0.0273 id=0.1639  (1427.3s)
[18:59:56] INFO train_mapper: [ 13000/50000] loss=0.7545 clip=0.6876 l2=0.0351 id=0.3891  (1449.4s)
[19:00:18] INFO train_mapper: [ 13200/50000] loss=0.7173 clip=0.6731 l2=0.0266 id=0.2282  (1471.5s)
[19:00:40] INFO train_mapper: [ 13400/50000] loss=0.7038 clip=0.6674 l2=0.0227 id=0.1821  (1493.5s)
[19:01:02] INFO train_mapper: [ 13600/50000] loss=0.7186 clip=0.6804 l2=0.0307 id=0.1368  (1515.5s)
[19:01:24] INFO train_mapper: [ 13800/50000] loss=0.7635 clip=0.7211 l2=0.0260 id=0.2154  (1537.6s)
[19:01:46] INFO train_mapper: [ 14000/50000] loss=0.7384 clip=0.6928 l2=0.0228 id=0.2741  (1559.6s)
[19:02:08] INFO train_mapper: [ 14200/50000] loss=0.7069 clip=0.6661 l2=0.0224 id=0.2289  (1581.7s)
[19:02:31] INFO train_mapper: [ 14400/50000] loss=0.7205 clip=0.6799 l2=0.0223 id=0.2275  (1603.8s)
[19:02:53] INFO train_mapper: [ 14600/50000] loss=0.7148 clip=0.6809 l2=0.0188 id=0.1889  (1625.9s)
[19:03:15] INFO train_mapper: [ 14800/50000] loss=0.7064 clip=0.6630 l2=0.0274 id=0.2145  (1648.0s)
[19:03:37] INFO train_mapper: [ 15000/50000] loss=0.7400 clip=0.6943 l2=0.0265 id=0.2450  (1670.0s)
[19:03:38] INFO train_mapper: saved checkpoint -> checkpoints/mappers/egirl_heart.pt
[19:04:00] INFO train_mapper: [ 15200/50000] loss=0.7224 clip=0.6802 l2=0.0225 id=0.2410  (1693.1s)
[19:04:22] INFO train_mapper: [ 15400/50000] loss=0.7291 clip=0.6882 l2=0.0268 id=0.1942  (1715.1s)
[19:04:44] INFO train_mapper: [ 15600/50000] loss=0.7312 clip=0.6925 l2=0.0308 id=0.1408  (1737.2s)
[19:05:06] INFO train_mapper: [ 15800/50000] loss=0.7140 clip=0.6796 l2=0.0236 id=0.1556  (1759.3s)
[19:05:28] INFO train_mapper: [ 16000/50000] loss=0.7185 clip=0.6674 l2=0.0287 id=0.2815  (1781.4s)
[19:05:50] INFO train_mapper: [ 16200/50000] loss=0.7069 clip=0.6628 l2=0.0263 id=0.2308  (1803.5s)
[19:06:12] INFO train_mapper: [ 16400/50000] loss=0.7277 clip=0.6937 l2=0.0191 id=0.1866  (1825.5s)
[19:06:34] INFO train_mapper: [ 16600/50000] loss=0.7171 clip=0.6728 l2=0.0252 id=0.2417  (1847.6s)
[19:06:56] INFO train_mapper: [ 16800/50000] loss=0.7237 clip=0.6921 l2=0.0209 id=0.1487  (1869.6s)
[19:07:18] INFO train_mapper: [ 17000/50000] loss=0.7384 clip=0.6890 l2=0.0293 id=0.2596  (1891.7s)
[19:07:41] INFO train_mapper: [ 17200/50000] loss=0.7451 clip=0.6980 l2=0.0290 id=0.2390  (1913.8s)
[19:08:03] INFO train_mapper: [ 17400/50000] loss=0.7248 clip=0.6832 l2=0.0231 id=0.2313  (1935.9s)
[19:08:25] INFO train_mapper: [ 17600/50000] loss=0.7107 clip=0.6748 l2=0.0214 id=0.1880  (1958.0s)
[19:08:47] INFO train_mapper: [ 17800/50000] loss=0.7285 clip=0.6866 l2=0.0232 id=0.2341  (1980.0s)
[19:09:09] INFO train_mapper: [ 18000/50000] loss=0.7132 clip=0.6770 l2=0.0161 id=0.2327  (2002.1s)
[19:09:31] INFO train_mapper: [ 18200/50000] loss=0.7011 clip=0.6595 l2=0.0223 id=0.2370  (2024.1s)
[19:09:53] INFO train_mapper: [ 18400/50000] loss=0.7178 clip=0.6774 l2=0.0232 id=0.2174  (2046.2s)
[19:10:15] INFO train_mapper: [ 18600/50000] loss=0.7244 clip=0.6880 l2=0.0247 id=0.1665  (2068.2s)
[19:10:37] INFO train_mapper: [ 18800/50000] loss=0.7408 clip=0.6911 l2=0.0288 id=0.2667  (2090.3s)
[19:10:59] INFO train_mapper: [ 19000/50000] loss=0.7258 clip=0.6819 l2=0.0289 id=0.2071  (2112.3s)
[19:11:21] INFO train_mapper: [ 19200/50000] loss=0.7178 clip=0.6797 l2=0.0216 id=0.2082  (2134.3s)
[19:11:43] INFO train_mapper: [ 19400/50000] loss=0.7211 clip=0.6758 l2=0.0289 id=0.2223  (2156.3s)
[19:12:05] INFO train_mapper: [ 19600/50000] loss=0.7179 clip=0.6724 l2=0.0259 id=0.2472  (2178.3s)
[19:12:27] INFO train_mapper: [ 19800/50000] loss=0.7184 clip=0.6684 l2=0.0240 id=0.3081  (2200.4s)
[19:12:49] INFO train_mapper: [ 20000/50000] loss=0.7238 clip=0.6787 l2=0.0246 id=0.2543  (2222.4s)
[19:12:50] INFO train_mapper: saved checkpoint -> checkpoints/mappers/egirl_heart.pt
[19:13:12] INFO train_mapper: [ 20200/50000] loss=0.7227 clip=0.6815 l2=0.0258 id=0.2058  (2245.5s)
[19:13:34] INFO train_mapper: [ 20400/50000] loss=0.7314 clip=0.6859 l2=0.0250 id=0.2554  (2267.5s)
[19:13:56] INFO train_mapper: [ 20600/50000] loss=0.7156 clip=0.6757 l2=0.0252 id=0.1974  (2289.5s)
[19:14:18] INFO train_mapper: [ 20800/50000] loss=0.7147 clip=0.6765 l2=0.0248 id=0.1836  (2311.5s)
[19:14:40] INFO train_mapper: [ 21000/50000] loss=0.7016 clip=0.6696 l2=0.0203 id=0.1568  (2333.5s)
[19:15:02] INFO train_mapper: [ 21200/50000] loss=0.7347 clip=0.6828 l2=0.0279 id=0.2957  (2355.5s)
[19:15:24] INFO train_mapper: [ 21400/50000] loss=0.7120 clip=0.6770 l2=0.0219 id=0.1754  (2377.6s)
[19:15:46] INFO train_mapper: [ 21600/50000] loss=0.7207 clip=0.6902 l2=0.0201 id=0.1447  (2399.7s)
[19:16:08] INFO train_mapper: [ 21800/50000] loss=0.7509 clip=0.7093 l2=0.0279 id=0.1925  (2421.7s)
[19:16:30] INFO train_mapper: [ 22000/50000] loss=0.6919 clip=0.6648 l2=0.0169 id=0.1360  (2443.8s)
[19:16:53] INFO train_mapper: [ 22200/50000] loss=0.7281 clip=0.6915 l2=0.0225 id=0.1866  (2465.8s)
[19:17:15] INFO train_mapper: [ 22400/50000] loss=0.7134 clip=0.6738 l2=0.0236 id=0.2078  (2487.9s)
[19:17:37] INFO train_mapper: [ 22600/50000] loss=0.7179 clip=0.6648 l2=0.0284 id=0.3039  (2509.9s)
[19:17:59] INFO train_mapper: [ 22800/50000] loss=0.7250 clip=0.6806 l2=0.0315 id=0.1920  (2531.9s)
[19:18:21] INFO train_mapper: [ 23000/50000] loss=0.7057 clip=0.6767 l2=0.0187 id=0.1407  (2554.0s)
[19:18:43] INFO train_mapper: [ 23200/50000] loss=0.7067 clip=0.6656 l2=0.0243 id=0.2166  (2576.1s)
[19:19:05] INFO train_mapper: [ 23400/50000] loss=0.7251 clip=0.6886 l2=0.0223 id=0.1865  (2598.2s)
[19:19:27] INFO train_mapper: [ 23600/50000] loss=0.7085 clip=0.6723 l2=0.0199 id=0.2032  (2620.3s)
[19:19:49] INFO train_mapper: [ 23800/50000] loss=0.7262 clip=0.6873 l2=0.0227 id=0.2080  (2642.3s)
[19:20:11] INFO train_mapper: [ 24000/50000] loss=0.7441 clip=0.6971 l2=0.0328 id=0.2080  (2664.4s)
[19:20:33] INFO train_mapper: [ 24200/50000] loss=0.7125 clip=0.6781 l2=0.0228 id=0.1626  (2686.4s)
[19:20:55] INFO train_mapper: [ 24400/50000] loss=0.7321 clip=0.6827 l2=0.0289 id=0.2621  (2708.5s)
[19:21:17] INFO train_mapper: [ 24600/50000] loss=0.7167 clip=0.6780 l2=0.0214 id=0.2155  (2730.6s)
[19:21:39] INFO train_mapper: [ 24800/50000] loss=0.7292 clip=0.6800 l2=0.0298 id=0.2543  (2752.7s)
[19:22:01] INFO train_mapper: [ 25000/50000] loss=0.7205 clip=0.6910 l2=0.0192 id=0.1411  (2774.8s)
[19:22:02] INFO train_mapper: saved checkpoint -> checkpoints/mappers/egirl_heart.pt
[19:22:24] INFO train_mapper: [ 25200/50000] loss=0.7060 clip=0.6775 l2=0.0196 id=0.1284  (2797.8s)
[19:22:47] INFO train_mapper: [ 25400/50000] loss=0.7141 clip=0.6734 l2=0.0258 id=0.2010  (2819.8s)
[19:23:09] INFO train_mapper: [ 25600/50000] loss=0.7081 clip=0.6741 l2=0.0224 id=0.1608  (2841.8s)
[19:23:31] INFO train_mapper: [ 25800/50000] loss=0.7303 clip=0.6841 l2=0.0276 id=0.2414  (2863.9s)
[19:23:53] INFO train_mapper: [ 26000/50000] loss=0.7082 clip=0.6702 l2=0.0200 id=0.2194  (2886.0s)
[19:24:15] INFO train_mapper: [ 26200/50000] loss=0.7123 clip=0.6755 l2=0.0246 id=0.1709  (2908.0s)
[19:24:37] INFO train_mapper: [ 26400/50000] loss=0.7174 clip=0.6793 l2=0.0206 id=0.2162  (2930.0s)
[19:24:59] INFO train_mapper: [ 26600/50000] loss=0.7141 clip=0.6705 l2=0.0278 id=0.2134  (2952.1s)
[19:25:21] INFO train_mapper: [ 26800/50000] loss=0.7339 clip=0.6938 l2=0.0261 id=0.1918  (2974.1s)
[19:25:43] INFO train_mapper: [ 27000/50000] loss=0.7231 clip=0.6844 l2=0.0214 id=0.2161  (2996.2s)
[19:26:05] INFO train_mapper: [ 27200/50000] loss=0.7175 clip=0.6778 l2=0.0216 id=0.2252  (3018.2s)
[19:26:27] INFO train_mapper: [ 27400/50000] loss=0.7290 clip=0.6930 l2=0.0191 id=0.2067  (3040.3s)
[19:26:49] INFO train_mapper: [ 27600/50000] loss=0.7016 clip=0.6703 l2=0.0183 id=0.1665  (3062.3s)
[19:27:11] INFO train_mapper: [ 27800/50000] loss=0.7390 clip=0.6772 l2=0.0295 id=0.3813  (3084.3s)
[19:27:33] INFO train_mapper: [ 28000/50000] loss=0.7264 clip=0.6909 l2=0.0221 id=0.1788  (3106.3s)
[19:27:55] INFO train_mapper: [ 28200/50000] loss=0.7072 clip=0.6718 l2=0.0234 id=0.1666  (3128.3s)
[19:28:17] INFO train_mapper: [ 28400/50000] loss=0.7371 clip=0.6810 l2=0.0278 id=0.3382  (3150.3s)
[19:28:39] INFO train_mapper: [ 28600/50000] loss=0.7196 clip=0.6860 l2=0.0211 id=0.1675  (3172.3s)
[19:29:01] INFO train_mapper: [ 28800/50000] loss=0.7201 clip=0.6818 l2=0.0212 id=0.2134  (3194.2s)
[19:29:23] INFO train_mapper: [ 29000/50000] loss=0.7072 clip=0.6785 l2=0.0191 id=0.1337  (3216.3s)
[19:29:45] INFO train_mapper: [ 29200/50000] loss=0.7137 clip=0.6687 l2=0.0252 id=0.2489  (3238.3s)
[19:30:07] INFO train_mapper: [ 29400/50000] loss=0.7081 clip=0.6698 l2=0.0247 id=0.1858  (3260.3s)
[19:30:29] INFO train_mapper: [ 29600/50000] loss=0.7214 clip=0.6808 l2=0.0273 id=0.1870  (3282.3s)
[19:30:51] INFO train_mapper: [ 29800/50000] loss=0.7228 clip=0.6960 l2=0.0184 id=0.1205  (3304.3s)
[19:31:13] INFO train_mapper: [ 30000/50000] loss=0.7482 clip=0.7123 l2=0.0218 id=0.1849  (3326.3s)
[19:31:14] INFO train_mapper: saved checkpoint -> checkpoints/mappers/egirl_heart.pt
[19:31:36] INFO train_mapper: [ 30200/50000] loss=0.6997 clip=0.6664 l2=0.0221 id=0.1562  (3349.2s)
[19:31:58] INFO train_mapper: [ 30400/50000] loss=0.7238 clip=0.6915 l2=0.0187 id=0.1736  (3371.3s)
[19:32:20] INFO train_mapper: [ 30600/50000] loss=0.7270 clip=0.6905 l2=0.0211 id=0.1966  (3393.3s)
[19:32:42] INFO train_mapper: [ 30800/50000] loss=0.7204 clip=0.6770 l2=0.0265 id=0.2227  (3415.3s)
[19:33:04] INFO train_mapper: [ 31000/50000] loss=0.7053 clip=0.6635 l2=0.0234 id=0.2308  (3437.3s)
[19:33:26] INFO train_mapper: [ 31200/50000] loss=0.7020 clip=0.6626 l2=0.0232 id=0.2087  (3459.3s)
[19:33:48] INFO train_mapper: [ 31400/50000] loss=0.7145 clip=0.6876 l2=0.0214 id=0.0972  (3481.4s)
[19:34:10] INFO train_mapper: [ 31600/50000] loss=0.7217 clip=0.6814 l2=0.0267 id=0.1897  (3503.4s)
[19:34:32] INFO train_mapper: [ 31800/50000] loss=0.7185 clip=0.6713 l2=0.0291 id=0.2388  (3525.5s)
[19:34:54] INFO train_mapper: [ 32000/50000] loss=0.7105 clip=0.6799 l2=0.0205 id=0.1419  (3547.6s)
[19:35:16] INFO train_mapper: [ 32200/50000] loss=0.7370 clip=0.6832 l2=0.0374 id=0.2383  (3569.6s)
[19:35:38] INFO train_mapper: [ 32400/50000] loss=0.7220 clip=0.6864 l2=0.0239 id=0.1649  (3591.7s)
[19:36:00] INFO train_mapper: [ 32600/50000] loss=0.7137 clip=0.6697 l2=0.0293 id=0.2048  (3613.8s)
[19:36:23] INFO train_mapper: [ 32800/50000] loss=0.7294 clip=0.7045 l2=0.0175 id=0.1090  (3635.8s)
[19:36:45] INFO train_mapper: [ 33000/50000] loss=0.6931 clip=0.6660 l2=0.0183 id=0.1238  (3657.9s)
[19:37:07] INFO train_mapper: [ 33200/50000] loss=0.7219 clip=0.6807 l2=0.0226 id=0.2313  (3680.0s)
[19:37:29] INFO train_mapper: [ 33400/50000] loss=0.7289 clip=0.6688 l2=0.0346 id=0.3242  (3702.1s)
[19:37:51] INFO train_mapper: [ 33600/50000] loss=0.7106 clip=0.6664 l2=0.0224 id=0.2623  (3724.2s)
[19:38:13] INFO train_mapper: [ 33800/50000] loss=0.7055 clip=0.6750 l2=0.0204 id=0.1416  (3746.2s)
[19:38:35] INFO train_mapper: [ 34000/50000] loss=0.7079 clip=0.6702 l2=0.0218 id=0.2032  (3768.3s)
[19:38:57] INFO train_mapper: [ 34200/50000] loss=0.7015 clip=0.6625 l2=0.0269 id=0.1749  (3790.4s)
[19:39:19] INFO train_mapper: [ 34400/50000] loss=0.7114 clip=0.6730 l2=0.0246 id=0.1872  (3812.5s)
[19:39:41] INFO train_mapper: [ 34600/50000] loss=0.7143 clip=0.6803 l2=0.0217 id=0.1668  (3834.5s)
[19:40:03] INFO train_mapper: [ 34800/50000] loss=0.7268 clip=0.6902 l2=0.0229 id=0.1824  (3856.6s)
[19:40:25] INFO train_mapper: [ 35000/50000] loss=0.6950 clip=0.6534 l2=0.0261 id=0.2080  (3878.7s)
[19:40:26] INFO train_mapper: saved checkpoint -> checkpoints/mappers/egirl_heart.pt
[19:40:48] INFO train_mapper: [ 35200/50000] loss=0.7057 clip=0.6699 l2=0.0198 id=0.2006  (3901.7s)
[19:41:11] INFO train_mapper: [ 35400/50000] loss=0.7119 clip=0.6741 l2=0.0185 id=0.2302  (3923.8s)
[19:41:33] INFO train_mapper: [ 35600/50000] loss=0.7451 clip=0.6860 l2=0.0312 id=0.3408  (3945.9s)
[19:41:55] INFO train_mapper: [ 35800/50000] loss=0.6974 clip=0.6508 l2=0.0313 id=0.2159  (3968.0s)
[19:42:17] INFO train_mapper: [ 36000/50000] loss=0.7127 clip=0.6749 l2=0.0273 id=0.1602  (3990.0s)
[19:42:39] INFO train_mapper: [ 36200/50000] loss=0.7028 clip=0.6597 l2=0.0282 id=0.2056  (4012.1s)
[19:43:01] INFO train_mapper: [ 36400/50000] loss=0.7144 clip=0.6731 l2=0.0240 id=0.2218  (4034.2s)
[19:43:23] INFO train_mapper: [ 36600/50000] loss=0.7408 clip=0.7070 l2=0.0257 id=0.1318  (4056.3s)
[19:43:45] INFO train_mapper: [ 36800/50000] loss=0.7134 clip=0.6704 l2=0.0233 id=0.2442  (4078.3s)
[19:44:07] INFO train_mapper: [ 37000/50000] loss=0.7223 clip=0.6822 l2=0.0240 id=0.2091  (4100.3s)
[19:44:29] INFO train_mapper: [ 37200/50000] loss=0.7320 clip=0.7034 l2=0.0188 id=0.1355  (4122.3s)
[19:44:51] INFO train_mapper: [ 37400/50000] loss=0.7295 clip=0.6895 l2=0.0281 id=0.1755  (4144.3s)
[19:45:13] INFO train_mapper: [ 37600/50000] loss=0.7065 clip=0.6699 l2=0.0230 id=0.1824  (4166.4s)
[19:45:35] INFO train_mapper: [ 37800/50000] loss=0.7315 clip=0.6982 l2=0.0214 id=0.1621  (4188.4s)
[19:45:57] INFO train_mapper: [ 38000/50000] loss=0.7280 clip=0.6818 l2=0.0267 id=0.2485  (4210.4s)
[19:46:19] INFO train_mapper: [ 38200/50000] loss=0.7029 clip=0.6685 l2=0.0228 id=0.1613  (4232.4s)
[19:46:41] INFO train_mapper: [ 38400/50000] loss=0.7209 clip=0.6713 l2=0.0280 id=0.2731  (4254.4s)
[19:47:03] INFO train_mapper: [ 38600/50000] loss=0.7121 clip=0.6809 l2=0.0197 id=0.1542  (4276.4s)
[19:47:25] INFO train_mapper: [ 38800/50000] loss=0.7133 clip=0.6768 l2=0.0223 id=0.1876  (4298.4s)
[19:47:47] INFO train_mapper: [ 39000/50000] loss=0.7278 clip=0.6899 l2=0.0280 id=0.1547  (4320.4s)
[19:48:09] INFO train_mapper: [ 39200/50000] loss=0.7329 clip=0.6914 l2=0.0272 id=0.1966  (4342.4s)
[19:48:31] INFO train_mapper: [ 39400/50000] loss=0.7138 clip=0.6813 l2=0.0224 id=0.1460  (4364.4s)
[19:48:53] INFO train_mapper: [ 39600/50000] loss=0.7343 clip=0.6781 l2=0.0347 id=0.2836  (4386.4s)
[19:49:15] INFO train_mapper: [ 39800/50000] loss=0.7309 clip=0.6875 l2=0.0286 id=0.2059  (4408.5s)
[19:49:37] INFO train_mapper: [ 40000/50000] loss=0.7252 clip=0.6815 l2=0.0224 id=0.2579  (4430.5s)
[19:49:38] INFO train_mapper: saved checkpoint -> checkpoints/mappers/egirl_heart.pt
[19:50:00] INFO train_mapper: [ 40200/50000] loss=0.7027 clip=0.6649 l2=0.0247 id=0.1801  (4453.4s)
[19:50:22] INFO train_mapper: [ 40400/50000] loss=0.7326 clip=0.6743 l2=0.0346 id=0.3062  (4475.4s)
[19:50:44] INFO train_mapper: [ 40600/50000] loss=0.7239 clip=0.6952 l2=0.0189 id=0.1360  (4497.6s)
[19:51:06] INFO train_mapper: [ 40800/50000] loss=0.7142 clip=0.6612 l2=0.0323 id=0.2717  (4519.6s)
[19:51:28] INFO train_mapper: [ 41000/50000] loss=0.7042 clip=0.6710 l2=0.0183 id=0.1854  (4541.6s)
[19:51:50] INFO train_mapper: [ 41200/50000] loss=0.7150 clip=0.6692 l2=0.0293 id=0.2239  (4563.6s)
[19:52:12] INFO train_mapper: [ 41400/50000] loss=0.6992 clip=0.6629 l2=0.0212 id=0.1930  (4585.7s)
[19:52:34] INFO train_mapper: [ 41600/50000] loss=0.7393 clip=0.7035 l2=0.0223 id=0.1793  (4607.7s)
[19:52:56] INFO train_mapper: [ 41800/50000] loss=0.7359 clip=0.6917 l2=0.0271 id=0.2251  (4629.7s)
[19:53:19] INFO train_mapper: [ 42000/50000] loss=0.7000 clip=0.6584 l2=0.0230 id=0.2316  (4651.8s)
[19:53:41] INFO train_mapper: [ 42200/50000] loss=0.7210 clip=0.6746 l2=0.0274 id=0.2452  (4673.8s)
[19:54:03] INFO train_mapper: [ 42400/50000] loss=0.7273 clip=0.6864 l2=0.0218 id=0.2348  (4695.8s)
[19:54:25] INFO train_mapper: [ 42600/50000] loss=0.7032 clip=0.6709 l2=0.0214 id=0.1526  (4717.9s)
[19:54:47] INFO train_mapper: [ 42800/50000] loss=0.7220 clip=0.6812 l2=0.0229 id=0.2247  (4739.9s)
[19:55:09] INFO train_mapper: [ 43000/50000] loss=0.7047 clip=0.6653 l2=0.0253 id=0.1920  (4761.9s)
[19:55:31] INFO train_mapper: [ 43200/50000] loss=0.7220 clip=0.6804 l2=0.0269 id=0.2008  (4783.9s)
[19:55:53] INFO train_mapper: [ 43400/50000] loss=0.7373 clip=0.6891 l2=0.0282 id=0.2562  (4806.0s)
[19:56:15] INFO train_mapper: [ 43600/50000] loss=0.7448 clip=0.6985 l2=0.0286 id=0.2332  (4828.1s)
[19:56:37] INFO train_mapper: [ 43800/50000] loss=0.7203 clip=0.6772 l2=0.0251 id=0.2300  (4850.1s)
[19:56:59] INFO train_mapper: [ 44000/50000] loss=0.7169 clip=0.6721 l2=0.0276 id=0.2271  (4872.2s)
[19:57:21] INFO train_mapper: [ 44200/50000] loss=0.7265 clip=0.6750 l2=0.0289 id=0.2834  (4894.3s)
[19:57:43] INFO train_mapper: [ 44400/50000] loss=0.7115 clip=0.6627 l2=0.0282 id=0.2623  (4916.3s)
[19:58:05] INFO train_mapper: [ 44600/50000] loss=0.7150 clip=0.6734 l2=0.0266 id=0.2034  (4938.4s)
[19:58:27] INFO train_mapper: [ 44800/50000] loss=0.7098 clip=0.6645 l2=0.0245 id=0.2570  (4960.5s)
[19:58:49] INFO train_mapper: [ 45000/50000] loss=0.7128 clip=0.6722 l2=0.0273 id=0.1873  (4982.6s)
[19:58:50] INFO train_mapper: saved checkpoint -> checkpoints/mappers/egirl_heart.pt
[19:59:12] INFO train_mapper: [ 45200/50000] loss=0.7288 clip=0.6756 l2=0.0320 id=0.2762  (5005.6s)
[19:59:34] INFO train_mapper: [ 45400/50000] loss=0.7128 clip=0.6750 l2=0.0246 id=0.1811  (5027.7s)
[19:59:57] INFO train_mapper: [ 45600/50000] loss=0.7397 clip=0.6870 l2=0.0307 id=0.2811  (5049.8s)
[20:00:19] INFO train_mapper: [ 45800/50000] loss=0.6989 clip=0.6593 l2=0.0244 id=0.2008  (5071.9s)
[20:00:41] INFO train_mapper: [ 46000/50000] loss=0.7101 clip=0.6552 l2=0.0315 id=0.2964  (5093.9s)
[20:01:03] INFO train_mapper: [ 46200/50000] loss=0.7374 clip=0.6783 l2=0.0303 id=0.3487  (5116.0s)
[20:01:25] INFO train_mapper: [ 46400/50000] loss=0.7208 clip=0.6677 l2=0.0300 id=0.2906  (5138.1s)
[20:01:47] INFO train_mapper: [ 46600/50000] loss=0.7212 clip=0.6763 l2=0.0258 id=0.2421  (5160.2s)
[20:02:09] INFO train_mapper: [ 46800/50000] loss=0.7224 clip=0.6647 l2=0.0326 id=0.3165  (5182.2s)
[20:02:31] INFO train_mapper: [ 47000/50000] loss=0.7305 clip=0.6775 l2=0.0325 id=0.2701  (5204.3s)
[20:02:53] INFO train_mapper: [ 47200/50000] loss=0.7258 clip=0.6691 l2=0.0294 id=0.3311  (5226.3s)
[20:03:15] INFO train_mapper: [ 47400/50000] loss=0.7164 clip=0.6758 l2=0.0248 id=0.2073  (5248.4s)
[20:03:37] INFO train_mapper: [ 47600/50000] loss=0.7288 clip=0.6736 l2=0.0321 id=0.2950  (5270.4s)
[20:03:59] INFO train_mapper: [ 47800/50000] loss=0.7158 clip=0.6604 l2=0.0363 id=0.2639  (5292.5s)
[20:04:21] INFO train_mapper: [ 48000/50000] loss=0.7104 clip=0.6653 l2=0.0244 id=0.2558  (5314.5s)
[20:04:43] INFO train_mapper: [ 48200/50000] loss=0.7192 clip=0.6693 l2=0.0331 id=0.2347  (5336.6s)
[20:05:05] INFO train_mapper: [ 48400/50000] loss=0.7169 clip=0.6721 l2=0.0297 id=0.2097  (5358.6s)
[20:05:27] INFO train_mapper: [ 48600/50000] loss=0.7304 clip=0.6757 l2=0.0280 id=0.3232  (5380.7s)
[20:05:49] INFO train_mapper: [ 48800/50000] loss=0.6999 clip=0.6705 l2=0.0197 id=0.1363  (5402.7s)
[20:06:11] INFO train_mapper: [ 49000/50000] loss=0.7159 clip=0.6801 l2=0.0212 id=0.1886  (5424.7s)
[20:06:33] INFO train_mapper: [ 49200/50000] loss=0.7224 clip=0.6707 l2=0.0311 id=0.2681  (5446.8s)
[20:06:55] INFO train_mapper: [ 49400/50000] loss=0.7372 clip=0.6764 l2=0.0297 id=0.3702  (5468.8s)
[20:07:17] INFO train_mapper: [ 49600/50000] loss=0.7296 clip=0.6932 l2=0.0243 id=0.1695  (5490.8s)
[20:07:39] INFO train_mapper: [ 49800/50000] loss=0.7067 clip=0.6597 l2=0.0251 id=0.2697  (5512.8s)
[20:08:01] INFO train_mapper: [ 50000/50000] loss=0.7129 clip=0.6744 l2=0.0235 id=0.1978  (5534.8s)
[20:08:02] INFO train_mapper: saved checkpoint -> checkpoints/mappers/egirl_heart.pt
[20:08:02] INFO train_mapper: done.
