[16:59:15] INFO train_mapper: training mapper for: 'a person with golden freckles constellation across the face'
/home/yangqining/CartoonGan/avatar_studio/avatar_studio/edit/mapper.py:180: UserWarning: Converting a tensor with requires_grad=True to a scalar may lead to unexpected behavior.
Consider using tensor.detach() first. (Triggered internally at /pytorch/torch/csrc/autograd/generated/python_variable_methods.cpp:838.)
  "id":   float(l_id) if isinstance(l_id, torch.Tensor) else l_id}
[16:59:37] INFO train_mapper: [   200/50000] loss=0.6823 clip=0.6335 l2=0.0263 id=0.2767  (22.8s)
[17:00:00] INFO train_mapper: [   400/50000] loss=0.6787 clip=0.6188 l2=0.0349 id=0.3190  (45.2s)
[17:00:22] INFO train_mapper: [   600/50000] loss=0.6681 clip=0.6169 l2=0.0298 id=0.2739  (67.7s)
[17:00:45] INFO train_mapper: [   800/50000] loss=0.6668 clip=0.6120 l2=0.0288 id=0.3184  (90.2s)
[17:01:07] INFO train_mapper: [  1000/50000] loss=0.7272 clip=0.6726 l2=0.0364 id=0.2547  (112.7s)
[17:01:30] INFO train_mapper: [  1200/50000] loss=0.7110 clip=0.6505 l2=0.0400 id=0.2855  (135.2s)
[17:01:52] INFO train_mapper: [  1400/50000] loss=0.6824 clip=0.6279 l2=0.0341 id=0.2718  (157.8s)
[17:02:15] INFO train_mapper: [  1600/50000] loss=0.6626 clip=0.6053 l2=0.0353 id=0.2918  (180.3s)
[17:02:37] INFO train_mapper: [  1800/50000] loss=0.6741 clip=0.6297 l2=0.0323 id=0.1853  (202.8s)
[17:03:00] INFO train_mapper: [  2000/50000] loss=0.6528 clip=0.6010 l2=0.0300 id=0.2773  (225.3s)
[17:03:22] INFO train_mapper: [  2200/50000] loss=0.6612 clip=0.6043 l2=0.0344 id=0.2935  (247.8s)
[17:03:45] INFO train_mapper: [  2400/50000] loss=0.6705 clip=0.6169 l2=0.0332 id=0.2704  (270.3s)
[17:04:08] INFO train_mapper: [  2600/50000] loss=0.6542 clip=0.6122 l2=0.0251 id=0.2198  (292.9s)
[17:04:30] INFO train_mapper: [  2800/50000] loss=0.6583 clip=0.6109 l2=0.0266 id=0.2612  (315.5s)
[17:04:53] INFO train_mapper: [  3000/50000] loss=0.6685 clip=0.6245 l2=0.0293 id=0.2063  (338.0s)
[17:05:15] INFO train_mapper: [  3200/50000] loss=0.6485 clip=0.6006 l2=0.0251 id=0.2780  (360.5s)
[17:05:38] INFO train_mapper: [  3400/50000] loss=0.6524 clip=0.5896 l2=0.0356 id=0.3424  (383.1s)
[17:06:00] INFO train_mapper: [  3600/50000] loss=0.6642 clip=0.6199 l2=0.0273 id=0.2240  (405.6s)
[17:06:23] INFO train_mapper: [  3800/50000] loss=0.6795 clip=0.6421 l2=0.0227 id=0.1924  (428.0s)
[17:06:45] INFO train_mapper: [  4000/50000] loss=0.6529 clip=0.6030 l2=0.0288 id=0.2683  (450.6s)
[17:07:08] INFO train_mapper: [  4200/50000] loss=0.6538 clip=0.6084 l2=0.0272 id=0.2366  (473.3s)
[17:07:31] INFO train_mapper: [  4400/50000] loss=0.6361 clip=0.5905 l2=0.0310 id=0.2082  (495.9s)
[17:07:53] INFO train_mapper: [  4600/50000] loss=0.6744 clip=0.6347 l2=0.0220 id=0.2213  (518.4s)
[17:08:16] INFO train_mapper: [  4800/50000] loss=0.6531 clip=0.6002 l2=0.0329 id=0.2657  (540.9s)
[17:08:38] INFO train_mapper: [  5000/50000] loss=0.6690 clip=0.6231 l2=0.0326 id=0.1985  (563.5s)
[17:08:39] INFO train_mapper: saved checkpoint -> checkpoints/mappers/golden_freckles.pt
[17:09:02] INFO train_mapper: [  5200/50000] loss=0.6582 clip=0.6043 l2=0.0367 id=0.2453  (586.9s)
[17:09:24] INFO train_mapper: [  5400/50000] loss=0.6537 clip=0.5916 l2=0.0329 id=0.3579  (609.4s)
[17:09:46] INFO train_mapper: [  5600/50000] loss=0.6793 clip=0.6301 l2=0.0405 id=0.1671  (631.8s)
[17:10:09] INFO train_mapper: [  5800/50000] loss=0.6528 clip=0.5984 l2=0.0356 id=0.2594  (654.3s)
[17:10:31] INFO train_mapper: [  6000/50000] loss=0.6738 clip=0.6194 l2=0.0345 id=0.2676  (676.7s)
[17:10:54] INFO train_mapper: [  6200/50000] loss=0.6398 clip=0.5834 l2=0.0338 id=0.2935  (699.2s)
[17:11:16] INFO train_mapper: [  6400/50000] loss=0.6274 clip=0.5881 l2=0.0216 id=0.2199  (721.6s)
[17:11:39] INFO train_mapper: [  6600/50000] loss=0.6475 clip=0.5979 l2=0.0309 id=0.2481  (744.1s)
[17:12:01] INFO train_mapper: [  6800/50000] loss=0.6832 clip=0.6240 l2=0.0335 id=0.3235  (766.6s)
[17:12:24] INFO train_mapper: [  7000/50000] loss=0.6621 clip=0.6023 l2=0.0366 id=0.3054  (789.0s)
[17:12:46] INFO train_mapper: [  7200/50000] loss=0.6488 clip=0.5955 l2=0.0358 id=0.2469  (811.5s)
[17:13:09] INFO train_mapper: [  7400/50000] loss=0.6384 clip=0.6029 l2=0.0238 id=0.1652  (834.0s)
[17:13:31] INFO train_mapper: [  7600/50000] loss=0.6683 clip=0.6132 l2=0.0320 id=0.2956  (856.5s)
[17:13:54] INFO train_mapper: [  7800/50000] loss=0.6353 clip=0.5881 l2=0.0281 id=0.2473  (879.0s)
[17:14:16] INFO train_mapper: [  8000/50000] loss=0.6700 clip=0.6118 l2=0.0313 id=0.3315  (901.6s)
[17:14:39] INFO train_mapper: [  8200/50000] loss=0.6745 clip=0.6225 l2=0.0311 id=0.2714  (924.1s)
[17:15:01] INFO train_mapper: [  8400/50000] loss=0.7001 clip=0.6245 l2=0.0513 id=0.3455  (946.6s)
[17:15:24] INFO train_mapper: [  8600/50000] loss=0.6422 clip=0.6044 l2=0.0245 id=0.1817  (969.2s)
[17:15:46] INFO train_mapper: [  8800/50000] loss=0.6681 clip=0.6040 l2=0.0346 id=0.3638  (991.8s)
[17:16:09] INFO train_mapper: [  9000/50000] loss=0.6405 clip=0.5835 l2=0.0368 id=0.2758  (1014.3s)
[17:16:31] INFO train_mapper: [  9200/50000] loss=0.6745 clip=0.5954 l2=0.0351 id=0.5097  (1036.8s)
[17:16:54] INFO train_mapper: [  9400/50000] loss=0.6476 clip=0.5999 l2=0.0299 id=0.2377  (1059.4s)
[17:17:17] INFO train_mapper: [  9600/50000] loss=0.6571 clip=0.5998 l2=0.0351 id=0.2923  (1081.9s)
[17:17:39] INFO train_mapper: [  9800/50000] loss=0.6363 clip=0.5761 l2=0.0379 id=0.2987  (1104.4s)
[17:18:02] INFO train_mapper: [ 10000/50000] loss=0.6353 clip=0.5820 l2=0.0320 id=0.2768  (1127.0s)
[17:18:03] INFO train_mapper: saved checkpoint -> checkpoints/mappers/golden_freckles.pt
[17:18:25] INFO train_mapper: [ 10200/50000] loss=0.6390 clip=0.5838 l2=0.0302 id=0.3105  (1150.4s)
[17:18:48] INFO train_mapper: [ 10400/50000] loss=0.6647 clip=0.6175 l2=0.0316 id=0.2198  (1172.9s)
[17:19:10] INFO train_mapper: [ 10600/50000] loss=0.6603 clip=0.5975 l2=0.0379 id=0.3249  (1195.4s)
[17:19:33] INFO train_mapper: [ 10800/50000] loss=0.6535 clip=0.5857 l2=0.0357 id=0.3929  (1217.9s)
[17:19:55] INFO train_mapper: [ 11000/50000] loss=0.6442 clip=0.5797 l2=0.0386 id=0.3366  (1240.3s)
[17:20:17] INFO train_mapper: [ 11200/50000] loss=0.6587 clip=0.6015 l2=0.0312 id=0.3229  (1262.8s)
[17:20:40] INFO train_mapper: [ 11400/50000] loss=0.6339 clip=0.5843 l2=0.0258 id=0.2894  (1285.2s)
[17:21:02] INFO train_mapper: [ 11600/50000] loss=0.6076 clip=0.5673 l2=0.0286 id=0.1742  (1307.8s)
[17:21:25] INFO train_mapper: [ 11800/50000] loss=0.6326 clip=0.5793 l2=0.0296 id=0.2966  (1330.2s)
[17:21:47] INFO train_mapper: [ 12000/50000] loss=0.6563 clip=0.6085 l2=0.0296 id=0.2409  (1352.7s)
[17:22:10] INFO train_mapper: [ 12200/50000] loss=0.6424 clip=0.5884 l2=0.0292 id=0.3066  (1375.2s)
[17:22:32] INFO train_mapper: [ 12400/50000] loss=0.6305 clip=0.5792 l2=0.0337 id=0.2438  (1397.7s)
[17:22:55] INFO train_mapper: [ 12600/50000] loss=0.6562 clip=0.5989 l2=0.0382 id=0.2678  (1420.2s)
[17:23:17] INFO train_mapper: [ 12800/50000] loss=0.6557 clip=0.5964 l2=0.0406 id=0.2679  (1442.7s)
[17:23:40] INFO train_mapper: [ 13000/50000] loss=0.6523 clip=0.5964 l2=0.0341 id=0.2866  (1465.3s)
[17:24:02] INFO train_mapper: [ 13200/50000] loss=0.6523 clip=0.5980 l2=0.0287 id=0.3135  (1487.6s)
[17:24:25] INFO train_mapper: [ 13400/50000] loss=0.6432 clip=0.5913 l2=0.0305 id=0.2753  (1510.1s)
[17:24:47] INFO train_mapper: [ 13600/50000] loss=0.6339 clip=0.5824 l2=0.0285 id=0.2873  (1532.6s)
[17:25:10] INFO train_mapper: [ 13800/50000] loss=0.6597 clip=0.5924 l2=0.0443 id=0.3187  (1555.1s)
[17:25:32] INFO train_mapper: [ 14000/50000] loss=0.6427 clip=0.5854 l2=0.0320 id=0.3169  (1577.7s)
[17:25:55] INFO train_mapper: [ 14200/50000] loss=0.6440 clip=0.5957 l2=0.0289 id=0.2527  (1600.2s)
[17:26:17] INFO train_mapper: [ 14400/50000] loss=0.6539 clip=0.6072 l2=0.0327 id=0.2055  (1622.8s)
[17:26:40] INFO train_mapper: [ 14600/50000] loss=0.6260 clip=0.5690 l2=0.0355 id=0.2857  (1645.4s)
[17:27:03] INFO train_mapper: [ 14800/50000] loss=0.6597 clip=0.6014 l2=0.0348 id=0.3041  (1667.9s)
[17:27:25] INFO train_mapper: [ 15000/50000] loss=0.6286 clip=0.5832 l2=0.0247 id=0.2572  (1690.4s)
[17:27:26] INFO train_mapper: saved checkpoint -> checkpoints/mappers/golden_freckles.pt
[17:27:49] INFO train_mapper: [ 15200/50000] loss=0.6611 clip=0.6109 l2=0.0293 id=0.2672  (1713.9s)
[17:28:11] INFO train_mapper: [ 15400/50000] loss=0.6586 clip=0.5956 l2=0.0357 id=0.3433  (1736.4s)
[17:28:34] INFO train_mapper: [ 15600/50000] loss=0.6335 clip=0.5889 l2=0.0320 id=0.1896  (1758.9s)
[17:28:56] INFO train_mapper: [ 15800/50000] loss=0.6250 clip=0.5733 l2=0.0324 id=0.2576  (1781.5s)
[17:29:19] INFO train_mapper: [ 16000/50000] loss=0.6286 clip=0.5835 l2=0.0299 id=0.2116  (1804.1s)
[17:29:41] INFO train_mapper: [ 16200/50000] loss=0.6467 clip=0.5916 l2=0.0327 id=0.2888  (1826.6s)
[17:30:04] INFO train_mapper: [ 16400/50000] loss=0.6162 clip=0.5702 l2=0.0276 id=0.2395  (1849.1s)
[17:30:26] INFO train_mapper: [ 16600/50000] loss=0.6583 clip=0.6112 l2=0.0319 id=0.2158  (1871.6s)
[17:30:49] INFO train_mapper: [ 16800/50000] loss=0.6402 clip=0.5642 l2=0.0302 id=0.5184  (1894.2s)
[17:31:11] INFO train_mapper: [ 17000/50000] loss=0.6243 clip=0.5704 l2=0.0346 id=0.2618  (1916.7s)
[17:31:34] INFO train_mapper: [ 17200/50000] loss=0.6269 clip=0.5745 l2=0.0361 id=0.2350  (1939.2s)
[17:31:56] INFO train_mapper: [ 17400/50000] loss=0.6415 clip=0.5954 l2=0.0302 id=0.2188  (1961.8s)
[17:32:19] INFO train_mapper: [ 17600/50000] loss=0.6318 clip=0.5763 l2=0.0347 id=0.2773  (1984.3s)
[17:32:41] INFO train_mapper: [ 17800/50000] loss=0.6569 clip=0.6089 l2=0.0301 id=0.2385  (2006.8s)
[17:33:04] INFO train_mapper: [ 18000/50000] loss=0.6703 clip=0.5853 l2=0.0452 id=0.4880  (2029.3s)
[17:33:26] INFO train_mapper: [ 18200/50000] loss=0.6578 clip=0.5995 l2=0.0329 id=0.3199  (2051.8s)
[17:33:49] INFO train_mapper: [ 18400/50000] loss=0.6948 clip=0.6231 l2=0.0347 id=0.4400  (2074.3s)
[17:34:11] INFO train_mapper: [ 18600/50000] loss=0.6233 clip=0.5803 l2=0.0272 id=0.2123  (2096.6s)
[17:34:34] INFO train_mapper: [ 18800/50000] loss=0.6467 clip=0.5888 l2=0.0340 id=0.3072  (2119.2s)
[17:34:56] INFO train_mapper: [ 19000/50000] loss=0.6513 clip=0.5899 l2=0.0372 id=0.3164  (2141.6s)
[17:35:18] INFO train_mapper: [ 19200/50000] loss=0.6268 clip=0.5822 l2=0.0280 id=0.2219  (2163.8s)
[17:35:41] INFO train_mapper: [ 19400/50000] loss=0.6407 clip=0.5954 l2=0.0316 id=0.2004  (2186.0s)
[17:36:03] INFO train_mapper: [ 19600/50000] loss=0.6567 clip=0.5981 l2=0.0373 id=0.2866  (2208.2s)
[17:36:25] INFO train_mapper: [ 19800/50000] loss=0.6506 clip=0.5860 l2=0.0337 id=0.3765  (2230.5s)
[17:36:47] INFO train_mapper: [ 20000/50000] loss=0.6503 clip=0.6054 l2=0.0269 id=0.2335  (2252.7s)
[17:36:48] INFO train_mapper: saved checkpoint -> checkpoints/mappers/golden_freckles.pt
[17:37:11] INFO train_mapper: [ 20200/50000] loss=0.6487 clip=0.5810 l2=0.0449 id=0.3174  (2275.9s)
[17:37:33] INFO train_mapper: [ 20400/50000] loss=0.6400 clip=0.5812 l2=0.0344 id=0.3122  (2298.1s)
[17:37:55] INFO train_mapper: [ 20600/50000] loss=0.6299 clip=0.5688 l2=0.0349 id=0.3320  (2320.4s)
[17:38:17] INFO train_mapper: [ 20800/50000] loss=0.6232 clip=0.5724 l2=0.0320 id=0.2516  (2342.6s)
[17:38:39] INFO train_mapper: [ 21000/50000] loss=0.6714 clip=0.6190 l2=0.0321 id=0.2671  (2364.8s)
[17:39:02] INFO train_mapper: [ 21200/50000] loss=0.6425 clip=0.5913 l2=0.0272 id=0.2941  (2387.0s)
[17:39:24] INFO train_mapper: [ 21400/50000] loss=0.6261 clip=0.5815 l2=0.0252 id=0.2440  (2409.3s)
[17:39:46] INFO train_mapper: [ 21600/50000] loss=0.6306 clip=0.5734 l2=0.0341 id=0.2992  (2431.6s)
[17:40:08] INFO train_mapper: [ 21800/50000] loss=0.6693 clip=0.5920 l2=0.0390 id=0.4619  (2453.8s)
[17:40:31] INFO train_mapper: [ 22000/50000] loss=0.6455 clip=0.5883 l2=0.0315 id=0.3200  (2476.0s)
[17:40:53] INFO train_mapper: [ 22200/50000] loss=0.6632 clip=0.6060 l2=0.0331 id=0.3081  (2498.2s)
[17:41:15] INFO train_mapper: [ 22400/50000] loss=0.6305 clip=0.5759 l2=0.0325 id=0.2853  (2520.5s)
[17:41:37] INFO train_mapper: [ 22600/50000] loss=0.6742 clip=0.6139 l2=0.0385 id=0.2942  (2542.7s)
[17:42:00] INFO train_mapper: [ 22800/50000] loss=0.6529 clip=0.5828 l2=0.0411 id=0.3717  (2564.9s)
[17:42:22] INFO train_mapper: [ 23000/50000] loss=0.6171 clip=0.5695 l2=0.0269 id=0.2606  (2587.1s)
[17:42:44] INFO train_mapper: [ 23200/50000] loss=0.6452 clip=0.5963 l2=0.0289 id=0.2584  (2609.5s)
[17:43:06] INFO train_mapper: [ 23400/50000] loss=0.6256 clip=0.5858 l2=0.0261 id=0.1895  (2631.7s)
[17:43:29] INFO train_mapper: [ 23600/50000] loss=0.6229 clip=0.5782 l2=0.0325 id=0.1864  (2653.9s)
[17:43:51] INFO train_mapper: [ 23800/50000] loss=0.6472 clip=0.5908 l2=0.0382 id=0.2583  (2676.1s)
[17:44:13] INFO train_mapper: [ 24000/50000] loss=0.6346 clip=0.5812 l2=0.0364 id=0.2430  (2698.4s)
[17:44:35] INFO train_mapper: [ 24200/50000] loss=0.6500 clip=0.5903 l2=0.0311 id=0.3482  (2720.6s)
[17:44:57] INFO train_mapper: [ 24400/50000] loss=0.6414 clip=0.5835 l2=0.0271 id=0.3626  (2742.8s)
[17:45:20] INFO train_mapper: [ 24600/50000] loss=0.6293 clip=0.5738 l2=0.0271 id=0.3383  (2765.1s)
[17:45:42] INFO train_mapper: [ 24800/50000] loss=0.6554 clip=0.5975 l2=0.0404 id=0.2560  (2787.3s)
[17:46:04] INFO train_mapper: [ 25000/50000] loss=0.6590 clip=0.5886 l2=0.0414 id=0.3724  (2809.5s)
[17:46:05] INFO train_mapper: saved checkpoint -> checkpoints/mappers/golden_freckles.pt
[17:46:27] INFO train_mapper: [ 25200/50000] loss=0.6353 clip=0.5754 l2=0.0380 id=0.2957  (2832.5s)
[17:46:49] INFO train_mapper: [ 25400/50000] loss=0.6520 clip=0.5942 l2=0.0410 id=0.2497  (2854.8s)
[17:47:12] INFO train_mapper: [ 25600/50000] loss=0.6168 clip=0.5606 l2=0.0298 id=0.3239  (2877.0s)
[17:47:34] INFO train_mapper: [ 25800/50000] loss=0.6175 clip=0.5607 l2=0.0291 id=0.3348  (2899.2s)
[17:47:56] INFO train_mapper: [ 26000/50000] loss=0.6320 clip=0.5814 l2=0.0313 id=0.2553  (2921.6s)
[17:48:18] INFO train_mapper: [ 26200/50000] loss=0.6635 clip=0.5965 l2=0.0397 id=0.3523  (2943.8s)
[17:48:41] INFO train_mapper: [ 26400/50000] loss=0.6355 clip=0.5785 l2=0.0302 id=0.3284  (2966.1s)
[17:49:03] INFO train_mapper: [ 26600/50000] loss=0.6532 clip=0.5952 l2=0.0346 id=0.3041  (2988.3s)
[17:49:25] INFO train_mapper: [ 26800/50000] loss=0.6424 clip=0.5932 l2=0.0289 id=0.2609  (3010.6s)
[17:49:47] INFO train_mapper: [ 27000/50000] loss=0.6495 clip=0.5809 l2=0.0423 id=0.3479  (3032.8s)
[17:50:10] INFO train_mapper: [ 27200/50000] loss=0.6533 clip=0.6048 l2=0.0285 id=0.2577  (3055.1s)
[17:50:32] INFO train_mapper: [ 27400/50000] loss=0.6592 clip=0.6036 l2=0.0332 id=0.2903  (3077.4s)
[17:50:54] INFO train_mapper: [ 27600/50000] loss=0.6256 clip=0.5714 l2=0.0382 id=0.2363  (3099.7s)
[17:51:17] INFO train_mapper: [ 27800/50000] loss=0.6366 clip=0.5839 l2=0.0312 id=0.2776  (3122.0s)
[17:51:39] INFO train_mapper: [ 28000/50000] loss=0.6372 clip=0.5827 l2=0.0358 id=0.2587  (3144.2s)
[17:52:01] INFO train_mapper: [ 28200/50000] loss=0.6407 clip=0.5982 l2=0.0293 id=0.1915  (3166.5s)
[17:52:23] INFO train_mapper: [ 28400/50000] loss=0.6107 clip=0.5572 l2=0.0330 id=0.2707  (3188.8s)
[17:52:46] INFO train_mapper: [ 28600/50000] loss=0.6234 clip=0.5635 l2=0.0342 id=0.3255  (3211.1s)
[17:53:08] INFO train_mapper: [ 28800/50000] loss=0.6292 clip=0.5855 l2=0.0289 id=0.2062  (3233.3s)
[17:53:30] INFO train_mapper: [ 29000/50000] loss=0.6455 clip=0.5879 l2=0.0296 id=0.3386  (3255.7s)
[17:53:53] INFO train_mapper: [ 29200/50000] loss=0.6840 clip=0.6356 l2=0.0330 id=0.2203  (3277.9s)
[17:54:15] INFO train_mapper: [ 29400/50000] loss=0.6402 clip=0.5794 l2=0.0381 id=0.3035  (3300.2s)
[17:54:37] INFO train_mapper: [ 29600/50000] loss=0.6326 clip=0.5823 l2=0.0339 id=0.2311  (3322.4s)
[17:54:59] INFO train_mapper: [ 29800/50000] loss=0.6474 clip=0.5959 l2=0.0340 id=0.2432  (3344.7s)
[17:55:22] INFO train_mapper: [ 30000/50000] loss=0.6340 clip=0.5911 l2=0.0265 id=0.2168  (3367.0s)
[17:55:23] INFO train_mapper: saved checkpoint -> checkpoints/mappers/golden_freckles.pt
[17:55:45] INFO train_mapper: [ 30200/50000] loss=0.6373 clip=0.5878 l2=0.0297 id=0.2574  (3390.1s)
[17:56:07] INFO train_mapper: [ 30400/50000] loss=0.6472 clip=0.5888 l2=0.0388 id=0.2736  (3412.4s)
[17:56:29] INFO train_mapper: [ 30600/50000] loss=0.6383 clip=0.5960 l2=0.0268 id=0.2088  (3434.7s)
[17:56:52] INFO train_mapper: [ 30800/50000] loss=0.6485 clip=0.5933 l2=0.0371 id=0.2556  (3456.9s)
[17:57:14] INFO train_mapper: [ 31000/50000] loss=0.6290 clip=0.5778 l2=0.0321 id=0.2558  (3479.2s)
[17:57:36] INFO train_mapper: [ 31200/50000] loss=0.6421 clip=0.5904 l2=0.0323 id=0.2588  (3501.4s)
[17:57:58] INFO train_mapper: [ 31400/50000] loss=0.6203 clip=0.5746 l2=0.0304 id=0.2143  (3523.7s)
[17:58:21] INFO train_mapper: [ 31600/50000] loss=0.6536 clip=0.5937 l2=0.0357 id=0.3134  (3545.9s)
[17:58:43] INFO train_mapper: [ 31800/50000] loss=0.6225 clip=0.5744 l2=0.0348 id=0.2027  (3568.2s)
[17:59:05] INFO train_mapper: [ 32000/50000] loss=0.6445 clip=0.5863 l2=0.0323 id=0.3242  (3590.4s)
[17:59:27] INFO train_mapper: [ 32200/50000] loss=0.6332 clip=0.5802 l2=0.0340 id=0.2575  (3612.7s)
[17:59:50] INFO train_mapper: [ 32400/50000] loss=0.6456 clip=0.5816 l2=0.0366 id=0.3475  (3634.9s)
[18:00:12] INFO train_mapper: [ 32600/50000] loss=0.6498 clip=0.5886 l2=0.0425 id=0.2722  (3657.2s)
[18:00:34] INFO train_mapper: [ 32800/50000] loss=0.6392 clip=0.5754 l2=0.0409 id=0.3110  (3679.4s)
[18:00:56] INFO train_mapper: [ 33000/50000] loss=0.6137 clip=0.5673 l2=0.0284 id=0.2373  (3701.7s)
[18:01:19] INFO train_mapper: [ 33200/50000] loss=0.6487 clip=0.5987 l2=0.0331 id=0.2354  (3724.0s)
[18:01:41] INFO train_mapper: [ 33400/50000] loss=0.6499 clip=0.5952 l2=0.0338 id=0.2769  (3746.3s)
[18:02:03] INFO train_mapper: [ 33600/50000] loss=0.6587 clip=0.5986 l2=0.0351 id=0.3201  (3768.6s)
[18:02:25] INFO train_mapper: [ 33800/50000] loss=0.6462 clip=0.5830 l2=0.0482 id=0.2474  (3790.8s)
[18:02:48] INFO train_mapper: [ 34000/50000] loss=0.6183 clip=0.5691 l2=0.0316 id=0.2394  (3813.1s)
[18:03:10] INFO train_mapper: [ 34200/50000] loss=0.6720 clip=0.6276 l2=0.0297 id=0.2067  (3835.3s)
[18:03:32] INFO train_mapper: [ 34400/50000] loss=0.6340 clip=0.5856 l2=0.0289 id=0.2523  (3857.6s)
[18:03:54] INFO train_mapper: [ 34600/50000] loss=0.6161 clip=0.5690 l2=0.0303 id=0.2283  (3879.9s)
[18:04:17] INFO train_mapper: [ 34800/50000] loss=0.6685 clip=0.5948 l2=0.0414 id=0.4048  (3902.2s)
[18:04:39] INFO train_mapper: [ 35000/50000] loss=0.6180 clip=0.5765 l2=0.0317 id=0.1616  (3924.5s)
[18:04:40] INFO train_mapper: saved checkpoint -> checkpoints/mappers/golden_freckles.pt
[18:05:02] INFO train_mapper: [ 35200/50000] loss=0.6701 clip=0.6121 l2=0.0327 id=0.3185  (3947.6s)
[18:05:24] INFO train_mapper: [ 35400/50000] loss=0.6477 clip=0.6025 l2=0.0299 id=0.2130  (3969.8s)
[18:05:47] INFO train_mapper: [ 35600/50000] loss=0.6130 clip=0.5711 l2=0.0282 id=0.1937  (3992.0s)
[18:06:09] INFO train_mapper: [ 35800/50000] loss=0.6577 clip=0.5982 l2=0.0464 id=0.2232  (4014.2s)
[18:06:31] INFO train_mapper: [ 36000/50000] loss=0.6678 clip=0.6051 l2=0.0357 id=0.3418  (4036.4s)
[18:06:53] INFO train_mapper: [ 36200/50000] loss=0.6430 clip=0.5753 l2=0.0384 id=0.3702  (4058.8s)
[18:07:16] INFO train_mapper: [ 36400/50000] loss=0.6476 clip=0.5910 l2=0.0346 id=0.2890  (4081.0s)
[18:07:38] INFO train_mapper: [ 36600/50000] loss=0.6285 clip=0.5625 l2=0.0367 id=0.3655  (4103.2s)
[18:08:00] INFO train_mapper: [ 36800/50000] loss=0.6437 clip=0.5959 l2=0.0277 id=0.2569  (4125.5s)
[18:08:22] INFO train_mapper: [ 37000/50000] loss=0.6625 clip=0.6036 l2=0.0378 id=0.2863  (4147.7s)
[18:08:45] INFO train_mapper: [ 37200/50000] loss=0.6261 clip=0.5707 l2=0.0322 id=0.2959  (4170.0s)
[18:09:07] INFO train_mapper: [ 37400/50000] loss=0.6529 clip=0.6012 l2=0.0334 id=0.2496  (4192.2s)
[18:09:29] INFO train_mapper: [ 37600/50000] loss=0.6395 clip=0.5919 l2=0.0305 id=0.2324  (4214.6s)
[18:09:52] INFO train_mapper: [ 37800/50000] loss=0.6469 clip=0.5993 l2=0.0297 id=0.2382  (4236.9s)
[18:10:14] INFO train_mapper: [ 38000/50000] loss=0.6582 clip=0.5909 l2=0.0410 id=0.3449  (4259.1s)
[18:10:36] INFO train_mapper: [ 38200/50000] loss=0.6142 clip=0.5639 l2=0.0378 id=0.2006  (4281.3s)
[18:10:58] INFO train_mapper: [ 38400/50000] loss=0.6719 clip=0.6154 l2=0.0315 id=0.3136  (4303.6s)
[18:11:20] INFO train_mapper: [ 38600/50000] loss=0.6447 clip=0.5956 l2=0.0349 id=0.2114  (4325.8s)
[18:11:43] INFO train_mapper: [ 38800/50000] loss=0.6900 clip=0.6304 l2=0.0478 id=0.2137  (4348.1s)
[18:12:05] INFO train_mapper: [ 39000/50000] loss=0.6344 clip=0.5772 l2=0.0360 id=0.2845  (4370.4s)
[18:12:27] INFO train_mapper: [ 39200/50000] loss=0.6292 clip=0.5646 l2=0.0337 id=0.3759  (4392.7s)
[18:12:50] INFO train_mapper: [ 39400/50000] loss=0.6576 clip=0.5940 l2=0.0386 id=0.3274  (4414.9s)
[18:13:12] INFO train_mapper: [ 39600/50000] loss=0.6403 clip=0.5814 l2=0.0403 id=0.2671  (4437.2s)
[18:13:34] INFO train_mapper: [ 39800/50000] loss=0.6469 clip=0.5899 l2=0.0368 id=0.2759  (4459.4s)
[18:13:56] INFO train_mapper: [ 40000/50000] loss=0.6290 clip=0.5815 l2=0.0285 id=0.2481  (4481.6s)
[18:13:57] INFO train_mapper: saved checkpoint -> checkpoints/mappers/golden_freckles.pt
[18:14:19] INFO train_mapper: [ 40200/50000] loss=0.6294 clip=0.5759 l2=0.0341 id=0.2616  (4504.7s)
[18:14:42] INFO train_mapper: [ 40400/50000] loss=0.6386 clip=0.5783 l2=0.0357 id=0.3175  (4526.9s)
[18:15:04] INFO train_mapper: [ 40600/50000] loss=0.6240 clip=0.5737 l2=0.0313 id=0.2528  (4549.2s)
[18:15:26] INFO train_mapper: [ 40800/50000] loss=0.6111 clip=0.5569 l2=0.0312 id=0.2915  (4571.5s)
[18:15:48] INFO train_mapper: [ 41000/50000] loss=0.6670 clip=0.6086 l2=0.0361 id=0.2942  (4593.7s)
[18:16:11] INFO train_mapper: [ 41200/50000] loss=0.6189 clip=0.5704 l2=0.0264 id=0.2736  (4615.9s)
[18:16:33] INFO train_mapper: [ 41400/50000] loss=0.6469 clip=0.5998 l2=0.0288 id=0.2405  (4638.1s)
[18:16:55] INFO train_mapper: [ 41600/50000] loss=0.6444 clip=0.5914 l2=0.0286 id=0.3014  (4660.3s)
[18:17:17] INFO train_mapper: [ 41800/50000] loss=0.6371 clip=0.5718 l2=0.0387 id=0.3431  (4682.5s)
[18:17:39] INFO train_mapper: [ 42000/50000] loss=0.6287 clip=0.5663 l2=0.0334 id=0.3569  (4704.8s)
[18:18:02] INFO train_mapper: [ 42200/50000] loss=0.6903 clip=0.6155 l2=0.0522 id=0.3306  (4727.0s)
[18:18:24] INFO train_mapper: [ 42400/50000] loss=0.6453 clip=0.5741 l2=0.0348 id=0.4335  (4749.3s)
[18:18:46] INFO train_mapper: [ 42600/50000] loss=0.6440 clip=0.5924 l2=0.0299 id=0.2772  (4771.5s)
[18:19:08] INFO train_mapper: [ 42800/50000] loss=0.6674 clip=0.5950 l2=0.0357 id=0.4387  (4793.7s)
[18:19:31] INFO train_mapper: [ 43000/50000] loss=0.6467 clip=0.5960 l2=0.0313 id=0.2563  (4815.9s)
[18:19:53] INFO train_mapper: [ 43200/50000] loss=0.6475 clip=0.5985 l2=0.0297 id=0.2528  (4838.1s)
[18:20:15] INFO train_mapper: [ 43400/50000] loss=0.6305 clip=0.5741 l2=0.0346 id=0.2870  (4860.4s)
[18:20:37] INFO train_mapper: [ 43600/50000] loss=0.6576 clip=0.5973 l2=0.0370 id=0.3080  (4882.6s)
[18:20:59] INFO train_mapper: [ 43800/50000] loss=0.6441 clip=0.5865 l2=0.0366 id=0.2830  (4904.8s)
[18:21:22] INFO train_mapper: [ 44000/50000] loss=0.6315 clip=0.5774 l2=0.0395 id=0.2255  (4927.1s)
[18:21:44] INFO train_mapper: [ 44200/50000] loss=0.6439 clip=0.5960 l2=0.0303 id=0.2368  (4949.3s)
[18:22:06] INFO train_mapper: [ 44400/50000] loss=0.6583 clip=0.5931 l2=0.0391 id=0.3394  (4971.5s)
[18:22:28] INFO train_mapper: [ 44600/50000] loss=0.6161 clip=0.5672 l2=0.0265 id=0.2779  (4993.8s)
[18:22:59] INFO train_mapper: [ 44800/50000] loss=0.6568 clip=0.5895 l2=0.0391 id=0.3603  (5023.9s)
[18:23:26] INFO train_mapper: [ 45000/50000] loss=0.6347 clip=0.5757 l2=0.0323 id=0.3309  (5051.2s)
[18:23:27] INFO train_mapper: saved checkpoint -> checkpoints/mappers/golden_freckles.pt
[18:23:54] INFO train_mapper: [ 45200/50000] loss=0.6228 clip=0.5619 l2=0.0335 id=0.3413  (5079.0s)
[18:24:20] INFO train_mapper: [ 45400/50000] loss=0.6302 clip=0.5817 l2=0.0306 id=0.2401  (5105.8s)
[18:24:48] INFO train_mapper: [ 45600/50000] loss=0.6991 clip=0.6172 l2=0.0506 id=0.4143  (5133.3s)
[18:25:18] INFO train_mapper: [ 45800/50000] loss=0.6560 clip=0.5907 l2=0.0369 id=0.3584  (5162.9s)
[18:25:49] INFO train_mapper: [ 46000/50000] loss=0.6589 clip=0.5977 l2=0.0455 id=0.2482  (5194.3s)
[18:26:20] INFO train_mapper: [ 46200/50000] loss=0.6407 clip=0.5776 l2=0.0370 id=0.3345  (5225.4s)
[18:26:52] INFO train_mapper: [ 46400/50000] loss=0.7125 clip=0.6357 l2=0.0447 id=0.4105  (5257.1s)
[18:27:22] INFO train_mapper: [ 46600/50000] loss=0.6426 clip=0.5880 l2=0.0279 id=0.3221  (5287.4s)
[18:27:52] INFO train_mapper: [ 46800/50000] loss=0.6464 clip=0.5675 l2=0.0410 id=0.4605  (5317.7s)
[18:28:23] INFO train_mapper: [ 47000/50000] loss=0.6376 clip=0.5832 l2=0.0326 id=0.2833  (5348.5s)
[18:28:55] INFO train_mapper: [ 47200/50000] loss=0.5968 clip=0.5565 l2=0.0296 id=0.1664  (5380.0s)
[18:29:26] INFO train_mapper: [ 47400/50000] loss=0.6196 clip=0.5712 l2=0.0352 id=0.2019  (5411.4s)
[18:29:58] INFO train_mapper: [ 47600/50000] loss=0.6499 clip=0.5982 l2=0.0338 id=0.2471  (5442.9s)
[18:30:29] INFO train_mapper: [ 47800/50000] loss=0.6333 clip=0.5803 l2=0.0322 id=0.2724  (5474.2s)
[18:31:00] INFO train_mapper: [ 48000/50000] loss=0.6503 clip=0.5948 l2=0.0324 id=0.2955  (5505.4s)
[18:31:31] INFO train_mapper: [ 48200/50000] loss=0.6468 clip=0.5911 l2=0.0350 id=0.2774  (5536.3s)
[18:32:03] INFO train_mapper: [ 48400/50000] loss=0.6435 clip=0.5912 l2=0.0341 id=0.2510  (5567.9s)
[18:32:31] INFO train_mapper: [ 48600/50000] loss=0.6251 clip=0.5784 l2=0.0273 id=0.2491  (5596.5s)
[18:32:59] INFO train_mapper: [ 48800/50000] loss=0.6264 clip=0.5698 l2=0.0411 id=0.2380  (5624.7s)
[18:33:30] INFO train_mapper: [ 49000/50000] loss=0.6518 clip=0.6000 l2=0.0385 id=0.2091  (5655.4s)
[18:33:59] INFO train_mapper: [ 49200/50000] loss=0.6337 clip=0.5785 l2=0.0289 id=0.3204  (5684.1s)
[18:34:30] INFO train_mapper: [ 49400/50000] loss=0.6379 clip=0.5768 l2=0.0379 id=0.3078  (5715.8s)
[18:35:01] INFO train_mapper: [ 49600/50000] loss=0.6379 clip=0.5869 l2=0.0346 id=0.2336  (5745.9s)
[18:35:31] INFO train_mapper: [ 49800/50000] loss=0.6241 clip=0.5697 l2=0.0300 id=0.3045  (5776.7s)
[18:36:01] INFO train_mapper: [ 50000/50000] loss=0.6116 clip=0.5630 l2=0.0320 id=0.2302  (5806.7s)
[18:36:03] INFO train_mapper: saved checkpoint -> checkpoints/mappers/golden_freckles.pt
[18:36:03] INFO train_mapper: done.
