[16:59:15] INFO train_mapper: training mapper for: 'a person with iridescent holographic hair'
/home/yangqining/CartoonGan/avatar_studio/avatar_studio/edit/mapper.py:180: UserWarning: Converting a tensor with requires_grad=True to a scalar may lead to unexpected behavior.
Consider using tensor.detach() first. (Triggered internally at /pytorch/torch/csrc/autograd/generated/python_variable_methods.cpp:838.)
  "id":   float(l_id) if isinstance(l_id, torch.Tensor) else l_id}
[16:59:37] INFO train_mapper: [   200/50000] loss=0.6851 clip=0.6332 l2=0.0334 id=0.2516  (22.4s)
[16:59:59] INFO train_mapper: [   400/50000] loss=0.6962 clip=0.6433 l2=0.0341 id=0.2570  (44.4s)
[17:00:21] INFO train_mapper: [   600/50000] loss=0.6586 clip=0.6124 l2=0.0312 id=0.2122  (66.4s)
[17:00:43] INFO train_mapper: [   800/50000] loss=0.6807 clip=0.6469 l2=0.0258 id=0.1319  (88.5s)
[17:01:05] INFO train_mapper: [  1000/50000] loss=0.7054 clip=0.6577 l2=0.0357 id=0.1911  (110.6s)
[17:01:27] INFO train_mapper: [  1200/50000] loss=0.6578 clip=0.6097 l2=0.0254 id=0.2775  (132.7s)
[17:01:50] INFO train_mapper: [  1400/50000] loss=0.6707 clip=0.6250 l2=0.0280 id=0.2328  (154.9s)
[17:02:12] INFO train_mapper: [  1600/50000] loss=0.6671 clip=0.6220 l2=0.0318 id=0.1965  (177.0s)
[17:02:34] INFO train_mapper: [  1800/50000] loss=0.6699 clip=0.6108 l2=0.0383 id=0.2844  (199.1s)
[17:02:56] INFO train_mapper: [  2000/50000] loss=0.6852 clip=0.6438 l2=0.0327 id=0.1520  (221.3s)
[17:03:18] INFO train_mapper: [  2200/50000] loss=0.6664 clip=0.6267 l2=0.0314 id=0.1457  (243.4s)
[17:03:40] INFO train_mapper: [  2400/50000] loss=0.6918 clip=0.6480 l2=0.0350 id=0.1574  (265.6s)
[17:04:02] INFO train_mapper: [  2600/50000] loss=0.6764 clip=0.6265 l2=0.0376 id=0.1986  (287.7s)
[17:04:25] INFO train_mapper: [  2800/50000] loss=0.6660 clip=0.6061 l2=0.0352 id=0.3172  (310.0s)
[17:04:47] INFO train_mapper: [  3000/50000] loss=0.6667 clip=0.6251 l2=0.0272 id=0.1978  (332.1s)
[17:05:09] INFO train_mapper: [  3200/50000] loss=0.6479 clip=0.6035 l2=0.0273 id=0.2257  (354.3s)
[17:05:31] INFO train_mapper: [  3400/50000] loss=0.6693 clip=0.6317 l2=0.0224 id=0.1967  (376.4s)
[17:05:53] INFO train_mapper: [  3600/50000] loss=0.6471 clip=0.5956 l2=0.0293 id=0.2807  (398.6s)
[17:06:15] INFO train_mapper: [  3800/50000] loss=0.6775 clip=0.6170 l2=0.0374 id=0.3066  (420.7s)
[17:06:38] INFO train_mapper: [  4000/50000] loss=0.6625 clip=0.6317 l2=0.0229 id=0.1258  (442.9s)
[17:07:00] INFO train_mapper: [  4200/50000] loss=0.6982 clip=0.6666 l2=0.0245 id=0.1206  (465.1s)
[17:07:22] INFO train_mapper: [  4400/50000] loss=0.6399 clip=0.6045 l2=0.0279 id=0.1309  (487.3s)
[17:07:44] INFO train_mapper: [  4600/50000] loss=0.6682 clip=0.6103 l2=0.0371 id=0.2834  (509.5s)
[17:08:06] INFO train_mapper: [  4800/50000] loss=0.6785 clip=0.6383 l2=0.0241 id=0.2086  (531.8s)
[17:08:29] INFO train_mapper: [  5000/50000] loss=0.6469 clip=0.6021 l2=0.0345 id=0.1723  (554.0s)
[17:08:30] INFO train_mapper: saved checkpoint -> checkpoints/mappers/holographic.pt
[17:08:52] INFO train_mapper: [  5200/50000] loss=0.6591 clip=0.6055 l2=0.0368 id=0.2416  (577.2s)
[17:09:14] INFO train_mapper: [  5400/50000] loss=0.6590 clip=0.6016 l2=0.0347 id=0.2968  (599.3s)
[17:09:36] INFO train_mapper: [  5600/50000] loss=0.6548 clip=0.6044 l2=0.0333 id=0.2384  (621.6s)
[17:09:58] INFO train_mapper: [  5800/50000] loss=0.6638 clip=0.6121 l2=0.0312 id=0.2678  (643.7s)
[17:10:20] INFO train_mapper: [  6000/50000] loss=0.6766 clip=0.6328 l2=0.0253 id=0.2356  (665.8s)
[17:10:43] INFO train_mapper: [  6200/50000] loss=0.6768 clip=0.6230 l2=0.0353 id=0.2547  (688.0s)
[17:11:05] INFO train_mapper: [  6400/50000] loss=0.6601 clip=0.6093 l2=0.0379 id=0.2050  (710.1s)
[17:11:27] INFO train_mapper: [  6600/50000] loss=0.6510 clip=0.6053 l2=0.0302 id=0.2161  (732.3s)
[17:11:49] INFO train_mapper: [  6800/50000] loss=0.6582 clip=0.6194 l2=0.0243 id=0.1930  (754.5s)
[17:12:11] INFO train_mapper: [  7000/50000] loss=0.6634 clip=0.6104 l2=0.0397 id=0.2119  (776.7s)
[17:12:34] INFO train_mapper: [  7200/50000] loss=0.6588 clip=0.6251 l2=0.0237 id=0.1473  (799.0s)
[17:12:56] INFO train_mapper: [  7400/50000] loss=0.6503 clip=0.6099 l2=0.0268 id=0.1901  (821.2s)
[17:13:18] INFO train_mapper: [  7600/50000] loss=0.6614 clip=0.6086 l2=0.0371 id=0.2315  (843.4s)
[17:13:40] INFO train_mapper: [  7800/50000] loss=0.6501 clip=0.6052 l2=0.0281 id=0.2247  (865.6s)
[17:14:02] INFO train_mapper: [  8000/50000] loss=0.6687 clip=0.6275 l2=0.0302 id=0.1700  (887.8s)
[17:14:25] INFO train_mapper: [  8200/50000] loss=0.6597 clip=0.6098 l2=0.0330 id=0.2341  (910.0s)
[17:14:47] INFO train_mapper: [  8400/50000] loss=0.6606 clip=0.5991 l2=0.0453 id=0.2524  (932.2s)
[17:15:09] INFO train_mapper: [  8600/50000] loss=0.6533 clip=0.6127 l2=0.0272 id=0.1885  (954.5s)
[17:15:31] INFO train_mapper: [  8800/50000] loss=0.6523 clip=0.6166 l2=0.0279 id=0.1338  (976.8s)
[17:15:54] INFO train_mapper: [  9000/50000] loss=0.6450 clip=0.6002 l2=0.0308 id=0.2016  (999.0s)
[17:16:16] INFO train_mapper: [  9200/50000] loss=0.6750 clip=0.6327 l2=0.0303 id=0.1809  (1021.3s)
[17:16:38] INFO train_mapper: [  9400/50000] loss=0.6406 clip=0.5958 l2=0.0374 id=0.1494  (1043.5s)
[17:17:00] INFO train_mapper: [  9600/50000] loss=0.6420 clip=0.6111 l2=0.0224 id=0.1297  (1065.8s)
[17:17:23] INFO train_mapper: [  9800/50000] loss=0.6782 clip=0.6465 l2=0.0207 id=0.1515  (1088.0s)
[17:17:45] INFO train_mapper: [ 10000/50000] loss=0.6493 clip=0.5939 l2=0.0405 id=0.2295  (1110.3s)
[17:17:46] INFO train_mapper: saved checkpoint -> checkpoints/mappers/holographic.pt
[17:18:08] INFO train_mapper: [ 10200/50000] loss=0.6274 clip=0.5798 l2=0.0361 id=0.1872  (1133.2s)
[17:18:30] INFO train_mapper: [ 10400/50000] loss=0.6587 clip=0.6068 l2=0.0327 id=0.2569  (1155.4s)
[17:18:52] INFO train_mapper: [ 10600/50000] loss=0.6570 clip=0.6150 l2=0.0250 id=0.2206  (1177.6s)
[17:19:14] INFO train_mapper: [ 10800/50000] loss=0.6669 clip=0.6132 l2=0.0349 id=0.2567  (1199.7s)
[17:19:36] INFO train_mapper: [ 11000/50000] loss=0.6650 clip=0.6248 l2=0.0282 id=0.1757  (1221.8s)
[17:19:59] INFO train_mapper: [ 11200/50000] loss=0.6620 clip=0.6184 l2=0.0338 id=0.1650  (1244.0s)
[17:20:21] INFO train_mapper: [ 11400/50000] loss=0.6541 clip=0.6017 l2=0.0420 id=0.1886  (1266.1s)
[17:20:43] INFO train_mapper: [ 11600/50000] loss=0.6297 clip=0.5913 l2=0.0236 id=0.1948  (1288.3s)
[17:21:05] INFO train_mapper: [ 11800/50000] loss=0.6740 clip=0.6230 l2=0.0317 id=0.2565  (1310.4s)
[17:21:27] INFO train_mapper: [ 12000/50000] loss=0.6602 clip=0.6113 l2=0.0372 id=0.1912  (1332.5s)
[17:21:49] INFO train_mapper: [ 12200/50000] loss=0.6584 clip=0.6132 l2=0.0359 id=0.1651  (1354.6s)
[17:22:11] INFO train_mapper: [ 12400/50000] loss=0.6449 clip=0.6048 l2=0.0312 id=0.1518  (1376.7s)
[17:22:33] INFO train_mapper: [ 12600/50000] loss=0.6649 clip=0.6172 l2=0.0401 id=0.1565  (1398.8s)
[17:22:56] INFO train_mapper: [ 12800/50000] loss=0.6631 clip=0.6221 l2=0.0288 id=0.1792  (1420.9s)
[17:23:18] INFO train_mapper: [ 13000/50000] loss=0.6344 clip=0.5901 l2=0.0318 id=0.1889  (1443.2s)
[17:23:40] INFO train_mapper: [ 13200/50000] loss=0.6526 clip=0.6054 l2=0.0336 id=0.2039  (1465.3s)
[17:24:02] INFO train_mapper: [ 13400/50000] loss=0.6662 clip=0.6085 l2=0.0448 id=0.2190  (1487.4s)
[17:24:24] INFO train_mapper: [ 13600/50000] loss=0.6570 clip=0.6088 l2=0.0315 id=0.2306  (1509.5s)
[17:24:46] INFO train_mapper: [ 13800/50000] loss=0.6677 clip=0.6224 l2=0.0320 id=0.1972  (1531.7s)
[17:25:08] INFO train_mapper: [ 14000/50000] loss=0.6333 clip=0.5916 l2=0.0296 id=0.1815  (1553.8s)
[17:25:31] INFO train_mapper: [ 14200/50000] loss=0.6393 clip=0.5839 l2=0.0314 id=0.3038  (1575.9s)
[17:25:53] INFO train_mapper: [ 14400/50000] loss=0.6364 clip=0.6031 l2=0.0239 id=0.1425  (1598.1s)
[17:26:15] INFO train_mapper: [ 14600/50000] loss=0.6446 clip=0.6101 l2=0.0297 id=0.1074  (1620.3s)
[17:26:37] INFO train_mapper: [ 14800/50000] loss=0.6386 clip=0.5849 l2=0.0378 id=0.2347  (1642.4s)
[17:26:59] INFO train_mapper: [ 15000/50000] loss=0.6451 clip=0.6067 l2=0.0324 id=0.1243  (1664.6s)
[17:27:00] INFO train_mapper: saved checkpoint -> checkpoints/mappers/holographic.pt
[17:27:22] INFO train_mapper: [ 15200/50000] loss=0.6658 clip=0.6213 l2=0.0286 id=0.2166  (1687.7s)
[17:27:44] INFO train_mapper: [ 15400/50000] loss=0.6561 clip=0.5979 l2=0.0382 id=0.2762  (1709.8s)
[17:28:07] INFO train_mapper: [ 15600/50000] loss=0.7214 clip=0.6598 l2=0.0341 id=0.3432  (1732.0s)
[17:28:29] INFO train_mapper: [ 15800/50000] loss=0.6519 clip=0.6033 l2=0.0318 id=0.2312  (1754.3s)
[17:28:51] INFO train_mapper: [ 16000/50000] loss=0.6716 clip=0.6169 l2=0.0316 id=0.2941  (1776.4s)
[17:29:13] INFO train_mapper: [ 16200/50000] loss=0.6594 clip=0.6228 l2=0.0285 id=0.1379  (1798.6s)
[17:29:35] INFO train_mapper: [ 16400/50000] loss=0.6771 clip=0.6249 l2=0.0395 id=0.2062  (1820.8s)
[17:29:58] INFO train_mapper: [ 16600/50000] loss=0.6319 clip=0.5980 l2=0.0219 id=0.1645  (1843.0s)
[17:30:20] INFO train_mapper: [ 16800/50000] loss=0.6603 clip=0.6146 l2=0.0315 id=0.2042  (1865.1s)
[17:30:42] INFO train_mapper: [ 17000/50000] loss=0.6653 clip=0.6170 l2=0.0336 id=0.2143  (1887.3s)
[17:31:04] INFO train_mapper: [ 17200/50000] loss=0.6510 clip=0.6086 l2=0.0252 id=0.2222  (1909.5s)
[17:31:26] INFO train_mapper: [ 17400/50000] loss=0.6650 clip=0.6106 l2=0.0387 id=0.2349  (1931.8s)
[17:31:49] INFO train_mapper: [ 17600/50000] loss=0.6474 clip=0.6001 l2=0.0340 id=0.2018  (1954.0s)
[17:32:11] INFO train_mapper: [ 17800/50000] loss=0.6585 clip=0.6078 l2=0.0365 id=0.2141  (1976.2s)
[17:32:33] INFO train_mapper: [ 18000/50000] loss=0.6540 clip=0.6087 l2=0.0282 id=0.2281  (1998.3s)
[17:32:55] INFO train_mapper: [ 18200/50000] loss=0.6816 clip=0.6423 l2=0.0283 id=0.1669  (2020.5s)
[17:33:17] INFO train_mapper: [ 18400/50000] loss=0.6547 clip=0.6157 l2=0.0307 id=0.1444  (2042.7s)
[17:33:39] INFO train_mapper: [ 18600/50000] loss=0.6295 clip=0.5777 l2=0.0377 id=0.2167  (2064.9s)
[17:34:02] INFO train_mapper: [ 18800/50000] loss=0.6572 clip=0.6080 l2=0.0329 id=0.2283  (2087.1s)
[17:34:24] INFO train_mapper: [ 19000/50000] loss=0.6371 clip=0.5950 l2=0.0315 id=0.1694  (2109.2s)
[17:34:46] INFO train_mapper: [ 19200/50000] loss=0.6691 clip=0.6247 l2=0.0292 id=0.2095  (2131.4s)
[17:35:08] INFO train_mapper: [ 19400/50000] loss=0.6388 clip=0.5995 l2=0.0308 id=0.1475  (2153.6s)
[17:35:30] INFO train_mapper: [ 19600/50000] loss=0.6595 clip=0.6021 l2=0.0486 id=0.1851  (2175.8s)
[17:35:53] INFO train_mapper: [ 19800/50000] loss=0.6266 clip=0.5848 l2=0.0304 id=0.1752  (2197.9s)
[17:36:15] INFO train_mapper: [ 20000/50000] loss=0.6415 clip=0.5959 l2=0.0297 id=0.2186  (2220.1s)
[17:36:16] INFO train_mapper: saved checkpoint -> checkpoints/mappers/holographic.pt
[17:36:38] INFO train_mapper: [ 20200/50000] loss=0.6553 clip=0.6094 l2=0.0378 id=0.1567  (2243.2s)
[17:37:00] INFO train_mapper: [ 20400/50000] loss=0.6471 clip=0.6064 l2=0.0256 id=0.2024  (2265.3s)
[17:37:22] INFO train_mapper: [ 20600/50000] loss=0.6416 clip=0.6052 l2=0.0233 id=0.1774  (2287.4s)
[17:37:44] INFO train_mapper: [ 20800/50000] loss=0.6593 clip=0.6142 l2=0.0312 id=0.2006  (2309.6s)
[17:38:06] INFO train_mapper: [ 21000/50000] loss=0.6376 clip=0.5980 l2=0.0263 id=0.1852  (2331.7s)
[17:38:28] INFO train_mapper: [ 21200/50000] loss=0.6800 clip=0.6456 l2=0.0283 id=0.1174  (2353.8s)
[17:38:51] INFO train_mapper: [ 21400/50000] loss=0.6535 clip=0.6148 l2=0.0309 id=0.1404  (2376.0s)
[17:39:13] INFO train_mapper: [ 21600/50000] loss=0.6823 clip=0.6297 l2=0.0350 id=0.2462  (2398.2s)
[17:39:35] INFO train_mapper: [ 21800/50000] loss=0.7054 clip=0.6439 l2=0.0350 id=0.3346  (2420.4s)
[17:39:57] INFO train_mapper: [ 22000/50000] loss=0.6245 clip=0.5911 l2=0.0199 id=0.1750  (2442.5s)
[17:40:19] INFO train_mapper: [ 22200/50000] loss=0.6902 clip=0.6522 l2=0.0293 id=0.1468  (2464.6s)
[17:40:41] INFO train_mapper: [ 22400/50000] loss=0.6700 clip=0.6188 l2=0.0403 id=0.1892  (2486.8s)
[17:41:04] INFO train_mapper: [ 22600/50000] loss=0.6590 clip=0.6009 l2=0.0383 id=0.2745  (2508.9s)
[17:41:26] INFO train_mapper: [ 22800/50000] loss=0.6493 clip=0.6064 l2=0.0297 id=0.1909  (2531.1s)
[17:41:48] INFO train_mapper: [ 23000/50000] loss=0.6512 clip=0.5997 l2=0.0316 id=0.2624  (2553.3s)
[17:42:10] INFO train_mapper: [ 23200/50000] loss=0.6318 clip=0.5895 l2=0.0275 id=0.2032  (2575.5s)
[17:42:32] INFO train_mapper: [ 23400/50000] loss=0.6510 clip=0.5995 l2=0.0377 id=0.2130  (2597.7s)
[17:42:54] INFO train_mapper: [ 23600/50000] loss=0.6400 clip=0.5953 l2=0.0345 id=0.1707  (2619.9s)
[17:43:17] INFO train_mapper: [ 23800/50000] loss=0.6583 clip=0.6140 l2=0.0340 id=0.1715  (2642.1s)
[17:43:39] INFO train_mapper: [ 24000/50000] loss=0.6476 clip=0.6013 l2=0.0336 id=0.1950  (2664.2s)
[17:44:01] INFO train_mapper: [ 24200/50000] loss=0.6437 clip=0.5899 l2=0.0391 id=0.2241  (2686.4s)
[17:44:23] INFO train_mapper: [ 24400/50000] loss=0.6719 clip=0.6316 l2=0.0262 id=0.1927  (2708.6s)
[17:44:46] INFO train_mapper: [ 24600/50000] loss=0.6737 clip=0.6218 l2=0.0333 id=0.2527  (2730.9s)
[17:45:08] INFO train_mapper: [ 24800/50000] loss=0.6514 clip=0.6095 l2=0.0322 id=0.1620  (2753.1s)
[17:45:30] INFO train_mapper: [ 25000/50000] loss=0.6457 clip=0.6002 l2=0.0344 id=0.1793  (2775.3s)
[17:45:31] INFO train_mapper: saved checkpoint -> checkpoints/mappers/holographic.pt
[17:45:53] INFO train_mapper: [ 25200/50000] loss=0.6595 clip=0.6227 l2=0.0275 id=0.1478  (2798.3s)
[17:46:15] INFO train_mapper: [ 25400/50000] loss=0.6356 clip=0.5818 l2=0.0348 id=0.2605  (2820.5s)
[17:46:37] INFO train_mapper: [ 25600/50000] loss=0.6551 clip=0.6117 l2=0.0270 id=0.2184  (2842.7s)
[17:47:00] INFO train_mapper: [ 25800/50000] loss=0.6488 clip=0.6128 l2=0.0266 id=0.1471  (2864.9s)
[17:47:22] INFO train_mapper: [ 26000/50000] loss=0.6906 clip=0.6288 l2=0.0440 id=0.2661  (2887.2s)
[17:47:44] INFO train_mapper: [ 26200/50000] loss=0.6533 clip=0.6088 l2=0.0289 id=0.2133  (2909.4s)
[17:48:06] INFO train_mapper: [ 26400/50000] loss=0.6422 clip=0.5963 l2=0.0302 id=0.2170  (2931.6s)
[17:48:28] INFO train_mapper: [ 26600/50000] loss=0.6609 clip=0.6159 l2=0.0347 id=0.1719  (2953.8s)
[17:48:51] INFO train_mapper: [ 26800/50000] loss=0.6404 clip=0.5971 l2=0.0318 id=0.1783  (2976.0s)
[17:49:13] INFO train_mapper: [ 27000/50000] loss=0.6480 clip=0.6035 l2=0.0339 id=0.1734  (2998.2s)
[17:49:35] INFO train_mapper: [ 27200/50000] loss=0.6418 clip=0.5965 l2=0.0314 id=0.2016  (3020.4s)
[17:49:57] INFO train_mapper: [ 27400/50000] loss=0.6680 clip=0.6149 l2=0.0378 id=0.2288  (3042.7s)
[17:50:20] INFO train_mapper: [ 27600/50000] loss=0.6372 clip=0.5899 l2=0.0320 id=0.2172  (3064.9s)
[17:50:42] INFO train_mapper: [ 27800/50000] loss=0.6415 clip=0.5991 l2=0.0284 id=0.1966  (3087.1s)
[17:51:04] INFO train_mapper: [ 28000/50000] loss=0.6634 clip=0.6193 l2=0.0313 id=0.1901  (3109.3s)
[17:51:26] INFO train_mapper: [ 28200/50000] loss=0.6433 clip=0.5970 l2=0.0298 id=0.2253  (3131.5s)
[17:51:48] INFO train_mapper: [ 28400/50000] loss=0.6757 clip=0.6290 l2=0.0330 id=0.2027  (3153.8s)
[17:52:11] INFO train_mapper: [ 28600/50000] loss=0.6545 clip=0.6117 l2=0.0274 id=0.2093  (3175.9s)
[17:52:33] INFO train_mapper: [ 28800/50000] loss=0.6577 clip=0.6105 l2=0.0334 id=0.2053  (3198.1s)
[17:52:55] INFO train_mapper: [ 29000/50000] loss=0.6337 clip=0.5898 l2=0.0273 id=0.2198  (3220.4s)
[17:53:17] INFO train_mapper: [ 29200/50000] loss=0.6562 clip=0.5959 l2=0.0458 id=0.2364  (3242.6s)
[17:53:39] INFO train_mapper: [ 29400/50000] loss=0.6523 clip=0.5842 l2=0.0448 id=0.3221  (3264.8s)
[17:54:02] INFO train_mapper: [ 29600/50000] loss=0.6490 clip=0.5965 l2=0.0331 id=0.2603  (3287.0s)
[17:54:24] INFO train_mapper: [ 29800/50000] loss=0.6675 clip=0.6184 l2=0.0285 id=0.2630  (3309.1s)
[17:54:46] INFO train_mapper: [ 30000/50000] loss=0.6423 clip=0.5961 l2=0.0334 id=0.1955  (3331.3s)
[17:54:47] INFO train_mapper: saved checkpoint -> checkpoints/mappers/holographic.pt
[17:55:09] INFO train_mapper: [ 30200/50000] loss=0.6546 clip=0.6093 l2=0.0363 id=0.1614  (3354.3s)
[17:55:31] INFO train_mapper: [ 30400/50000] loss=0.6406 clip=0.5941 l2=0.0281 id=0.2400  (3376.5s)
[17:55:53] INFO train_mapper: [ 30600/50000] loss=0.6640 clip=0.6212 l2=0.0328 id=0.1661  (3398.6s)
[17:56:15] INFO train_mapper: [ 30800/50000] loss=0.6272 clip=0.5860 l2=0.0277 id=0.1899  (3420.8s)
[17:56:38] INFO train_mapper: [ 31000/50000] loss=0.6483 clip=0.5933 l2=0.0434 id=0.2036  (3442.9s)
[17:57:00] INFO train_mapper: [ 31200/50000] loss=0.6258 clip=0.5892 l2=0.0259 id=0.1588  (3465.1s)
[17:57:22] INFO train_mapper: [ 31400/50000] loss=0.6425 clip=0.5984 l2=0.0326 id=0.1800  (3487.2s)
[17:57:44] INFO train_mapper: [ 31600/50000] loss=0.6282 clip=0.5913 l2=0.0296 id=0.1313  (3509.3s)
[17:58:06] INFO train_mapper: [ 31800/50000] loss=0.6357 clip=0.5901 l2=0.0305 id=0.2118  (3531.5s)
[17:58:28] INFO train_mapper: [ 32000/50000] loss=0.6495 clip=0.5937 l2=0.0360 id=0.2707  (3553.7s)
[17:58:50] INFO train_mapper: [ 32200/50000] loss=0.6459 clip=0.6091 l2=0.0260 id=0.1601  (3575.8s)
[17:59:13] INFO train_mapper: [ 32400/50000] loss=0.6470 clip=0.5980 l2=0.0331 id=0.2256  (3597.9s)
[17:59:35] INFO train_mapper: [ 32600/50000] loss=0.6704 clip=0.6285 l2=0.0288 id=0.1880  (3620.1s)
[17:59:57] INFO train_mapper: [ 32800/50000] loss=0.6393 clip=0.5954 l2=0.0333 id=0.1723  (3642.2s)
[18:00:19] INFO train_mapper: [ 33000/50000] loss=0.6503 clip=0.6027 l2=0.0325 id=0.2157  (3664.4s)
[18:00:41] INFO train_mapper: [ 33200/50000] loss=0.6642 clip=0.6117 l2=0.0318 id=0.2708  (3686.5s)
[18:01:03] INFO train_mapper: [ 33400/50000] loss=0.6393 clip=0.5986 l2=0.0282 id=0.1822  (3708.8s)
[18:01:26] INFO train_mapper: [ 33600/50000] loss=0.6318 clip=0.5965 l2=0.0277 id=0.1320  (3731.0s)
[18:01:48] INFO train_mapper: [ 33800/50000] loss=0.6214 clip=0.5789 l2=0.0314 id=0.1741  (3753.2s)
[18:02:10] INFO train_mapper: [ 34000/50000] loss=0.6660 clip=0.6148 l2=0.0360 id=0.2246  (3775.4s)
[18:02:32] INFO train_mapper: [ 34200/50000] loss=0.6240 clip=0.5841 l2=0.0310 id=0.1516  (3797.6s)
[18:02:54] INFO train_mapper: [ 34400/50000] loss=0.6419 clip=0.5944 l2=0.0342 id=0.2015  (3819.8s)
[18:03:17] INFO train_mapper: [ 34600/50000] loss=0.6527 clip=0.6087 l2=0.0320 id=0.1837  (3842.0s)
[18:03:39] INFO train_mapper: [ 34800/50000] loss=0.6792 clip=0.6232 l2=0.0410 id=0.2322  (3864.3s)
[18:04:01] INFO train_mapper: [ 35000/50000] loss=0.6328 clip=0.5826 l2=0.0372 id=0.2038  (3886.4s)
[18:04:02] INFO train_mapper: saved checkpoint -> checkpoints/mappers/holographic.pt
[18:04:24] INFO train_mapper: [ 35200/50000] loss=0.6345 clip=0.5886 l2=0.0340 id=0.1872  (3909.5s)
[18:04:46] INFO train_mapper: [ 35400/50000] loss=0.6789 clip=0.6374 l2=0.0316 id=0.1616  (3931.7s)
[18:05:08] INFO train_mapper: [ 35600/50000] loss=0.6729 clip=0.6291 l2=0.0372 id=0.1412  (3953.9s)
[18:05:31] INFO train_mapper: [ 35800/50000] loss=0.6501 clip=0.6075 l2=0.0256 id=0.2215  (3976.1s)
[18:05:53] INFO train_mapper: [ 36000/50000] loss=0.6273 clip=0.5821 l2=0.0288 id=0.2211  (3998.3s)
[18:06:15] INFO train_mapper: [ 36200/50000] loss=0.6531 clip=0.6122 l2=0.0294 id=0.1731  (4020.5s)
[18:06:37] INFO train_mapper: [ 36400/50000] loss=0.6330 clip=0.5851 l2=0.0309 id=0.2324  (4042.7s)
[18:06:59] INFO train_mapper: [ 36600/50000] loss=0.6306 clip=0.5972 l2=0.0246 id=0.1368  (4064.8s)
[18:07:22] INFO train_mapper: [ 36800/50000] loss=0.6429 clip=0.5916 l2=0.0376 id=0.2118  (4086.9s)
[18:07:44] INFO train_mapper: [ 37000/50000] loss=0.6565 clip=0.6066 l2=0.0352 id=0.2171  (4109.1s)
[18:08:06] INFO train_mapper: [ 37200/50000] loss=0.6744 clip=0.6375 l2=0.0276 id=0.1485  (4131.3s)
[18:08:28] INFO train_mapper: [ 37400/50000] loss=0.6338 clip=0.5847 l2=0.0332 id=0.2257  (4153.5s)
[18:08:50] INFO train_mapper: [ 37600/50000] loss=0.6471 clip=0.6038 l2=0.0303 id=0.1914  (4175.8s)
[18:09:13] INFO train_mapper: [ 37800/50000] loss=0.6445 clip=0.5994 l2=0.0288 id=0.2197  (4198.0s)
[18:09:35] INFO train_mapper: [ 38000/50000] loss=0.6449 clip=0.5909 l2=0.0300 id=0.2993  (4220.2s)
[18:09:57] INFO train_mapper: [ 38200/50000] loss=0.6493 clip=0.6079 l2=0.0297 id=0.1769  (4242.4s)
[18:10:19] INFO train_mapper: [ 38400/50000] loss=0.6411 clip=0.5913 l2=0.0382 id=0.1916  (4264.6s)
[18:10:41] INFO train_mapper: [ 38600/50000] loss=0.6449 clip=0.5936 l2=0.0344 id=0.2388  (4286.7s)
[18:11:04] INFO train_mapper: [ 38800/50000] loss=0.6773 clip=0.6282 l2=0.0353 id=0.2092  (4308.9s)
[18:11:26] INFO train_mapper: [ 39000/50000] loss=0.6608 clip=0.6118 l2=0.0349 id=0.2109  (4331.1s)
[18:11:48] INFO train_mapper: [ 39200/50000] loss=0.6418 clip=0.5965 l2=0.0283 id=0.2266  (4353.4s)
[18:12:10] INFO train_mapper: [ 39400/50000] loss=0.6559 clip=0.6062 l2=0.0384 id=0.1900  (4375.5s)
[18:12:32] INFO train_mapper: [ 39600/50000] loss=0.6438 clip=0.5998 l2=0.0309 id=0.1924  (4397.7s)
[18:12:54] INFO train_mapper: [ 39800/50000] loss=0.6310 clip=0.5789 l2=0.0381 id=0.2160  (4419.9s)
[18:13:17] INFO train_mapper: [ 40000/50000] loss=0.6407 clip=0.5921 l2=0.0369 id=0.1906  (4442.0s)
[18:13:17] INFO train_mapper: saved checkpoint -> checkpoints/mappers/holographic.pt
[18:13:40] INFO train_mapper: [ 40200/50000] loss=0.6707 clip=0.6208 l2=0.0375 id=0.1994  (4464.9s)
[18:14:02] INFO train_mapper: [ 40400/50000] loss=0.6820 clip=0.6421 l2=0.0266 id=0.1864  (4487.1s)
[18:14:24] INFO train_mapper: [ 40600/50000] loss=0.6500 clip=0.6144 l2=0.0261 id=0.1474  (4509.3s)
[18:14:46] INFO train_mapper: [ 40800/50000] loss=0.6521 clip=0.6084 l2=0.0313 id=0.1871  (4531.5s)
[18:15:08] INFO train_mapper: [ 41000/50000] loss=0.6470 clip=0.6040 l2=0.0299 id=0.1909  (4553.6s)
[18:15:30] INFO train_mapper: [ 41200/50000] loss=0.6612 clip=0.6076 l2=0.0392 id=0.2234  (4575.8s)
[18:15:52] INFO train_mapper: [ 41400/50000] loss=0.6792 clip=0.6295 l2=0.0385 id=0.1897  (4597.9s)
[18:16:15] INFO train_mapper: [ 41600/50000] loss=0.6721 clip=0.6242 l2=0.0339 id=0.2076  (4620.0s)
[18:16:37] INFO train_mapper: [ 41800/50000] loss=0.6563 clip=0.6089 l2=0.0340 id=0.2010  (4642.1s)
[18:16:59] INFO train_mapper: [ 42000/50000] loss=0.6629 clip=0.6161 l2=0.0355 id=0.1841  (4664.3s)
[18:17:21] INFO train_mapper: [ 42200/50000] loss=0.6288 clip=0.5811 l2=0.0343 id=0.2031  (4686.5s)
[18:17:43] INFO train_mapper: [ 42400/50000] loss=0.6509 clip=0.6076 l2=0.0268 id=0.2184  (4708.6s)
[18:18:05] INFO train_mapper: [ 42600/50000] loss=0.6251 clip=0.5851 l2=0.0287 id=0.1699  (4730.7s)
[18:18:27] INFO train_mapper: [ 42800/50000] loss=0.6754 clip=0.6264 l2=0.0362 id=0.2009  (4752.9s)
[18:18:50] INFO train_mapper: [ 43000/50000] loss=0.6419 clip=0.5953 l2=0.0326 id=0.2047  (4775.0s)
[18:19:12] INFO train_mapper: [ 43200/50000] loss=0.6914 clip=0.6162 l2=0.0460 id=0.3840  (4797.1s)
[18:19:34] INFO train_mapper: [ 43400/50000] loss=0.6481 clip=0.5990 l2=0.0312 id=0.2412  (4819.4s)
[18:19:56] INFO train_mapper: [ 43600/50000] loss=0.6469 clip=0.6124 l2=0.0250 id=0.1446  (4841.5s)
[18:20:18] INFO train_mapper: [ 43800/50000] loss=0.6696 clip=0.6257 l2=0.0359 id=0.1530  (4863.7s)
[18:20:40] INFO train_mapper: [ 44000/50000] loss=0.6475 clip=0.6044 l2=0.0315 id=0.1790  (4885.8s)
[18:21:03] INFO train_mapper: [ 44200/50000] loss=0.6446 clip=0.5997 l2=0.0309 id=0.2022  (4908.0s)
[18:21:25] INFO train_mapper: [ 44400/50000] loss=0.6603 clip=0.6052 l2=0.0332 id=0.2860  (4930.1s)
[18:21:47] INFO train_mapper: [ 44600/50000] loss=0.6522 clip=0.5994 l2=0.0373 id=0.2296  (4952.3s)
[18:22:09] INFO train_mapper: [ 44800/50000] loss=0.6883 clip=0.6534 l2=0.0251 id=0.1487  (4974.5s)
[18:22:33] INFO train_mapper: [ 45000/50000] loss=0.6444 clip=0.6029 l2=0.0283 id=0.1882  (4998.1s)
[18:22:34] INFO train_mapper: saved checkpoint -> checkpoints/mappers/holographic.pt
[18:23:05] INFO train_mapper: [ 45200/50000] loss=0.6324 clip=0.5928 l2=0.0288 id=0.1660  (5030.7s)
[18:23:37] INFO train_mapper: [ 45400/50000] loss=0.6393 clip=0.5976 l2=0.0306 id=0.1723  (5062.1s)
[18:24:08] INFO train_mapper: [ 45600/50000] loss=0.6563 clip=0.6121 l2=0.0305 id=0.1977  (5093.5s)
[18:24:40] INFO train_mapper: [ 45800/50000] loss=0.6376 clip=0.5927 l2=0.0305 id=0.2050  (5125.1s)
[18:25:12] INFO train_mapper: [ 46000/50000] loss=0.6838 clip=0.6386 l2=0.0358 id=0.1652  (5157.1s)
[18:25:43] INFO train_mapper: [ 46200/50000] loss=0.6428 clip=0.5968 l2=0.0312 id=0.2105  (5188.3s)
[18:26:14] INFO train_mapper: [ 46400/50000] loss=0.6764 clip=0.6316 l2=0.0413 id=0.1176  (5219.4s)
[18:26:45] INFO train_mapper: [ 46600/50000] loss=0.6393 clip=0.5942 l2=0.0319 id=0.1957  (5250.4s)
[18:27:16] INFO train_mapper: [ 46800/50000] loss=0.6459 clip=0.5956 l2=0.0314 id=0.2520  (5281.3s)
[18:27:46] INFO train_mapper: [ 47000/50000] loss=0.6542 clip=0.6148 l2=0.0284 id=0.1669  (5311.5s)
[18:28:15] INFO train_mapper: [ 47200/50000] loss=0.6453 clip=0.5903 l2=0.0417 id=0.2167  (5340.3s)
[18:28:42] INFO train_mapper: [ 47400/50000] loss=0.6515 clip=0.6027 l2=0.0422 id=0.1504  (5367.7s)
[18:29:13] INFO train_mapper: [ 47600/50000] loss=0.6437 clip=0.5882 l2=0.0357 id=0.2697  (5398.7s)
[18:29:45] INFO train_mapper: [ 47800/50000] loss=0.6451 clip=0.6040 l2=0.0288 id=0.1808  (5430.0s)
[18:30:14] INFO train_mapper: [ 48000/50000] loss=0.6466 clip=0.5953 l2=0.0374 id=0.2139  (5459.9s)
[18:30:46] INFO train_mapper: [ 48200/50000] loss=0.6486 clip=0.5944 l2=0.0430 id=0.1976  (5491.1s)
[18:31:17] INFO train_mapper: [ 48400/50000] loss=0.6345 clip=0.5833 l2=0.0344 id=0.2367  (5522.3s)
[18:31:48] INFO train_mapper: [ 48600/50000] loss=0.6716 clip=0.6154 l2=0.0369 id=0.2665  (5553.8s)
[18:32:19] INFO train_mapper: [ 48800/50000] loss=0.6649 clip=0.6164 l2=0.0287 id=0.2561  (5584.3s)
[18:32:50] INFO train_mapper: [ 49000/50000] loss=0.6389 clip=0.5953 l2=0.0295 id=0.2004  (5615.5s)
[18:33:21] INFO train_mapper: [ 49200/50000] loss=0.6375 clip=0.5914 l2=0.0352 id=0.1799  (5646.7s)
[18:33:52] INFO train_mapper: [ 49400/50000] loss=0.6668 clip=0.6215 l2=0.0306 id=0.2071  (5677.2s)
[18:34:23] INFO train_mapper: [ 49600/50000] loss=0.6557 clip=0.6125 l2=0.0293 id=0.1977  (5708.5s)
[18:34:55] INFO train_mapper: [ 49800/50000] loss=0.6622 clip=0.6232 l2=0.0309 id=0.1420  (5740.6s)
[18:35:26] INFO train_mapper: [ 50000/50000] loss=0.6697 clip=0.6199 l2=0.0325 id=0.2381  (5771.4s)
[18:35:27] INFO train_mapper: saved checkpoint -> checkpoints/mappers/holographic.pt
[18:35:27] INFO train_mapper: done.
