[18:38:18] INFO train_mapper: training mapper for: 'a person with kabuki theater white face makeup and red accent lines'
/home/yangqining/CartoonGan/avatar_studio/avatar_studio/edit/mapper.py:180: UserWarning: Converting a tensor with requires_grad=True to a scalar may lead to unexpected behavior.
Consider using tensor.detach() first. (Triggered internally at /pytorch/torch/csrc/autograd/generated/python_variable_methods.cpp:838.)
  "id":   float(l_id) if isinstance(l_id, torch.Tensor) else l_id}
[18:38:40] INFO train_mapper: [   200/50000] loss=0.6862 clip=0.6256 l2=0.0326 id=0.3460  (22.3s)
[18:39:02] INFO train_mapper: [   400/50000] loss=0.7173 clip=0.6416 l2=0.0361 id=0.4685  (44.4s)
[18:39:24] INFO train_mapper: [   600/50000] loss=0.6645 clip=0.5989 l2=0.0344 id=0.3806  (66.0s)
[18:39:46] INFO train_mapper: [   800/50000] loss=0.6854 clip=0.6161 l2=0.0333 id=0.4260  (88.1s)
[18:40:08] INFO train_mapper: [  1000/50000] loss=0.6895 clip=0.6276 l2=0.0302 id=0.3770  (110.3s)
[18:40:31] INFO train_mapper: [  1200/50000] loss=0.6870 clip=0.6289 l2=0.0295 id=0.3454  (133.2s)
[18:40:53] INFO train_mapper: [  1400/50000] loss=0.6826 clip=0.6013 l2=0.0387 id=0.5029  (155.1s)
[18:41:14] INFO train_mapper: [  1600/50000] loss=0.6559 clip=0.5917 l2=0.0354 id=0.3591  (176.3s)
[18:41:36] INFO train_mapper: [  1800/50000] loss=0.6921 clip=0.6269 l2=0.0322 id=0.3946  (198.5s)
[18:41:58] INFO train_mapper: [  2000/50000] loss=0.6717 clip=0.6159 l2=0.0209 id=0.3914  (220.2s)
[18:42:20] INFO train_mapper: [  2200/50000] loss=0.6728 clip=0.5772 l2=0.0552 id=0.5138  (241.9s)
[18:42:42] INFO train_mapper: [  2400/50000] loss=0.6610 clip=0.5892 l2=0.0313 id=0.4677  (263.9s)
[18:43:04] INFO train_mapper: [  2600/50000] loss=0.6648 clip=0.5792 l2=0.0480 id=0.4721  (286.0s)
[18:43:25] INFO train_mapper: [  2800/50000] loss=0.6802 clip=0.5936 l2=0.0410 id=0.5375  (307.6s)
[18:43:47] INFO train_mapper: [  3000/50000] loss=0.6770 clip=0.6054 l2=0.0418 id=0.3820  (329.6s)
[18:44:09] INFO train_mapper: [  3200/50000] loss=0.6653 clip=0.5935 l2=0.0334 id=0.4507  (351.6s)
[18:44:31] INFO train_mapper: [  3400/50000] loss=0.6928 clip=0.6162 l2=0.0368 id=0.4725  (373.8s)
[18:44:54] INFO train_mapper: [  3600/50000] loss=0.6918 clip=0.6103 l2=0.0346 id=0.5376  (395.9s)
[18:45:16] INFO train_mapper: [  3800/50000] loss=0.6704 clip=0.5946 l2=0.0320 id=0.5019  (417.9s)
[18:45:38] INFO train_mapper: [  4000/50000] loss=0.6868 clip=0.5984 l2=0.0410 id=0.5560  (440.1s)
[18:46:00] INFO train_mapper: [  4200/50000] loss=0.6640 clip=0.6028 l2=0.0313 id=0.3612  (462.3s)
[18:46:22] INFO train_mapper: [  4400/50000] loss=0.6874 clip=0.6052 l2=0.0372 id=0.5243  (484.5s)
[18:46:44] INFO train_mapper: [  4600/50000] loss=0.6541 clip=0.5766 l2=0.0341 id=0.5026  (506.6s)
[18:47:06] INFO train_mapper: [  4800/50000] loss=0.6795 clip=0.6188 l2=0.0316 id=0.3535  (528.8s)
[18:47:29] INFO train_mapper: [  5000/50000] loss=0.6346 clip=0.5713 l2=0.0311 id=0.3839  (551.0s)
[18:47:30] INFO train_mapper: saved checkpoint -> checkpoints/mappers/kabuki.pt
[18:47:52] INFO train_mapper: [  5200/50000] loss=0.6942 clip=0.6021 l2=0.0479 id=0.5378  (573.9s)
[18:48:14] INFO train_mapper: [  5400/50000] loss=0.6455 clip=0.5905 l2=0.0300 id=0.3098  (596.0s)
[18:48:36] INFO train_mapper: [  5600/50000] loss=0.6760 clip=0.6141 l2=0.0390 id=0.3069  (618.6s)
[18:48:59] INFO train_mapper: [  5800/50000] loss=0.6393 clip=0.5731 l2=0.0356 id=0.3780  (641.1s)
[18:49:21] INFO train_mapper: [  6000/50000] loss=0.6314 clip=0.5747 l2=0.0328 id=0.3046  (663.5s)
[18:49:44] INFO train_mapper: [  6200/50000] loss=0.6451 clip=0.5777 l2=0.0311 id=0.4250  (685.9s)
[18:50:06] INFO train_mapper: [  6400/50000] loss=0.6684 clip=0.5821 l2=0.0370 id=0.5664  (708.1s)
[18:50:28] INFO train_mapper: [  6600/50000] loss=0.6678 clip=0.5916 l2=0.0389 id=0.4510  (730.2s)
[18:50:50] INFO train_mapper: [  6800/50000] loss=0.6622 clip=0.5840 l2=0.0345 id=0.5068  (752.3s)
[18:51:12] INFO train_mapper: [  7000/50000] loss=0.6665 clip=0.5935 l2=0.0320 id=0.4733  (774.3s)
[18:51:34] INFO train_mapper: [  7200/50000] loss=0.6875 clip=0.6158 l2=0.0432 id=0.3716  (796.1s)
[18:51:56] INFO train_mapper: [  7400/50000] loss=0.7003 clip=0.6374 l2=0.0399 id=0.3101  (818.1s)
[18:52:18] INFO train_mapper: [  7600/50000] loss=0.6860 clip=0.5913 l2=0.0379 id=0.6439  (840.1s)
[18:52:40] INFO train_mapper: [  7800/50000] loss=0.6688 clip=0.5718 l2=0.0427 id=0.6284  (862.1s)
[18:53:02] INFO train_mapper: [  8000/50000] loss=0.6424 clip=0.5925 l2=0.0277 id=0.2768  (884.1s)
[18:53:24] INFO train_mapper: [  8200/50000] loss=0.6734 clip=0.6035 l2=0.0404 id=0.3756  (906.1s)
[18:53:46] INFO train_mapper: [  8400/50000] loss=0.6547 clip=0.6050 l2=0.0332 id=0.2307  (928.1s)
[18:54:08] INFO train_mapper: [  8600/50000] loss=0.6574 clip=0.5805 l2=0.0370 id=0.4725  (950.4s)
[18:54:30] INFO train_mapper: [  8800/50000] loss=0.6415 clip=0.5793 l2=0.0358 id=0.3363  (972.3s)
[18:54:52] INFO train_mapper: [  9000/50000] loss=0.6570 clip=0.5796 l2=0.0347 id=0.4965  (994.3s)
[18:55:14] INFO train_mapper: [  9200/50000] loss=0.6427 clip=0.5704 l2=0.0368 id=0.4286  (1016.4s)
[18:55:36] INFO train_mapper: [  9400/50000] loss=0.6671 clip=0.5973 l2=0.0389 id=0.3875  (1038.3s)
[18:55:58] INFO train_mapper: [  9600/50000] loss=0.6548 clip=0.5705 l2=0.0311 id=0.5946  (1060.3s)
[18:56:20] INFO train_mapper: [  9800/50000] loss=0.7017 clip=0.6206 l2=0.0409 id=0.4839  (1082.4s)
[18:56:42] INFO train_mapper: [ 10000/50000] loss=0.6310 clip=0.5582 l2=0.0374 id=0.4287  (1104.5s)
[18:56:43] INFO train_mapper: saved checkpoint -> checkpoints/mappers/kabuki.pt
[18:57:05] INFO train_mapper: [ 10200/50000] loss=0.6490 clip=0.5736 l2=0.0368 id=0.4589  (1127.5s)
[18:57:27] INFO train_mapper: [ 10400/50000] loss=0.6823 clip=0.6102 l2=0.0337 id=0.4516  (1149.5s)
[18:57:49] INFO train_mapper: [ 10600/50000] loss=0.6695 clip=0.5756 l2=0.0399 id=0.6200  (1171.6s)
[18:58:11] INFO train_mapper: [ 10800/50000] loss=0.6967 clip=0.6052 l2=0.0360 id=0.6264  (1193.6s)
[18:58:33] INFO train_mapper: [ 11000/50000] loss=0.6757 clip=0.5930 l2=0.0342 id=0.5534  (1215.7s)
[18:58:55] INFO train_mapper: [ 11200/50000] loss=0.6843 clip=0.6081 l2=0.0427 id=0.4197  (1237.7s)
[18:59:17] INFO train_mapper: [ 11400/50000] loss=0.6638 clip=0.5903 l2=0.0300 id=0.4946  (1259.8s)
[18:59:40] INFO train_mapper: [ 11600/50000] loss=0.6989 clip=0.5994 l2=0.0420 id=0.6585  (1281.9s)
[19:00:02] INFO train_mapper: [ 11800/50000] loss=0.6456 clip=0.5866 l2=0.0339 id=0.3194  (1303.9s)
[19:00:24] INFO train_mapper: [ 12000/50000] loss=0.6489 clip=0.5655 l2=0.0346 id=0.5570  (1326.0s)
[19:00:46] INFO train_mapper: [ 12200/50000] loss=0.6564 clip=0.5771 l2=0.0420 id=0.4573  (1348.0s)
[19:01:08] INFO train_mapper: [ 12400/50000] loss=0.6551 clip=0.5946 l2=0.0331 id=0.3405  (1370.1s)
[19:01:30] INFO train_mapper: [ 12600/50000] loss=0.6539 clip=0.5757 l2=0.0386 id=0.4722  (1392.1s)
[19:01:52] INFO train_mapper: [ 12800/50000] loss=0.6306 clip=0.5593 l2=0.0404 id=0.3897  (1414.1s)
[19:02:14] INFO train_mapper: [ 13000/50000] loss=0.6503 clip=0.5845 l2=0.0292 id=0.4237  (1436.3s)
[19:02:36] INFO train_mapper: [ 13200/50000] loss=0.6617 clip=0.6003 l2=0.0300 id=0.3740  (1458.3s)
[19:02:58] INFO train_mapper: [ 13400/50000] loss=0.6676 clip=0.5852 l2=0.0330 id=0.5602  (1480.4s)
[19:03:20] INFO train_mapper: [ 13600/50000] loss=0.6619 clip=0.5671 l2=0.0461 id=0.5796  (1502.5s)
[19:03:42] INFO train_mapper: [ 13800/50000] loss=0.6671 clip=0.5967 l2=0.0339 id=0.4328  (1524.7s)
[19:04:04] INFO train_mapper: [ 14000/50000] loss=0.6690 clip=0.5918 l2=0.0383 id=0.4648  (1546.8s)
[19:04:27] INFO train_mapper: [ 14200/50000] loss=0.6483 clip=0.5871 l2=0.0339 id=0.3407  (1568.8s)
[19:04:49] INFO train_mapper: [ 14400/50000] loss=0.6430 clip=0.5710 l2=0.0407 id=0.3950  (1591.1s)
[19:05:11] INFO train_mapper: [ 14600/50000] loss=0.6680 clip=0.5931 l2=0.0354 id=0.4651  (1613.4s)
[19:05:33] INFO train_mapper: [ 14800/50000] loss=0.6594 clip=0.5813 l2=0.0358 id=0.4954  (1635.5s)
[19:05:55] INFO train_mapper: [ 15000/50000] loss=0.6673 clip=0.6006 l2=0.0352 id=0.3857  (1657.5s)
[19:05:56] INFO train_mapper: saved checkpoint -> checkpoints/mappers/kabuki.pt
[19:06:18] INFO train_mapper: [ 15200/50000] loss=0.6746 clip=0.5954 l2=0.0426 id=0.4511  (1680.5s)
[19:06:40] INFO train_mapper: [ 15400/50000] loss=0.6872 clip=0.5938 l2=0.0403 id=0.6112  (1702.6s)
[19:07:02] INFO train_mapper: [ 15600/50000] loss=0.6639 clip=0.5998 l2=0.0365 id=0.3493  (1724.7s)
[19:07:25] INFO train_mapper: [ 15800/50000] loss=0.6670 clip=0.5833 l2=0.0390 id=0.5247  (1746.9s)
[19:07:47] INFO train_mapper: [ 16000/50000] loss=0.6699 clip=0.5977 l2=0.0332 id=0.4567  (1768.9s)
[19:08:09] INFO train_mapper: [ 16200/50000] loss=0.6716 clip=0.6050 l2=0.0284 id=0.4390  (1791.0s)
[19:08:31] INFO train_mapper: [ 16400/50000] loss=0.6681 clip=0.5713 l2=0.0500 id=0.5681  (1813.1s)
[19:08:53] INFO train_mapper: [ 16600/50000] loss=0.6488 clip=0.5825 l2=0.0318 id=0.4092  (1835.2s)
[19:09:15] INFO train_mapper: [ 16800/50000] loss=0.6800 clip=0.5872 l2=0.0479 id=0.5443  (1857.2s)
[19:09:37] INFO train_mapper: [ 17000/50000] loss=0.6669 clip=0.5825 l2=0.0383 id=0.5386  (1879.4s)
[19:09:59] INFO train_mapper: [ 17200/50000] loss=0.6495 clip=0.5774 l2=0.0376 id=0.4215  (1901.5s)
[19:10:21] INFO train_mapper: [ 17400/50000] loss=0.6993 clip=0.6120 l2=0.0403 id=0.5508  (1923.6s)
[19:10:43] INFO train_mapper: [ 17600/50000] loss=0.6834 clip=0.6076 l2=0.0380 id=0.4536  (1945.7s)
[19:11:05] INFO train_mapper: [ 17800/50000] loss=0.6436 clip=0.5708 l2=0.0379 id=0.4248  (1967.8s)
[19:11:28] INFO train_mapper: [ 18000/50000] loss=0.6473 clip=0.5786 l2=0.0308 id=0.4406  (1989.8s)
[19:11:50] INFO train_mapper: [ 18200/50000] loss=0.6492 clip=0.5628 l2=0.0424 id=0.5248  (2011.9s)
[19:12:12] INFO train_mapper: [ 18400/50000] loss=0.6492 clip=0.5933 l2=0.0314 id=0.3079  (2033.9s)
[19:12:34] INFO train_mapper: [ 18600/50000] loss=0.6653 clip=0.5726 l2=0.0414 id=0.5955  (2056.0s)
[19:12:56] INFO train_mapper: [ 18800/50000] loss=0.6955 clip=0.6078 l2=0.0366 id=0.5845  (2078.1s)
[19:13:18] INFO train_mapper: [ 19000/50000] loss=0.6570 clip=0.5670 l2=0.0403 id=0.5783  (2100.2s)
[19:13:40] INFO train_mapper: [ 19200/50000] loss=0.6509 clip=0.5741 l2=0.0430 id=0.4244  (2122.2s)
[19:14:02] INFO train_mapper: [ 19400/50000] loss=0.6741 clip=0.6106 l2=0.0339 id=0.3635  (2144.3s)
[19:14:24] INFO train_mapper: [ 19600/50000] loss=0.6591 clip=0.5670 l2=0.0319 id=0.6656  (2166.3s)
[19:14:46] INFO train_mapper: [ 19800/50000] loss=0.6460 clip=0.5871 l2=0.0359 id=0.3014  (2188.4s)
[19:15:08] INFO train_mapper: [ 20000/50000] loss=0.6899 clip=0.5995 l2=0.0353 id=0.6221  (2210.4s)
[19:15:09] INFO train_mapper: saved checkpoint -> checkpoints/mappers/kabuki.pt
[19:15:31] INFO train_mapper: [ 20200/50000] loss=0.6879 clip=0.6047 l2=0.0381 id=0.5274  (2233.4s)
[19:15:53] INFO train_mapper: [ 20400/50000] loss=0.6633 clip=0.5895 l2=0.0415 id=0.4063  (2255.5s)
[19:16:15] INFO train_mapper: [ 20600/50000] loss=0.6362 clip=0.5613 l2=0.0351 id=0.4679  (2277.5s)
[19:16:37] INFO train_mapper: [ 20800/50000] loss=0.6641 clip=0.5896 l2=0.0415 id=0.4136  (2299.6s)
[19:16:59] INFO train_mapper: [ 21000/50000] loss=0.6594 clip=0.5908 l2=0.0364 id=0.3947  (2321.6s)
[19:17:21] INFO train_mapper: [ 21200/50000] loss=0.6985 clip=0.6082 l2=0.0517 id=0.4887  (2343.7s)
[19:17:43] INFO train_mapper: [ 21400/50000] loss=0.6678 clip=0.5921 l2=0.0400 id=0.4372  (2365.7s)
[19:18:06] INFO train_mapper: [ 21600/50000] loss=0.6647 clip=0.5856 l2=0.0406 id=0.4659  (2387.9s)
[19:18:28] INFO train_mapper: [ 21800/50000] loss=0.6751 clip=0.6006 l2=0.0360 id=0.4573  (2410.0s)
[19:18:50] INFO train_mapper: [ 22000/50000] loss=0.6583 clip=0.5853 l2=0.0386 id=0.4210  (2432.1s)
[19:19:12] INFO train_mapper: [ 22200/50000] loss=0.6657 clip=0.5851 l2=0.0344 id=0.5309  (2454.2s)
[19:19:34] INFO train_mapper: [ 22400/50000] loss=0.6420 clip=0.5768 l2=0.0355 id=0.3681  (2476.3s)
[19:19:56] INFO train_mapper: [ 22600/50000] loss=0.6852 clip=0.6075 l2=0.0342 id=0.5040  (2498.3s)
[19:20:18] INFO train_mapper: [ 22800/50000] loss=0.6615 clip=0.5724 l2=0.0328 id=0.6297  (2520.4s)
[19:20:40] INFO train_mapper: [ 23000/50000] loss=0.6520 clip=0.5748 l2=0.0397 id=0.4546  (2542.5s)
[19:21:02] INFO train_mapper: [ 23200/50000] loss=0.6709 clip=0.5957 l2=0.0387 id=0.4423  (2564.7s)
[19:21:24] INFO train_mapper: [ 23400/50000] loss=0.6701 clip=0.5955 l2=0.0386 id=0.4367  (2586.8s)
[19:21:47] INFO train_mapper: [ 23600/50000] loss=0.6465 clip=0.5738 l2=0.0402 id=0.4050  (2608.9s)
[19:22:09] INFO train_mapper: [ 23800/50000] loss=0.6535 clip=0.5946 l2=0.0327 id=0.3276  (2631.0s)
[19:22:31] INFO train_mapper: [ 24000/50000] loss=0.6302 clip=0.5646 l2=0.0370 id=0.3599  (2653.1s)
[19:22:53] INFO train_mapper: [ 24200/50000] loss=0.6535 clip=0.5845 l2=0.0423 id=0.3517  (2675.2s)
[19:23:15] INFO train_mapper: [ 24400/50000] loss=0.6606 clip=0.5827 l2=0.0372 id=0.4816  (2697.3s)
[19:23:37] INFO train_mapper: [ 24600/50000] loss=0.6613 clip=0.5981 l2=0.0375 id=0.3313  (2719.5s)
[19:23:59] INFO train_mapper: [ 24800/50000] loss=0.6466 clip=0.5662 l2=0.0396 id=0.4872  (2741.6s)
[19:24:21] INFO train_mapper: [ 25000/50000] loss=0.6304 clip=0.5638 l2=0.0381 id=0.3612  (2763.6s)
[19:24:22] INFO train_mapper: saved checkpoint -> checkpoints/mappers/kabuki.pt
[19:24:44] INFO train_mapper: [ 25200/50000] loss=0.6850 clip=0.6029 l2=0.0413 id=0.4900  (2786.5s)
[19:25:06] INFO train_mapper: [ 25400/50000] loss=0.6505 clip=0.5738 l2=0.0388 id=0.4565  (2808.5s)
[19:25:28] INFO train_mapper: [ 25600/50000] loss=0.6545 clip=0.5916 l2=0.0367 id=0.3354  (2830.6s)
[19:25:50] INFO train_mapper: [ 25800/50000] loss=0.6971 clip=0.6364 l2=0.0317 id=0.3541  (2852.7s)
[19:26:13] INFO train_mapper: [ 26000/50000] loss=0.6797 clip=0.5964 l2=0.0430 id=0.4886  (2875.0s)
[19:26:35] INFO train_mapper: [ 26200/50000] loss=0.6744 clip=0.5999 l2=0.0361 id=0.4563  (2897.1s)
[19:26:57] INFO train_mapper: [ 26400/50000] loss=0.6663 clip=0.5935 l2=0.0414 id=0.3974  (2919.3s)
[19:27:19] INFO train_mapper: [ 26600/50000] loss=0.6567 clip=0.5911 l2=0.0327 id=0.3941  (2941.5s)
[19:27:41] INFO train_mapper: [ 26800/50000] loss=0.6668 clip=0.5810 l2=0.0362 id=0.5682  (2963.7s)
[19:28:04] INFO train_mapper: [ 27000/50000] loss=0.6996 clip=0.6115 l2=0.0392 id=0.5673  (2985.9s)
[19:28:26] INFO train_mapper: [ 27200/50000] loss=0.6406 clip=0.5822 l2=0.0386 id=0.2748  (3008.1s)
[19:28:48] INFO train_mapper: [ 27400/50000] loss=0.6435 clip=0.5858 l2=0.0336 id=0.3085  (3030.3s)
[19:29:10] INFO train_mapper: [ 27600/50000] loss=0.6777 clip=0.5988 l2=0.0400 id=0.4695  (3052.4s)
[19:29:32] INFO train_mapper: [ 27800/50000] loss=0.6556 clip=0.5829 l2=0.0378 id=0.4238  (3074.4s)
[19:29:54] INFO train_mapper: [ 28000/50000] loss=0.6354 clip=0.5633 l2=0.0446 id=0.3643  (3096.5s)
[19:30:16] INFO train_mapper: [ 28200/50000] loss=0.6550 clip=0.5796 l2=0.0391 id=0.4415  (3118.6s)
[19:30:38] INFO train_mapper: [ 28400/50000] loss=0.6856 clip=0.5910 l2=0.0524 id=0.5266  (3140.6s)
[19:31:00] INFO train_mapper: [ 28600/50000] loss=0.6589 clip=0.5964 l2=0.0415 id=0.2927  (3162.7s)
[19:31:22] INFO train_mapper: [ 28800/50000] loss=0.6363 clip=0.5788 l2=0.0318 id=0.3212  (3184.7s)
[19:31:45] INFO train_mapper: [ 29000/50000] loss=0.6260 clip=0.5778 l2=0.0264 id=0.2708  (3206.9s)
[19:32:07] INFO train_mapper: [ 29200/50000] loss=0.6781 clip=0.5969 l2=0.0346 id=0.5349  (3228.9s)
[19:32:29] INFO train_mapper: [ 29400/50000] loss=0.6632 clip=0.6003 l2=0.0281 id=0.4042  (3251.0s)
[19:32:51] INFO train_mapper: [ 29600/50000] loss=0.6514 clip=0.5819 l2=0.0387 id=0.3850  (3273.0s)
[19:33:13] INFO train_mapper: [ 29800/50000] loss=0.6496 clip=0.5763 l2=0.0354 id=0.4506  (3295.1s)
[19:33:35] INFO train_mapper: [ 30000/50000] loss=0.6358 clip=0.5620 l2=0.0343 id=0.4635  (3317.1s)
[19:33:36] INFO train_mapper: saved checkpoint -> checkpoints/mappers/kabuki.pt
[19:33:58] INFO train_mapper: [ 30200/50000] loss=0.6402 clip=0.5636 l2=0.0331 id=0.5017  (3340.1s)
[19:34:20] INFO train_mapper: [ 30400/50000] loss=0.6570 clip=0.5883 l2=0.0348 id=0.4091  (3362.3s)
[19:34:42] INFO train_mapper: [ 30600/50000] loss=0.6538 clip=0.5853 l2=0.0424 id=0.3462  (3384.3s)
[19:35:04] INFO train_mapper: [ 30800/50000] loss=0.6515 clip=0.5823 l2=0.0442 id=0.3396  (3406.4s)
[19:35:26] INFO train_mapper: [ 31000/50000] loss=0.6396 clip=0.5704 l2=0.0390 id=0.3797  (3428.4s)
[19:35:48] INFO train_mapper: [ 31200/50000] loss=0.6843 clip=0.6219 l2=0.0369 id=0.3279  (3450.5s)
[19:36:10] INFO train_mapper: [ 31400/50000] loss=0.6491 clip=0.5933 l2=0.0359 id=0.2699  (3472.6s)
[19:36:32] INFO train_mapper: [ 31600/50000] loss=0.6412 clip=0.5813 l2=0.0361 id=0.3089  (3494.7s)
[19:36:55] INFO train_mapper: [ 31800/50000] loss=0.6600 clip=0.5817 l2=0.0442 id=0.4288  (3516.8s)
[19:37:17] INFO train_mapper: [ 32000/50000] loss=0.6576 clip=0.5955 l2=0.0378 id=0.3180  (3539.0s)
[19:37:39] INFO train_mapper: [ 32200/50000] loss=0.6423 clip=0.5749 l2=0.0307 id=0.4289  (3561.1s)
[19:38:01] INFO train_mapper: [ 32400/50000] loss=0.6542 clip=0.5880 l2=0.0372 id=0.3644  (3583.2s)
[19:38:23] INFO train_mapper: [ 32600/50000] loss=0.6468 clip=0.5844 l2=0.0354 id=0.3405  (3605.3s)
[19:38:45] INFO train_mapper: [ 32800/50000] loss=0.6372 clip=0.5746 l2=0.0380 id=0.3220  (3627.4s)
[19:39:07] INFO train_mapper: [ 33000/50000] loss=0.6544 clip=0.5776 l2=0.0349 id=0.4891  (3649.5s)
[19:39:29] INFO train_mapper: [ 33200/50000] loss=0.6847 clip=0.5770 l2=0.0459 id=0.7096  (3671.6s)
[19:39:51] INFO train_mapper: [ 33400/50000] loss=0.6635 clip=0.5817 l2=0.0394 id=0.5027  (3693.8s)
[19:40:14] INFO train_mapper: [ 33600/50000] loss=0.6515 clip=0.5755 l2=0.0467 id=0.3863  (3715.9s)
[19:40:36] INFO train_mapper: [ 33800/50000] loss=0.6309 clip=0.5801 l2=0.0287 id=0.2781  (3738.0s)
[19:40:58] INFO train_mapper: [ 34000/50000] loss=0.6762 clip=0.5818 l2=0.0376 id=0.6439  (3760.1s)
[19:41:20] INFO train_mapper: [ 34200/50000] loss=0.6645 clip=0.5791 l2=0.0420 id=0.5179  (3782.2s)
[19:41:42] INFO train_mapper: [ 34400/50000] loss=0.6257 clip=0.5628 l2=0.0332 id=0.3631  (3804.3s)
[19:42:04] INFO train_mapper: [ 34600/50000] loss=0.6491 clip=0.5834 l2=0.0328 id=0.3944  (3826.4s)
[19:42:26] INFO train_mapper: [ 34800/50000] loss=0.6384 clip=0.5869 l2=0.0334 id=0.2480  (3848.6s)
[19:42:48] INFO train_mapper: [ 35000/50000] loss=0.6608 clip=0.5890 l2=0.0395 id=0.4019  (3870.7s)
[19:42:49] INFO train_mapper: saved checkpoint -> checkpoints/mappers/kabuki.pt
[19:43:11] INFO train_mapper: [ 35200/50000] loss=0.6340 clip=0.5672 l2=0.0364 id=0.3771  (3893.8s)
[19:43:34] INFO train_mapper: [ 35400/50000] loss=0.6771 clip=0.5891 l2=0.0441 id=0.5273  (3915.8s)
[19:43:56] INFO train_mapper: [ 35600/50000] loss=0.6441 clip=0.5882 l2=0.0306 id=0.3148  (3937.9s)
[19:44:18] INFO train_mapper: [ 35800/50000] loss=0.6564 clip=0.5795 l2=0.0401 id=0.4480  (3960.0s)
[19:44:40] INFO train_mapper: [ 36000/50000] loss=0.6227 clip=0.5639 l2=0.0344 id=0.3129  (3982.1s)
[19:45:02] INFO train_mapper: [ 36200/50000] loss=0.6543 clip=0.5745 l2=0.0373 id=0.5000  (4004.2s)
[19:45:24] INFO train_mapper: [ 36400/50000] loss=0.6797 clip=0.5732 l2=0.0583 id=0.5995  (4026.2s)
[19:45:46] INFO train_mapper: [ 36600/50000] loss=0.6637 clip=0.5688 l2=0.0491 id=0.5567  (4048.2s)
[19:46:08] INFO train_mapper: [ 36800/50000] loss=0.6488 clip=0.5837 l2=0.0378 id=0.3485  (4070.2s)
[19:46:30] INFO train_mapper: [ 37000/50000] loss=0.6583 clip=0.6010 l2=0.0405 id=0.2493  (4092.2s)
[19:46:52] INFO train_mapper: [ 37200/50000] loss=0.6530 clip=0.5811 l2=0.0392 id=0.4052  (4114.3s)
[19:47:14] INFO train_mapper: [ 37400/50000] loss=0.6514 clip=0.5772 l2=0.0296 id=0.5062  (4136.2s)
[19:47:36] INFO train_mapper: [ 37600/50000] loss=0.6381 clip=0.5731 l2=0.0324 id=0.3906  (4158.4s)
[19:47:58] INFO train_mapper: [ 37800/50000] loss=0.6568 clip=0.5867 l2=0.0376 id=0.4004  (4180.4s)
[19:48:20] INFO train_mapper: [ 38000/50000] loss=0.6576 clip=0.5896 l2=0.0358 id=0.3930  (4202.4s)
[19:48:42] INFO train_mapper: [ 38200/50000] loss=0.6710 clip=0.5895 l2=0.0448 id=0.4563  (4224.5s)
[19:49:04] INFO train_mapper: [ 38400/50000] loss=0.6723 clip=0.5928 l2=0.0375 id=0.4953  (4246.5s)
[19:49:26] INFO train_mapper: [ 38600/50000] loss=0.6475 clip=0.5683 l2=0.0381 id=0.4870  (4268.5s)
[19:49:48] INFO train_mapper: [ 38800/50000] loss=0.6660 clip=0.5723 l2=0.0467 id=0.5642  (4290.5s)
[19:50:10] INFO train_mapper: [ 39000/50000] loss=0.6760 clip=0.5824 l2=0.0388 id=0.6255  (4312.5s)
[19:50:32] INFO train_mapper: [ 39200/50000] loss=0.6642 clip=0.5850 l2=0.0405 id=0.4681  (4334.7s)
[19:50:54] INFO train_mapper: [ 39400/50000] loss=0.6843 clip=0.6122 l2=0.0446 id=0.3643  (4356.7s)
[19:51:16] INFO train_mapper: [ 39600/50000] loss=0.6583 clip=0.5890 l2=0.0364 id=0.4022  (4378.8s)
[19:51:39] INFO train_mapper: [ 39800/50000] loss=0.6715 clip=0.5868 l2=0.0423 id=0.5086  (4400.8s)
[19:52:01] INFO train_mapper: [ 40000/50000] loss=0.6477 clip=0.5854 l2=0.0347 id=0.3456  (4422.9s)
[19:52:02] INFO train_mapper: saved checkpoint -> checkpoints/mappers/kabuki.pt
[19:52:24] INFO train_mapper: [ 40200/50000] loss=0.6537 clip=0.5779 l2=0.0396 id=0.4408  (4445.9s)
[19:52:46] INFO train_mapper: [ 40400/50000] loss=0.6434 clip=0.5861 l2=0.0304 id=0.3289  (4468.0s)
[19:53:08] INFO train_mapper: [ 40600/50000] loss=0.6381 clip=0.5796 l2=0.0381 id=0.2803  (4490.1s)
[19:53:30] INFO train_mapper: [ 40800/50000] loss=0.6547 clip=0.5745 l2=0.0416 id=0.4689  (4512.1s)
[19:53:52] INFO train_mapper: [ 41000/50000] loss=0.6755 clip=0.6099 l2=0.0349 id=0.3769  (4534.1s)
[19:54:14] INFO train_mapper: [ 41200/50000] loss=0.6595 clip=0.5651 l2=0.0410 id=0.6163  (4556.1s)
[19:54:36] INFO train_mapper: [ 41400/50000] loss=0.6506 clip=0.5714 l2=0.0357 id=0.5063  (4578.2s)
[19:54:58] INFO train_mapper: [ 41600/50000] loss=0.6708 clip=0.5880 l2=0.0460 id=0.4601  (4600.3s)
[19:55:20] INFO train_mapper: [ 41800/50000] loss=0.6750 clip=0.5844 l2=0.0358 id=0.6192  (4622.3s)
[19:55:42] INFO train_mapper: [ 42000/50000] loss=0.6426 clip=0.5867 l2=0.0312 id=0.3083  (4644.5s)
[19:56:04] INFO train_mapper: [ 42200/50000] loss=0.6777 clip=0.6103 l2=0.0331 id=0.4092  (4666.6s)
[19:56:26] INFO train_mapper: [ 42400/50000] loss=0.6766 clip=0.6223 l2=0.0328 id=0.2807  (4688.7s)
[19:56:48] INFO train_mapper: [ 42600/50000] loss=0.6328 clip=0.5735 l2=0.0339 id=0.3223  (4710.7s)
[19:57:11] INFO train_mapper: [ 42800/50000] loss=0.6556 clip=0.5813 l2=0.0351 id=0.4618  (4732.8s)
[19:57:33] INFO train_mapper: [ 43000/50000] loss=0.6421 clip=0.5781 l2=0.0387 id=0.3304  (4754.9s)
[19:57:55] INFO train_mapper: [ 43200/50000] loss=0.6637 clip=0.5712 l2=0.0442 id=0.5706  (4777.0s)
[19:58:17] INFO train_mapper: [ 43400/50000] loss=0.6771 clip=0.6093 l2=0.0345 id=0.4023  (4799.2s)
[19:58:39] INFO train_mapper: [ 43600/50000] loss=0.6467 clip=0.5811 l2=0.0342 id=0.3830  (4821.3s)
[19:59:01] INFO train_mapper: [ 43800/50000] loss=0.6537 clip=0.5786 l2=0.0401 id=0.4304  (4843.4s)
[19:59:23] INFO train_mapper: [ 44000/50000] loss=0.6441 clip=0.5898 l2=0.0327 id=0.2813  (4865.5s)
[19:59:45] INFO train_mapper: [ 44200/50000] loss=0.6393 clip=0.5700 l2=0.0370 id=0.3976  (4887.7s)
[20:00:07] INFO train_mapper: [ 44400/50000] loss=0.6474 clip=0.5796 l2=0.0372 id=0.3802  (4909.8s)
[20:00:30] INFO train_mapper: [ 44600/50000] loss=0.6712 clip=0.5928 l2=0.0375 id=0.4838  (4931.9s)
[20:00:52] INFO train_mapper: [ 44800/50000] loss=0.6322 clip=0.5723 l2=0.0394 id=0.2830  (4954.0s)
[20:01:14] INFO train_mapper: [ 45000/50000] loss=0.6594 clip=0.6046 l2=0.0337 id=0.2785  (4976.2s)
[20:01:15] INFO train_mapper: saved checkpoint -> checkpoints/mappers/kabuki.pt
[20:01:37] INFO train_mapper: [ 45200/50000] loss=0.6729 clip=0.6073 l2=0.0425 id=0.3153  (4999.2s)
[20:01:59] INFO train_mapper: [ 45400/50000] loss=0.6714 clip=0.5941 l2=0.0355 id=0.4890  (5021.3s)
[20:02:21] INFO train_mapper: [ 45600/50000] loss=0.6676 clip=0.5765 l2=0.0571 id=0.4543  (5043.4s)
[20:02:43] INFO train_mapper: [ 45800/50000] loss=0.6448 clip=0.5869 l2=0.0358 id=0.2923  (5065.5s)
[20:03:05] INFO train_mapper: [ 46000/50000] loss=0.6516 clip=0.5811 l2=0.0348 id=0.4270  (5087.6s)
[20:03:27] INFO train_mapper: [ 46200/50000] loss=0.6661 clip=0.5940 l2=0.0377 id=0.4198  (5109.7s)
[20:03:50] INFO train_mapper: [ 46400/50000] loss=0.6461 clip=0.5851 l2=0.0323 id=0.3516  (5131.9s)
[20:04:12] INFO train_mapper: [ 46600/50000] loss=0.6804 clip=0.5946 l2=0.0457 id=0.4923  (5154.0s)
[20:04:34] INFO train_mapper: [ 46800/50000] loss=0.6616 clip=0.5977 l2=0.0316 id=0.3860  (5176.0s)
[20:04:56] INFO train_mapper: [ 47000/50000] loss=0.6309 clip=0.5713 l2=0.0348 id=0.3173  (5198.1s)
[20:05:18] INFO train_mapper: [ 47200/50000] loss=0.6653 clip=0.6017 l2=0.0418 id=0.3007  (5220.2s)
[20:05:40] INFO train_mapper: [ 47400/50000] loss=0.6368 clip=0.5773 l2=0.0331 id=0.3296  (5242.2s)
[20:06:02] INFO train_mapper: [ 47600/50000] loss=0.6457 clip=0.5683 l2=0.0345 id=0.4978  (5264.3s)
[20:06:24] INFO train_mapper: [ 47800/50000] loss=0.6444 clip=0.5874 l2=0.0382 id=0.2633  (5286.4s)
[20:06:46] INFO train_mapper: [ 48000/50000] loss=0.6882 clip=0.6223 l2=0.0404 id=0.3363  (5308.4s)
[20:07:08] INFO train_mapper: [ 48200/50000] loss=0.6496 clip=0.5886 l2=0.0352 id=0.3281  (5330.5s)
[20:07:30] INFO train_mapper: [ 48400/50000] loss=0.6628 clip=0.5879 l2=0.0386 id=0.4393  (5352.5s)
[20:07:52] INFO train_mapper: [ 48600/50000] loss=0.6630 clip=0.6008 l2=0.0333 id=0.3556  (5374.3s)
[20:08:14] INFO train_mapper: [ 48800/50000] loss=0.6636 clip=0.5810 l2=0.0403 id=0.5047  (5396.1s)
[20:08:36] INFO train_mapper: [ 49000/50000] loss=0.6629 clip=0.6024 l2=0.0378 id=0.3031  (5418.1s)
[20:08:58] INFO train_mapper: [ 49200/50000] loss=0.6604 clip=0.5860 l2=0.0382 id=0.4378  (5440.2s)
[20:09:20] INFO train_mapper: [ 49400/50000] loss=0.6658 clip=0.5862 l2=0.0366 id=0.5040  (5462.3s)
[20:09:42] INFO train_mapper: [ 49600/50000] loss=0.6553 clip=0.5888 l2=0.0381 id=0.3596  (5484.3s)
[20:10:04] INFO train_mapper: [ 49800/50000] loss=0.6528 clip=0.5708 l2=0.0348 id=0.5422  (5506.3s)
[20:10:26] INFO train_mapper: [ 50000/50000] loss=0.6744 clip=0.6089 l2=0.0364 id=0.3633  (5528.4s)
[20:10:27] INFO train_mapper: saved checkpoint -> checkpoints/mappers/kabuki.pt
[20:10:27] INFO train_mapper: done.
