[20:08:09] INFO train_mapper: training mapper for: 'a person in dramatic neon noir lighting, pink and blue rim light'
/home/yangqining/CartoonGan/avatar_studio/avatar_studio/edit/mapper.py:180: UserWarning: Converting a tensor with requires_grad=True to a scalar may lead to unexpected behavior.
Consider using tensor.detach() first. (Triggered internally at /pytorch/torch/csrc/autograd/generated/python_variable_methods.cpp:838.)
  "id":   float(l_id) if isinstance(l_id, torch.Tensor) else l_id}
[20:08:31] INFO train_mapper: [   200/50000] loss=0.7144 clip=0.6504 l2=0.0388 id=0.3291  (22.2s)
[20:08:53] INFO train_mapper: [   400/50000] loss=0.6879 clip=0.6336 l2=0.0267 id=0.3283  (44.2s)
[20:09:15] INFO train_mapper: [   600/50000] loss=0.7110 clip=0.6386 l2=0.0406 id=0.4002  (66.3s)
[20:09:38] INFO train_mapper: [   800/50000] loss=0.6972 clip=0.6396 l2=0.0312 id=0.3269  (88.4s)
[20:10:00] INFO train_mapper: [  1000/50000] loss=0.6829 clip=0.6267 l2=0.0411 id=0.2338  (110.4s)
[20:10:22] INFO train_mapper: [  1200/50000] loss=0.6562 clip=0.5933 l2=0.0321 id=0.3725  (132.5s)
[20:10:44] INFO train_mapper: [  1400/50000] loss=0.7322 clip=0.6422 l2=0.0567 id=0.4470  (154.7s)
[20:11:06] INFO train_mapper: [  1600/50000] loss=0.6538 clip=0.6023 l2=0.0284 id=0.2883  (176.8s)
[20:11:28] INFO train_mapper: [  1800/50000] loss=0.6811 clip=0.6205 l2=0.0337 id=0.3364  (198.8s)
[20:11:50] INFO train_mapper: [  2000/50000] loss=0.6486 clip=0.5932 l2=0.0330 id=0.2900  (220.9s)
[20:12:12] INFO train_mapper: [  2200/50000] loss=0.6700 clip=0.6233 l2=0.0324 id=0.2086  (243.0s)
[20:12:34] INFO train_mapper: [  2400/50000] loss=0.6916 clip=0.6302 l2=0.0367 id=0.3207  (265.1s)
[20:12:56] INFO train_mapper: [  2600/50000] loss=0.6936 clip=0.6506 l2=0.0253 id=0.2276  (287.2s)
[20:13:19] INFO train_mapper: [  2800/50000] loss=0.6930 clip=0.6093 l2=0.0517 id=0.4223  (309.4s)
[20:13:41] INFO train_mapper: [  3000/50000] loss=0.6559 clip=0.5946 l2=0.0365 id=0.3210  (331.5s)
[20:14:03] INFO train_mapper: [  3200/50000] loss=0.6689 clip=0.6234 l2=0.0303 id=0.2123  (353.6s)
[20:14:25] INFO train_mapper: [  3400/50000] loss=0.6613 clip=0.6063 l2=0.0341 id=0.2767  (375.7s)
[20:14:47] INFO train_mapper: [  3600/50000] loss=0.6457 clip=0.5894 l2=0.0329 id=0.3002  (397.8s)
[20:15:09] INFO train_mapper: [  3800/50000] loss=0.6980 clip=0.6532 l2=0.0321 id=0.1917  (419.9s)
[20:15:31] INFO train_mapper: [  4000/50000] loss=0.6486 clip=0.5927 l2=0.0347 id=0.2810  (442.0s)
[20:15:53] INFO train_mapper: [  4200/50000] loss=0.6421 clip=0.5802 l2=0.0351 id=0.3383  (464.3s)
[20:16:16] INFO train_mapper: [  4400/50000] loss=0.6587 clip=0.6030 l2=0.0312 id=0.3068  (486.4s)
[20:16:38] INFO train_mapper: [  4600/50000] loss=0.6637 clip=0.6079 l2=0.0324 id=0.2990  (508.5s)
[20:17:00] INFO train_mapper: [  4800/50000] loss=0.6981 clip=0.6305 l2=0.0363 id=0.3851  (530.6s)
[20:17:22] INFO train_mapper: [  5000/50000] loss=0.6559 clip=0.5995 l2=0.0350 id=0.2841  (552.8s)
[20:17:23] INFO train_mapper: saved checkpoint -> checkpoints/mappers/neon_noir.pt
[20:17:45] INFO train_mapper: [  5200/50000] loss=0.6654 clip=0.6151 l2=0.0314 id=0.2511  (575.8s)
[20:18:07] INFO train_mapper: [  5400/50000] loss=0.6575 clip=0.6094 l2=0.0307 id=0.2347  (597.8s)
[20:18:29] INFO train_mapper: [  5600/50000] loss=0.6570 clip=0.6077 l2=0.0338 id=0.2233  (619.9s)
[20:18:51] INFO train_mapper: [  5800/50000] loss=0.6625 clip=0.6076 l2=0.0344 id=0.2746  (641.9s)
[20:19:13] INFO train_mapper: [  6000/50000] loss=0.6614 clip=0.6129 l2=0.0316 id=0.2322  (664.0s)
[20:19:35] INFO train_mapper: [  6200/50000] loss=0.6751 clip=0.6108 l2=0.0401 id=0.3222  (686.0s)
[20:19:57] INFO train_mapper: [  6400/50000] loss=0.6435 clip=0.5861 l2=0.0337 id=0.3044  (708.1s)
[20:20:19] INFO train_mapper: [  6600/50000] loss=0.6494 clip=0.5967 l2=0.0290 id=0.2954  (730.2s)
[20:20:41] INFO train_mapper: [  6800/50000] loss=0.6864 clip=0.6181 l2=0.0468 id=0.3085  (752.2s)
[20:21:03] INFO train_mapper: [  7000/50000] loss=0.6445 clip=0.5806 l2=0.0376 id=0.3380  (774.3s)
[20:21:26] INFO train_mapper: [  7200/50000] loss=0.6434 clip=0.5913 l2=0.0330 id=0.2568  (796.4s)
[20:21:48] INFO train_mapper: [  7400/50000] loss=0.6861 clip=0.6310 l2=0.0328 id=0.2879  (818.5s)
[20:22:10] INFO train_mapper: [  7600/50000] loss=0.6655 clip=0.5873 l2=0.0593 id=0.3079  (840.5s)
[20:22:32] INFO train_mapper: [  7800/50000] loss=0.6630 clip=0.6106 l2=0.0365 id=0.2321  (862.6s)
[20:22:54] INFO train_mapper: [  8000/50000] loss=0.6779 clip=0.6039 l2=0.0467 id=0.3670  (884.7s)
[20:23:16] INFO train_mapper: [  8200/50000] loss=0.6681 clip=0.6052 l2=0.0389 id=0.3176  (906.7s)
[20:23:38] INFO train_mapper: [  8400/50000] loss=0.7205 clip=0.6611 l2=0.0385 id=0.2851  (928.7s)
[20:24:00] INFO train_mapper: [  8600/50000] loss=0.6455 clip=0.5917 l2=0.0339 id=0.2664  (950.8s)
[20:24:22] INFO train_mapper: [  8800/50000] loss=0.6891 clip=0.6201 l2=0.0406 id=0.3646  (972.8s)
[20:24:44] INFO train_mapper: [  9000/50000] loss=0.6615 clip=0.6025 l2=0.0386 id=0.2812  (994.8s)
[20:25:06] INFO train_mapper: [  9200/50000] loss=0.6580 clip=0.6041 l2=0.0336 id=0.2698  (1016.8s)
[20:25:28] INFO train_mapper: [  9400/50000] loss=0.6562 clip=0.6017 l2=0.0416 id=0.2123  (1038.8s)
[20:25:50] INFO train_mapper: [  9600/50000] loss=0.6549 clip=0.5897 l2=0.0394 id=0.3371  (1060.8s)
[20:26:12] INFO train_mapper: [  9800/50000] loss=0.6579 clip=0.6097 l2=0.0361 id=0.1932  (1082.8s)
[20:26:34] INFO train_mapper: [ 10000/50000] loss=0.6733 clip=0.6113 l2=0.0398 id=0.3011  (1104.9s)
[20:26:35] INFO train_mapper: saved checkpoint -> checkpoints/mappers/neon_noir.pt
[20:26:57] INFO train_mapper: [ 10200/50000] loss=0.6280 clip=0.5635 l2=0.0354 id=0.3622  (1127.7s)
[20:27:19] INFO train_mapper: [ 10400/50000] loss=0.6728 clip=0.6045 l2=0.0467 id=0.3093  (1149.7s)
[20:27:41] INFO train_mapper: [ 10600/50000] loss=0.7052 clip=0.6500 l2=0.0351 id=0.2703  (1171.7s)
[20:28:03] INFO train_mapper: [ 10800/50000] loss=0.6589 clip=0.6031 l2=0.0285 id=0.3296  (1193.7s)
[20:28:25] INFO train_mapper: [ 11000/50000] loss=0.6657 clip=0.6160 l2=0.0305 id=0.2529  (1215.6s)
[20:28:47] INFO train_mapper: [ 11200/50000] loss=0.6933 clip=0.6300 l2=0.0418 id=0.2987  (1237.6s)
[20:29:09] INFO train_mapper: [ 11400/50000] loss=0.6696 clip=0.6146 l2=0.0400 id=0.2296  (1259.6s)
[20:29:31] INFO train_mapper: [ 11600/50000] loss=0.6870 clip=0.6376 l2=0.0362 id=0.2050  (1281.7s)
[20:29:53] INFO train_mapper: [ 11800/50000] loss=0.6571 clip=0.5970 l2=0.0366 id=0.3085  (1303.6s)
[20:30:15] INFO train_mapper: [ 12000/50000] loss=0.6658 clip=0.6112 l2=0.0322 id=0.2885  (1325.6s)
[20:30:37] INFO train_mapper: [ 12200/50000] loss=0.6574 clip=0.6120 l2=0.0286 id=0.2252  (1347.6s)
[20:30:59] INFO train_mapper: [ 12400/50000] loss=0.6540 clip=0.5930 l2=0.0429 id=0.2670  (1369.6s)
[20:31:21] INFO train_mapper: [ 12600/50000] loss=0.6466 clip=0.5903 l2=0.0310 id=0.3145  (1391.6s)
[20:31:43] INFO train_mapper: [ 12800/50000] loss=0.6560 clip=0.6043 l2=0.0346 id=0.2398  (1413.6s)
[20:32:05] INFO train_mapper: [ 13000/50000] loss=0.6459 clip=0.5889 l2=0.0336 id=0.3015  (1435.7s)
[20:32:27] INFO train_mapper: [ 13200/50000] loss=0.6897 clip=0.6142 l2=0.0444 id=0.4002  (1457.7s)
[20:32:49] INFO train_mapper: [ 13400/50000] loss=0.6642 clip=0.6071 l2=0.0367 id=0.2776  (1479.8s)
[20:33:11] INFO train_mapper: [ 13600/50000] loss=0.6936 clip=0.6254 l2=0.0453 id=0.3192  (1501.8s)
[20:33:33] INFO train_mapper: [ 13800/50000] loss=0.6449 clip=0.5982 l2=0.0305 id=0.2231  (1523.8s)
[20:33:55] INFO train_mapper: [ 14000/50000] loss=0.6627 clip=0.6055 l2=0.0345 id=0.2962  (1545.8s)
[20:34:17] INFO train_mapper: [ 14200/50000] loss=0.6628 clip=0.5918 l2=0.0463 id=0.3397  (1567.8s)
[20:34:39] INFO train_mapper: [ 14400/50000] loss=0.6267 clip=0.5802 l2=0.0292 id=0.2308  (1589.8s)
[20:35:01] INFO train_mapper: [ 14600/50000] loss=0.6655 clip=0.6113 l2=0.0391 id=0.2285  (1611.8s)
[20:35:23] INFO train_mapper: [ 14800/50000] loss=0.6524 clip=0.5869 l2=0.0419 id=0.3195  (1633.8s)
[20:35:45] INFO train_mapper: [ 15000/50000] loss=0.6476 clip=0.5989 l2=0.0357 id=0.2009  (1655.8s)
[20:35:46] INFO train_mapper: saved checkpoint -> checkpoints/mappers/neon_noir.pt
[20:36:08] INFO train_mapper: [ 15200/50000] loss=0.6760 clip=0.6138 l2=0.0374 id=0.3232  (1678.8s)
[20:36:30] INFO train_mapper: [ 15400/50000] loss=0.6989 clip=0.6344 l2=0.0467 id=0.2705  (1700.8s)
[20:36:52] INFO train_mapper: [ 15600/50000] loss=0.6722 clip=0.6052 l2=0.0412 id=0.3406  (1722.8s)
[20:37:14] INFO train_mapper: [ 15800/50000] loss=0.6716 clip=0.6089 l2=0.0394 id=0.3113  (1744.9s)
[20:37:36] INFO train_mapper: [ 16000/50000] loss=0.6355 clip=0.5742 l2=0.0343 id=0.3388  (1766.9s)
[20:37:58] INFO train_mapper: [ 16200/50000] loss=0.6796 clip=0.6255 l2=0.0410 id=0.2127  (1788.9s)
[20:38:20] INFO train_mapper: [ 16400/50000] loss=0.6677 clip=0.6203 l2=0.0311 id=0.2255  (1811.0s)
[20:38:42] INFO train_mapper: [ 16600/50000] loss=0.6549 clip=0.5980 l2=0.0369 id=0.2741  (1833.0s)
[20:39:04] INFO train_mapper: [ 16800/50000] loss=0.6427 clip=0.5875 l2=0.0340 id=0.2805  (1855.0s)
[20:39:26] INFO train_mapper: [ 17000/50000] loss=0.6699 clip=0.6081 l2=0.0348 id=0.3402  (1877.0s)
[20:39:48] INFO train_mapper: [ 17200/50000] loss=0.6391 clip=0.5890 l2=0.0306 id=0.2558  (1899.0s)
[20:40:10] INFO train_mapper: [ 17400/50000] loss=0.6750 clip=0.6257 l2=0.0358 id=0.2072  (1921.2s)
[20:40:32] INFO train_mapper: [ 17600/50000] loss=0.6685 clip=0.6075 l2=0.0375 id=0.3094  (1943.2s)
[20:40:54] INFO train_mapper: [ 17800/50000] loss=0.6548 clip=0.6041 l2=0.0360 id=0.2193  (1965.2s)
[20:41:16] INFO train_mapper: [ 18000/50000] loss=0.6525 clip=0.6041 l2=0.0330 id=0.2196  (1987.2s)
[20:41:38] INFO train_mapper: [ 18200/50000] loss=0.6970 clip=0.6231 l2=0.0487 id=0.3493  (2009.2s)
[20:42:00] INFO train_mapper: [ 18400/50000] loss=0.6508 clip=0.5833 l2=0.0463 id=0.3046  (2031.3s)
[20:42:22] INFO train_mapper: [ 18600/50000] loss=0.6492 clip=0.5909 l2=0.0376 id=0.2826  (2053.3s)
[20:42:45] INFO train_mapper: [ 18800/50000] loss=0.6415 clip=0.5868 l2=0.0353 id=0.2644  (2075.4s)
[20:43:07] INFO train_mapper: [ 19000/50000] loss=0.6576 clip=0.6033 l2=0.0374 id=0.2433  (2097.4s)
[20:43:29] INFO train_mapper: [ 19200/50000] loss=0.6521 clip=0.5938 l2=0.0339 id=0.3120  (2119.3s)
[20:43:50] INFO train_mapper: [ 19400/50000] loss=0.7179 clip=0.6461 l2=0.0490 id=0.3268  (2141.3s)
[20:44:12] INFO train_mapper: [ 19600/50000] loss=0.6774 clip=0.6261 l2=0.0355 id=0.2284  (2163.2s)
[20:44:34] INFO train_mapper: [ 19800/50000] loss=0.7011 clip=0.6452 l2=0.0389 id=0.2476  (2185.2s)
[20:44:56] INFO train_mapper: [ 20000/50000] loss=0.6260 clip=0.5740 l2=0.0332 id=0.2545  (2207.1s)
[20:44:57] INFO train_mapper: saved checkpoint -> checkpoints/mappers/neon_noir.pt
[20:45:19] INFO train_mapper: [ 20200/50000] loss=0.6329 clip=0.5852 l2=0.0321 id=0.2194  (2230.0s)
[20:45:41] INFO train_mapper: [ 20400/50000] loss=0.6826 clip=0.6255 l2=0.0403 id=0.2492  (2252.0s)
[20:46:03] INFO train_mapper: [ 20600/50000] loss=0.6491 clip=0.5857 l2=0.0378 id=0.3318  (2273.9s)
[20:46:25] INFO train_mapper: [ 20800/50000] loss=0.6966 clip=0.6263 l2=0.0453 id=0.3409  (2295.9s)
[20:46:47] INFO train_mapper: [ 21000/50000] loss=0.6855 clip=0.6190 l2=0.0414 id=0.3339  (2317.8s)
[20:47:09] INFO train_mapper: [ 21200/50000] loss=0.6709 clip=0.6205 l2=0.0356 id=0.2184  (2339.8s)
[20:47:31] INFO train_mapper: [ 21400/50000] loss=0.6590 clip=0.6054 l2=0.0302 id=0.2941  (2361.8s)
[20:47:53] INFO train_mapper: [ 21600/50000] loss=0.6503 clip=0.5921 l2=0.0354 id=0.2992  (2383.8s)
[20:48:15] INFO train_mapper: [ 21800/50000] loss=0.6172 clip=0.5726 l2=0.0311 id=0.1971  (2405.8s)
[20:48:37] INFO train_mapper: [ 22000/50000] loss=0.6647 clip=0.6005 l2=0.0402 id=0.3204  (2427.7s)
[20:48:59] INFO train_mapper: [ 22200/50000] loss=0.6463 clip=0.5847 l2=0.0376 id=0.3150  (2449.7s)
[20:49:21] INFO train_mapper: [ 22400/50000] loss=0.6675 clip=0.6093 l2=0.0326 id=0.3215  (2471.6s)
[20:49:43] INFO train_mapper: [ 22600/50000] loss=0.6740 clip=0.6133 l2=0.0442 id=0.2532  (2493.6s)
[20:50:05] INFO train_mapper: [ 22800/50000] loss=0.6558 clip=0.5940 l2=0.0382 id=0.3125  (2515.5s)
[20:50:27] INFO train_mapper: [ 23000/50000] loss=0.6706 clip=0.6145 l2=0.0365 id=0.2693  (2537.5s)
[20:50:49] INFO train_mapper: [ 23200/50000] loss=0.6525 clip=0.6072 l2=0.0310 id=0.2049  (2559.6s)
[20:51:11] INFO train_mapper: [ 23400/50000] loss=0.6641 clip=0.6051 l2=0.0371 id=0.2928  (2581.6s)
[20:51:33] INFO train_mapper: [ 23600/50000] loss=0.6452 clip=0.5912 l2=0.0306 id=0.2951  (2603.6s)
[20:51:55] INFO train_mapper: [ 23800/50000] loss=0.6582 clip=0.6041 l2=0.0334 id=0.2730  (2625.6s)
[20:52:17] INFO train_mapper: [ 24000/50000] loss=0.6550 clip=0.5983 l2=0.0415 id=0.2350  (2647.6s)
[20:52:39] INFO train_mapper: [ 24200/50000] loss=0.6487 clip=0.5894 l2=0.0408 id=0.2665  (2669.5s)
[20:53:01] INFO train_mapper: [ 24400/50000] loss=0.6689 clip=0.6151 l2=0.0340 id=0.2660  (2691.5s)
[20:53:23] INFO train_mapper: [ 24600/50000] loss=0.6416 clip=0.5929 l2=0.0336 id=0.2186  (2713.6s)
[20:53:45] INFO train_mapper: [ 24800/50000] loss=0.6373 clip=0.5892 l2=0.0292 id=0.2477  (2735.6s)
[20:54:07] INFO train_mapper: [ 25000/50000] loss=0.6390 clip=0.5820 l2=0.0344 id=0.2953  (2757.6s)
[20:54:08] INFO train_mapper: saved checkpoint -> checkpoints/mappers/neon_noir.pt
[20:54:30] INFO train_mapper: [ 25200/50000] loss=0.6578 clip=0.5929 l2=0.0398 id=0.3297  (2780.6s)
[20:54:52] INFO train_mapper: [ 25400/50000] loss=0.6587 clip=0.5942 l2=0.0398 id=0.3260  (2802.6s)
[20:55:14] INFO train_mapper: [ 25600/50000] loss=0.7003 clip=0.6423 l2=0.0415 id=0.2489  (2824.6s)
[20:55:36] INFO train_mapper: [ 25800/50000] loss=0.6285 clip=0.5746 l2=0.0353 id=0.2566  (2846.6s)
[20:55:58] INFO train_mapper: [ 26000/50000] loss=0.6494 clip=0.5914 l2=0.0353 id=0.2981  (2868.8s)
[20:56:20] INFO train_mapper: [ 26200/50000] loss=0.6442 clip=0.5736 l2=0.0389 id=0.3958  (2890.8s)
[20:56:42] INFO train_mapper: [ 26400/50000] loss=0.6443 clip=0.5902 l2=0.0333 id=0.2742  (2912.9s)
[20:57:04] INFO train_mapper: [ 26600/50000] loss=0.6703 clip=0.6107 l2=0.0379 id=0.2929  (2934.9s)
[20:57:26] INFO train_mapper: [ 26800/50000] loss=0.6478 clip=0.5864 l2=0.0377 id=0.3124  (2956.9s)
[20:57:48] INFO train_mapper: [ 27000/50000] loss=0.6268 clip=0.5694 l2=0.0367 id=0.2800  (2978.9s)
[20:58:10] INFO train_mapper: [ 27200/50000] loss=0.6581 clip=0.6101 l2=0.0320 id=0.2250  (3000.9s)
[20:58:32] INFO train_mapper: [ 27400/50000] loss=0.6628 clip=0.6072 l2=0.0345 id=0.2805  (3023.0s)
[20:58:54] INFO train_mapper: [ 27600/50000] loss=0.6743 clip=0.6189 l2=0.0375 id=0.2541  (3045.0s)
[20:59:16] INFO train_mapper: [ 27800/50000] loss=0.6577 clip=0.5894 l2=0.0363 id=0.3925  (3067.0s)
[20:59:38] INFO train_mapper: [ 28000/50000] loss=0.6477 clip=0.5868 l2=0.0401 id=0.2886  (3089.1s)
[21:00:00] INFO train_mapper: [ 28200/50000] loss=0.6416 clip=0.5836 l2=0.0331 id=0.3142  (3111.1s)
[21:00:22] INFO train_mapper: [ 28400/50000] loss=0.6671 clip=0.5999 l2=0.0436 id=0.3228  (3133.1s)
[21:00:44] INFO train_mapper: [ 28600/50000] loss=0.6460 clip=0.5863 l2=0.0365 id=0.3051  (3155.1s)
[21:01:06] INFO train_mapper: [ 28800/50000] loss=0.6271 clip=0.5705 l2=0.0348 id=0.2872  (3177.0s)
[21:01:28] INFO train_mapper: [ 29000/50000] loss=0.6963 clip=0.6354 l2=0.0434 id=0.2617  (3199.2s)
[21:01:50] INFO train_mapper: [ 29200/50000] loss=0.6834 clip=0.6186 l2=0.0402 id=0.3262  (3221.2s)
[21:02:12] INFO train_mapper: [ 29400/50000] loss=0.6687 clip=0.5969 l2=0.0505 id=0.3150  (3243.2s)
[21:02:34] INFO train_mapper: [ 29600/50000] loss=0.6711 clip=0.6056 l2=0.0512 id=0.2456  (3265.2s)
[21:02:56] INFO train_mapper: [ 29800/50000] loss=0.6524 clip=0.6014 l2=0.0311 id=0.2623  (3287.2s)
[21:03:18] INFO train_mapper: [ 30000/50000] loss=0.6491 clip=0.5807 l2=0.0425 id=0.3442  (3309.3s)
[21:03:19] INFO train_mapper: saved checkpoint -> checkpoints/mappers/neon_noir.pt
[21:03:41] INFO train_mapper: [ 30200/50000] loss=0.6538 clip=0.5958 l2=0.0330 id=0.3158  (3332.2s)
[21:04:03] INFO train_mapper: [ 30400/50000] loss=0.6361 clip=0.5820 l2=0.0344 id=0.2657  (3354.3s)
[21:04:25] INFO train_mapper: [ 30600/50000] loss=0.6674 clip=0.6059 l2=0.0408 id=0.2886  (3376.2s)
[21:04:47] INFO train_mapper: [ 30800/50000] loss=0.6467 clip=0.5929 l2=0.0332 id=0.2724  (3398.2s)
[21:05:09] INFO train_mapper: [ 31000/50000] loss=0.6593 clip=0.6022 l2=0.0367 id=0.2780  (3420.2s)
[21:05:31] INFO train_mapper: [ 31200/50000] loss=0.6493 clip=0.5855 l2=0.0391 id=0.3257  (3442.1s)
[21:05:53] INFO train_mapper: [ 31400/50000] loss=0.6549 clip=0.5886 l2=0.0402 id=0.3405  (3464.1s)
[21:06:15] INFO train_mapper: [ 31600/50000] loss=0.6680 clip=0.6039 l2=0.0469 id=0.2668  (3486.1s)
[21:06:37] INFO train_mapper: [ 31800/50000] loss=0.6435 clip=0.5838 l2=0.0362 id=0.3077  (3508.1s)
[21:06:59] INFO train_mapper: [ 32000/50000] loss=0.6612 clip=0.5987 l2=0.0447 id=0.2676  (3530.0s)
[21:07:21] INFO train_mapper: [ 32200/50000] loss=0.6668 clip=0.6012 l2=0.0406 id=0.3314  (3552.0s)
[21:07:43] INFO train_mapper: [ 32400/50000] loss=0.6682 clip=0.6034 l2=0.0392 id=0.3342  (3573.9s)
[21:08:05] INFO train_mapper: [ 32600/50000] loss=0.6548 clip=0.5932 l2=0.0387 id=0.3068  (3595.9s)
[21:08:27] INFO train_mapper: [ 32800/50000] loss=0.6583 clip=0.5992 l2=0.0363 id=0.3009  (3617.8s)
[21:08:49] INFO train_mapper: [ 33000/50000] loss=0.6906 clip=0.6240 l2=0.0416 id=0.3343  (3639.7s)
[21:09:11] INFO train_mapper: [ 33200/50000] loss=0.6497 clip=0.5825 l2=0.0438 id=0.3215  (3661.7s)
[21:09:33] INFO train_mapper: [ 33400/50000] loss=0.6627 clip=0.5966 l2=0.0453 id=0.2987  (3683.7s)
[21:09:55] INFO train_mapper: [ 33600/50000] loss=0.6695 clip=0.6170 l2=0.0332 id=0.2590  (3705.7s)
[21:10:17] INFO train_mapper: [ 33800/50000] loss=0.6439 clip=0.5761 l2=0.0386 id=0.3693  (3727.7s)
[21:10:39] INFO train_mapper: [ 34000/50000] loss=0.6594 clip=0.6002 l2=0.0414 id=0.2606  (3749.6s)
[21:11:01] INFO train_mapper: [ 34200/50000] loss=0.6456 clip=0.5834 l2=0.0395 id=0.3058  (3771.6s)
[21:11:23] INFO train_mapper: [ 34400/50000] loss=0.6444 clip=0.5907 l2=0.0372 id=0.2392  (3793.5s)
[21:11:45] INFO train_mapper: [ 34600/50000] loss=0.6405 clip=0.5860 l2=0.0345 id=0.2687  (3815.5s)
[21:12:07] INFO train_mapper: [ 34800/50000] loss=0.6961 clip=0.6348 l2=0.0418 id=0.2786  (3837.5s)
[21:12:29] INFO train_mapper: [ 35000/50000] loss=0.6554 clip=0.5954 l2=0.0389 id=0.2887  (3859.5s)
[21:12:30] INFO train_mapper: saved checkpoint -> checkpoints/mappers/neon_noir.pt
[21:12:52] INFO train_mapper: [ 35200/50000] loss=0.6674 clip=0.6188 l2=0.0344 id=0.2107  (3882.5s)
[21:13:14] INFO train_mapper: [ 35400/50000] loss=0.6802 clip=0.6088 l2=0.0449 id=0.3541  (3904.4s)
[21:13:36] INFO train_mapper: [ 35600/50000] loss=0.6488 clip=0.5930 l2=0.0369 id=0.2626  (3926.4s)
[21:13:58] INFO train_mapper: [ 35800/50000] loss=0.6560 clip=0.6050 l2=0.0301 id=0.2700  (3948.4s)
[21:14:20] INFO train_mapper: [ 36000/50000] loss=0.6416 clip=0.5873 l2=0.0354 id=0.2607  (3970.4s)
[21:14:42] INFO train_mapper: [ 36200/50000] loss=0.6587 clip=0.5936 l2=0.0410 id=0.3228  (3992.5s)
[21:15:04] INFO train_mapper: [ 36400/50000] loss=0.6453 clip=0.5874 l2=0.0374 id=0.2794  (4014.5s)
[21:15:26] INFO train_mapper: [ 36600/50000] loss=0.6590 clip=0.5938 l2=0.0390 id=0.3397  (4036.5s)
[21:15:48] INFO train_mapper: [ 36800/50000] loss=0.6629 clip=0.6042 l2=0.0352 id=0.3053  (4058.5s)
[21:16:10] INFO train_mapper: [ 37000/50000] loss=0.6558 clip=0.5789 l2=0.0537 id=0.3392  (4080.4s)
[21:16:32] INFO train_mapper: [ 37200/50000] loss=0.6728 clip=0.6136 l2=0.0430 id=0.2469  (4102.4s)
[21:16:54] INFO train_mapper: [ 37400/50000] loss=0.6484 clip=0.5919 l2=0.0396 id=0.2481  (4124.5s)
[21:17:16] INFO train_mapper: [ 37600/50000] loss=0.6481 clip=0.5779 l2=0.0424 id=0.3626  (4146.6s)
[21:17:38] INFO train_mapper: [ 37800/50000] loss=0.6616 clip=0.5995 l2=0.0366 id=0.3281  (4168.5s)
[21:18:00] INFO train_mapper: [ 38000/50000] loss=0.6534 clip=0.5994 l2=0.0300 id=0.3001  (4190.5s)
[21:18:22] INFO train_mapper: [ 38200/50000] loss=0.6472 clip=0.5909 l2=0.0344 id=0.2881  (4212.5s)
[21:18:44] INFO train_mapper: [ 38400/50000] loss=0.6445 clip=0.5889 l2=0.0344 id=0.2807  (4234.6s)
[21:19:06] INFO train_mapper: [ 38600/50000] loss=0.6523 clip=0.5986 l2=0.0324 id=0.2775  (4256.6s)
[21:19:28] INFO train_mapper: [ 38800/50000] loss=0.6527 clip=0.6072 l2=0.0344 id=0.1801  (4278.7s)
[21:19:50] INFO train_mapper: [ 39000/50000] loss=0.6752 clip=0.6180 l2=0.0419 id=0.2361  (4300.7s)
[21:20:12] INFO train_mapper: [ 39200/50000] loss=0.6525 clip=0.6011 l2=0.0339 id=0.2431  (4322.9s)
[21:20:34] INFO train_mapper: [ 39400/50000] loss=0.6611 clip=0.6000 l2=0.0452 id=0.2498  (4345.0s)
[21:20:56] INFO train_mapper: [ 39600/50000] loss=0.6598 clip=0.5827 l2=0.0598 id=0.2925  (4367.0s)
[21:21:18] INFO train_mapper: [ 39800/50000] loss=0.6639 clip=0.5966 l2=0.0356 id=0.3883  (4389.1s)
[21:21:40] INFO train_mapper: [ 40000/50000] loss=0.6726 clip=0.6119 l2=0.0360 id=0.3190  (4411.1s)
[21:21:41] INFO train_mapper: saved checkpoint -> checkpoints/mappers/neon_noir.pt
[21:22:03] INFO train_mapper: [ 40200/50000] loss=0.6669 clip=0.6069 l2=0.0460 id=0.2314  (4434.0s)
[21:22:25] INFO train_mapper: [ 40400/50000] loss=0.6893 clip=0.6159 l2=0.0455 id=0.3702  (4456.0s)
[21:22:47] INFO train_mapper: [ 40600/50000] loss=0.6430 clip=0.5875 l2=0.0351 id=0.2744  (4478.2s)
[21:23:09] INFO train_mapper: [ 40800/50000] loss=0.6379 clip=0.5797 l2=0.0379 id=0.2793  (4500.2s)
[21:23:31] INFO train_mapper: [ 41000/50000] loss=0.6686 clip=0.6115 l2=0.0350 id=0.2906  (4522.2s)
[21:23:53] INFO train_mapper: [ 41200/50000] loss=0.6650 clip=0.6017 l2=0.0428 id=0.2907  (4544.2s)
[21:24:15] INFO train_mapper: [ 41400/50000] loss=0.6424 clip=0.5878 l2=0.0340 id=0.2739  (4566.2s)
[21:24:37] INFO train_mapper: [ 41600/50000] loss=0.6395 clip=0.5894 l2=0.0333 id=0.2349  (4588.2s)
[21:24:59] INFO train_mapper: [ 41800/50000] loss=0.6504 clip=0.5806 l2=0.0445 id=0.3422  (4610.2s)
[21:25:21] INFO train_mapper: [ 42000/50000] loss=0.6646 clip=0.5933 l2=0.0474 id=0.3341  (4632.3s)
[21:25:43] INFO train_mapper: [ 42200/50000] loss=0.6512 clip=0.5965 l2=0.0371 id=0.2497  (4654.3s)
[21:26:05] INFO train_mapper: [ 42400/50000] loss=0.6642 clip=0.6039 l2=0.0364 id=0.3117  (4676.2s)
[21:26:27] INFO train_mapper: [ 42600/50000] loss=0.6770 clip=0.6065 l2=0.0454 id=0.3420  (4698.2s)
[21:26:49] INFO train_mapper: [ 42800/50000] loss=0.6754 clip=0.6205 l2=0.0344 id=0.2732  (4720.2s)
[21:27:11] INFO train_mapper: [ 43000/50000] loss=0.6513 clip=0.5935 l2=0.0393 id=0.2634  (4742.2s)
[21:27:33] INFO train_mapper: [ 43200/50000] loss=0.6437 clip=0.5830 l2=0.0314 id=0.3553  (4764.2s)
[21:27:55] INFO train_mapper: [ 43400/50000] loss=0.6544 clip=0.5997 l2=0.0283 id=0.3200  (4786.3s)
[21:28:17] INFO train_mapper: [ 43600/50000] loss=0.6422 clip=0.5899 l2=0.0333 id=0.2561  (4808.2s)
[21:28:39] INFO train_mapper: [ 43800/50000] loss=0.6664 clip=0.6151 l2=0.0384 id=0.2055  (4830.2s)
[21:29:01] INFO train_mapper: [ 44000/50000] loss=0.6323 clip=0.5763 l2=0.0316 id=0.3076  (4852.2s)
[21:29:23] INFO train_mapper: [ 44200/50000] loss=0.6675 clip=0.5984 l2=0.0484 id=0.3034  (4874.2s)
[21:29:45] INFO train_mapper: [ 44400/50000] loss=0.6532 clip=0.6009 l2=0.0307 id=0.2777  (4896.2s)
[21:30:07] INFO train_mapper: [ 44600/50000] loss=0.6592 clip=0.5804 l2=0.0506 id=0.3828  (4918.2s)
[21:30:29] INFO train_mapper: [ 44800/50000] loss=0.6521 clip=0.5872 l2=0.0419 id=0.3147  (4940.2s)
[21:30:51] INFO train_mapper: [ 45000/50000] loss=0.6676 clip=0.6016 l2=0.0422 id=0.3226  (4962.3s)
[21:30:52] INFO train_mapper: saved checkpoint -> checkpoints/mappers/neon_noir.pt
[21:31:14] INFO train_mapper: [ 45200/50000] loss=0.6743 clip=0.5997 l2=0.0466 id=0.3729  (4985.1s)
[21:31:36] INFO train_mapper: [ 45400/50000] loss=0.6470 clip=0.5916 l2=0.0335 id=0.2850  (5007.2s)
[21:31:58] INFO train_mapper: [ 45600/50000] loss=0.6702 clip=0.6004 l2=0.0434 id=0.3508  (5029.2s)
[21:32:20] INFO train_mapper: [ 45800/50000] loss=0.6545 clip=0.5930 l2=0.0369 id=0.3203  (5051.2s)
[21:32:42] INFO train_mapper: [ 46000/50000] loss=0.6731 clip=0.6117 l2=0.0394 id=0.2986  (5073.2s)
[21:33:04] INFO train_mapper: [ 46200/50000] loss=0.6370 clip=0.5870 l2=0.0349 id=0.2204  (5095.2s)
[21:33:26] INFO train_mapper: [ 46400/50000] loss=0.6647 clip=0.6066 l2=0.0351 id=0.3002  (5117.3s)
[21:33:48] INFO train_mapper: [ 46600/50000] loss=0.6378 clip=0.5903 l2=0.0314 id=0.2238  (5139.3s)
[21:34:10] INFO train_mapper: [ 46800/50000] loss=0.6413 clip=0.5827 l2=0.0353 id=0.3032  (5161.3s)
[21:34:32] INFO train_mapper: [ 47000/50000] loss=0.6456 clip=0.5908 l2=0.0372 id=0.2507  (5183.3s)
[21:34:54] INFO train_mapper: [ 47200/50000] loss=0.6672 clip=0.6027 l2=0.0362 id=0.3555  (5205.3s)
[21:35:16] INFO train_mapper: [ 47400/50000] loss=0.6410 clip=0.5821 l2=0.0327 id=0.3273  (5227.3s)
[21:35:38] INFO train_mapper: [ 47600/50000] loss=0.6398 clip=0.5745 l2=0.0355 id=0.3690  (5249.3s)
[21:36:01] INFO train_mapper: [ 47800/50000] loss=0.6731 clip=0.6143 l2=0.0396 id=0.2708  (5271.4s)
[21:36:23] INFO train_mapper: [ 48000/50000] loss=0.6643 clip=0.6162 l2=0.0357 id=0.1961  (5293.4s)
[21:36:45] INFO train_mapper: [ 48200/50000] loss=0.6417 clip=0.5966 l2=0.0305 id=0.2065  (5315.4s)
[21:37:07] INFO train_mapper: [ 48400/50000] loss=0.6683 clip=0.6026 l2=0.0391 id=0.3443  (5337.4s)
[21:37:29] INFO train_mapper: [ 48600/50000] loss=0.6552 clip=0.6000 l2=0.0401 id=0.2309  (5359.4s)
[21:37:51] INFO train_mapper: [ 48800/50000] loss=0.6393 clip=0.5767 l2=0.0374 id=0.3264  (5381.5s)
[21:38:13] INFO train_mapper: [ 49000/50000] loss=0.6677 clip=0.5894 l2=0.0514 id=0.3714  (5403.5s)
[21:38:35] INFO train_mapper: [ 49200/50000] loss=0.6381 clip=0.5778 l2=0.0354 id=0.3198  (5425.6s)
[21:38:57] INFO train_mapper: [ 49400/50000] loss=0.6433 clip=0.5831 l2=0.0394 id=0.2869  (5447.6s)
[21:39:19] INFO train_mapper: [ 49600/50000] loss=0.6623 clip=0.5975 l2=0.0421 id=0.3106  (5469.5s)
[21:39:41] INFO train_mapper: [ 49800/50000] loss=0.6689 clip=0.6056 l2=0.0407 id=0.3073  (5491.5s)
[21:40:03] INFO train_mapper: [ 50000/50000] loss=0.6543 clip=0.5916 l2=0.0382 id=0.3215  (5513.5s)
[21:40:04] INFO train_mapper: saved checkpoint -> checkpoints/mappers/neon_noir.pt
[21:40:04] INFO train_mapper: done.
