[16:59:14] INFO train_mapper: training mapper for: 'a person with pastel pink and platinum split dyed hair'
/home/yangqining/CartoonGan/avatar_studio/avatar_studio/edit/mapper.py:180: UserWarning: Converting a tensor with requires_grad=True to a scalar may lead to unexpected behavior.
Consider using tensor.detach() first. (Triggered internally at /pytorch/torch/csrc/autograd/generated/python_variable_methods.cpp:838.)
  "id":   float(l_id) if isinstance(l_id, torch.Tensor) else l_id}
[16:59:37] INFO train_mapper: [   200/50000] loss=0.6864 clip=0.6380 l2=0.0312 id=0.2347  (22.3s)
[16:59:59] INFO train_mapper: [   400/50000] loss=0.6705 clip=0.6410 l2=0.0224 id=0.1152  (44.2s)
[17:00:21] INFO train_mapper: [   600/50000] loss=0.6736 clip=0.6326 l2=0.0212 id=0.2407  (66.1s)
[17:00:43] INFO train_mapper: [   800/50000] loss=0.6599 clip=0.6294 l2=0.0183 id=0.1585  (88.1s)
[17:01:04] INFO train_mapper: [  1000/50000] loss=0.6582 clip=0.6182 l2=0.0216 id=0.2265  (110.0s)
[17:01:26] INFO train_mapper: [  1200/50000] loss=0.6715 clip=0.6291 l2=0.0302 id=0.1834  (132.0s)
[17:01:49] INFO train_mapper: [  1400/50000] loss=0.6697 clip=0.6370 l2=0.0237 id=0.1371  (154.1s)
[17:02:11] INFO train_mapper: [  1600/50000] loss=0.6707 clip=0.6347 l2=0.0244 id=0.1643  (176.1s)
[17:02:33] INFO train_mapper: [  1800/50000] loss=0.6848 clip=0.6442 l2=0.0234 id=0.2194  (198.1s)
[17:02:55] INFO train_mapper: [  2000/50000] loss=0.6597 clip=0.6316 l2=0.0181 id=0.1361  (220.2s)
[17:03:17] INFO train_mapper: [  2200/50000] loss=0.6666 clip=0.6266 l2=0.0300 id=0.1608  (242.2s)
[17:03:39] INFO train_mapper: [  2400/50000] loss=0.6702 clip=0.6351 l2=0.0220 id=0.1749  (264.2s)
[17:04:01] INFO train_mapper: [  2600/50000] loss=0.6600 clip=0.6330 l2=0.0167 id=0.1363  (286.2s)
[17:04:23] INFO train_mapper: [  2800/50000] loss=0.6570 clip=0.6236 l2=0.0251 id=0.1332  (308.3s)
[17:04:45] INFO train_mapper: [  3000/50000] loss=0.6672 clip=0.6293 l2=0.0266 id=0.1660  (330.3s)
[17:05:07] INFO train_mapper: [  3200/50000] loss=0.6859 clip=0.6554 l2=0.0199 id=0.1451  (352.3s)
[17:05:29] INFO train_mapper: [  3400/50000] loss=0.6807 clip=0.6405 l2=0.0279 id=0.1782  (374.3s)
[17:05:51] INFO train_mapper: [  3600/50000] loss=0.6600 clip=0.6161 l2=0.0259 id=0.2318  (396.4s)
[17:06:13] INFO train_mapper: [  3800/50000] loss=0.6683 clip=0.6351 l2=0.0215 id=0.1602  (418.4s)
[17:06:35] INFO train_mapper: [  4000/50000] loss=0.6734 clip=0.6270 l2=0.0341 id=0.1921  (440.4s)
[17:06:57] INFO train_mapper: [  4200/50000] loss=0.6643 clip=0.6353 l2=0.0212 id=0.1210  (462.5s)
[17:07:19] INFO train_mapper: [  4400/50000] loss=0.6623 clip=0.6312 l2=0.0218 id=0.1354  (484.5s)
[17:07:41] INFO train_mapper: [  4600/50000] loss=0.6688 clip=0.6308 l2=0.0244 id=0.1844  (506.6s)
[17:08:03] INFO train_mapper: [  4800/50000] loss=0.6722 clip=0.6274 l2=0.0331 id=0.1825  (528.6s)
[17:08:25] INFO train_mapper: [  5000/50000] loss=0.6841 clip=0.6595 l2=0.0181 id=0.1009  (550.6s)
[17:08:26] INFO train_mapper: saved checkpoint -> checkpoints/mappers/pastel_split.pt
[17:08:48] INFO train_mapper: [  5200/50000] loss=0.7116 clip=0.6792 l2=0.0233 id=0.1375  (573.6s)
[17:09:10] INFO train_mapper: [  5400/50000] loss=0.6610 clip=0.6237 l2=0.0238 id=0.1829  (595.6s)
[17:09:32] INFO train_mapper: [  5600/50000] loss=0.6607 clip=0.6238 l2=0.0220 id=0.1937  (617.8s)
[17:09:54] INFO train_mapper: [  5800/50000] loss=0.6678 clip=0.6360 l2=0.0212 id=0.1490  (639.8s)
[17:10:16] INFO train_mapper: [  6000/50000] loss=0.6640 clip=0.6325 l2=0.0176 id=0.1737  (661.9s)
[17:10:38] INFO train_mapper: [  6200/50000] loss=0.6659 clip=0.6407 l2=0.0165 id=0.1200  (684.0s)
[17:11:01] INFO train_mapper: [  6400/50000] loss=0.6545 clip=0.6231 l2=0.0210 id=0.1458  (706.0s)
[17:11:23] INFO train_mapper: [  6600/50000] loss=0.6631 clip=0.6252 l2=0.0237 id=0.1899  (728.1s)
[17:11:45] INFO train_mapper: [  6800/50000] loss=0.6637 clip=0.6249 l2=0.0217 id=0.2151  (750.2s)
[17:12:07] INFO train_mapper: [  7000/50000] loss=0.6680 clip=0.6341 l2=0.0226 id=0.1583  (772.2s)
[17:12:29] INFO train_mapper: [  7200/50000] loss=0.6731 clip=0.6393 l2=0.0205 id=0.1735  (794.4s)
[17:12:51] INFO train_mapper: [  7400/50000] loss=0.6782 clip=0.6432 l2=0.0237 id=0.1603  (816.4s)
[17:13:13] INFO train_mapper: [  7600/50000] loss=0.6715 clip=0.6423 l2=0.0209 id=0.1252  (838.5s)
[17:13:35] INFO train_mapper: [  7800/50000] loss=0.6516 clip=0.6139 l2=0.0210 id=0.2095  (860.5s)
[17:13:57] INFO train_mapper: [  8000/50000] loss=0.6502 clip=0.6239 l2=0.0185 id=0.1155  (882.6s)
[17:14:19] INFO train_mapper: [  8200/50000] loss=0.6468 clip=0.6178 l2=0.0199 id=0.1304  (904.6s)
[17:14:41] INFO train_mapper: [  8400/50000] loss=0.6657 clip=0.6398 l2=0.0194 id=0.1046  (926.7s)
[17:15:03] INFO train_mapper: [  8600/50000] loss=0.6391 clip=0.6082 l2=0.0214 id=0.1379  (948.9s)
[17:15:25] INFO train_mapper: [  8800/50000] loss=0.6606 clip=0.6166 l2=0.0243 id=0.2462  (970.9s)
[17:15:47] INFO train_mapper: [  9000/50000] loss=0.6483 clip=0.6170 l2=0.0220 id=0.1371  (993.0s)
[17:16:10] INFO train_mapper: [  9200/50000] loss=0.6727 clip=0.6359 l2=0.0225 id=0.1881  (1015.1s)
[17:16:32] INFO train_mapper: [  9400/50000] loss=0.6594 clip=0.6228 l2=0.0205 id=0.2016  (1037.2s)
[17:16:54] INFO train_mapper: [  9600/50000] loss=0.6601 clip=0.6317 l2=0.0192 id=0.1301  (1059.3s)
[17:17:16] INFO train_mapper: [  9800/50000] loss=0.6663 clip=0.6322 l2=0.0175 id=0.2008  (1081.4s)
[17:17:38] INFO train_mapper: [ 10000/50000] loss=0.6521 clip=0.6229 l2=0.0215 id=0.1211  (1103.5s)
[17:17:39] INFO train_mapper: saved checkpoint -> checkpoints/mappers/pastel_split.pt
[17:18:01] INFO train_mapper: [ 10200/50000] loss=0.6743 clip=0.6313 l2=0.0262 id=0.2203  (1126.4s)
[17:18:23] INFO train_mapper: [ 10400/50000] loss=0.6554 clip=0.6278 l2=0.0197 id=0.1179  (1148.5s)
[17:18:45] INFO train_mapper: [ 10600/50000] loss=0.6765 clip=0.6418 l2=0.0239 id=0.1560  (1170.5s)
[17:19:07] INFO train_mapper: [ 10800/50000] loss=0.6567 clip=0.6308 l2=0.0174 id=0.1191  (1192.4s)
[17:19:29] INFO train_mapper: [ 11000/50000] loss=0.6640 clip=0.6221 l2=0.0218 id=0.2446  (1214.4s)
[17:19:51] INFO train_mapper: [ 11200/50000] loss=0.7086 clip=0.6688 l2=0.0255 id=0.1951  (1236.4s)
[17:20:13] INFO train_mapper: [ 11400/50000] loss=0.6534 clip=0.6188 l2=0.0226 id=0.1646  (1258.5s)
[17:20:35] INFO train_mapper: [ 11600/50000] loss=0.6585 clip=0.6262 l2=0.0235 id=0.1340  (1280.6s)
[17:20:57] INFO train_mapper: [ 11800/50000] loss=0.6577 clip=0.6257 l2=0.0218 id=0.1454  (1302.6s)
[17:21:19] INFO train_mapper: [ 12000/50000] loss=0.6562 clip=0.6191 l2=0.0252 id=0.1685  (1324.6s)
[17:21:41] INFO train_mapper: [ 12200/50000] loss=0.6583 clip=0.6187 l2=0.0239 id=0.2057  (1346.6s)
[17:22:03] INFO train_mapper: [ 12400/50000] loss=0.6679 clip=0.6247 l2=0.0251 id=0.2302  (1368.6s)
[17:22:25] INFO train_mapper: [ 12600/50000] loss=0.6426 clip=0.6012 l2=0.0250 id=0.2134  (1390.6s)
[17:22:47] INFO train_mapper: [ 12800/50000] loss=0.6767 clip=0.6432 l2=0.0230 id=0.1507  (1412.5s)
[17:23:09] INFO train_mapper: [ 13000/50000] loss=0.6779 clip=0.6331 l2=0.0258 id=0.2411  (1434.7s)
[17:23:31] INFO train_mapper: [ 13200/50000] loss=0.6886 clip=0.6546 l2=0.0211 id=0.1705  (1456.7s)
[17:23:53] INFO train_mapper: [ 13400/50000] loss=0.7012 clip=0.6712 l2=0.0204 id=0.1374  (1478.8s)
[17:24:15] INFO train_mapper: [ 13600/50000] loss=0.6749 clip=0.6420 l2=0.0238 id=0.1378  (1500.8s)
[17:24:37] INFO train_mapper: [ 13800/50000] loss=0.6734 clip=0.6332 l2=0.0236 id=0.2139  (1522.8s)
[17:24:59] INFO train_mapper: [ 14000/50000] loss=0.6689 clip=0.6378 l2=0.0184 id=0.1649  (1544.9s)
[17:25:21] INFO train_mapper: [ 14200/50000] loss=0.6565 clip=0.6233 l2=0.0204 id=0.1687  (1566.9s)
[17:25:44] INFO train_mapper: [ 14400/50000] loss=0.6644 clip=0.6337 l2=0.0193 id=0.1533  (1589.1s)
[17:26:06] INFO train_mapper: [ 14600/50000] loss=0.6442 clip=0.6128 l2=0.0193 id=0.1589  (1611.1s)
[17:26:28] INFO train_mapper: [ 14800/50000] loss=0.6741 clip=0.6302 l2=0.0314 id=0.1886  (1633.2s)
[17:26:50] INFO train_mapper: [ 15000/50000] loss=0.6766 clip=0.6293 l2=0.0328 id=0.2101  (1655.2s)
[17:26:51] INFO train_mapper: saved checkpoint -> checkpoints/mappers/pastel_split.pt
[17:27:13] INFO train_mapper: [ 15200/50000] loss=0.6536 clip=0.6208 l2=0.0237 id=0.1386  (1678.2s)
[17:27:35] INFO train_mapper: [ 15400/50000] loss=0.6760 clip=0.6434 l2=0.0240 id=0.1339  (1700.2s)
[17:27:57] INFO train_mapper: [ 15600/50000] loss=0.6592 clip=0.6295 l2=0.0202 id=0.1346  (1722.3s)
[17:28:19] INFO train_mapper: [ 15800/50000] loss=0.6830 clip=0.6480 l2=0.0230 id=0.1662  (1744.4s)
[17:28:41] INFO train_mapper: [ 16000/50000] loss=0.6898 clip=0.6466 l2=0.0248 id=0.2333  (1766.5s)
[17:29:03] INFO train_mapper: [ 16200/50000] loss=0.6693 clip=0.6275 l2=0.0273 id=0.1993  (1788.5s)
[17:29:25] INFO train_mapper: [ 16400/50000] loss=0.6595 clip=0.6224 l2=0.0222 id=0.1935  (1810.5s)
[17:29:47] INFO train_mapper: [ 16600/50000] loss=0.6687 clip=0.6158 l2=0.0443 id=0.1745  (1832.6s)
[17:30:09] INFO train_mapper: [ 16800/50000] loss=0.6385 clip=0.6068 l2=0.0210 id=0.1490  (1854.7s)
[17:30:31] INFO train_mapper: [ 17000/50000] loss=0.6579 clip=0.6220 l2=0.0271 id=0.1430  (1876.3s)
[17:30:52] INFO train_mapper: [ 17200/50000] loss=0.6694 clip=0.6295 l2=0.0293 id=0.1642  (1897.9s)
[17:31:15] INFO train_mapper: [ 17400/50000] loss=0.6448 clip=0.6191 l2=0.0174 id=0.1182  (1920.1s)
[17:31:37] INFO train_mapper: [ 17600/50000] loss=0.6505 clip=0.6217 l2=0.0213 id=0.1173  (1942.1s)
[17:31:59] INFO train_mapper: [ 17800/50000] loss=0.6631 clip=0.6295 l2=0.0218 id=0.1620  (1964.1s)
[17:32:21] INFO train_mapper: [ 18000/50000] loss=0.6543 clip=0.6229 l2=0.0223 id=0.1346  (1986.3s)
[17:32:43] INFO train_mapper: [ 18200/50000] loss=0.6651 clip=0.6373 l2=0.0178 id=0.1349  (2008.1s)
[17:33:05] INFO train_mapper: [ 18400/50000] loss=0.6567 clip=0.6187 l2=0.0256 id=0.1752  (2030.1s)
[17:33:27] INFO train_mapper: [ 18600/50000] loss=0.6546 clip=0.6288 l2=0.0186 id=0.1088  (2052.1s)
[17:33:49] INFO train_mapper: [ 18800/50000] loss=0.6585 clip=0.6243 l2=0.0221 id=0.1650  (2074.1s)
[17:34:10] INFO train_mapper: [ 19000/50000] loss=0.7163 clip=0.6809 l2=0.0271 id=0.1376  (2095.4s)
[17:34:31] INFO train_mapper: [ 19200/50000] loss=0.6560 clip=0.6200 l2=0.0229 id=0.1769  (2116.8s)
[17:34:53] INFO train_mapper: [ 19400/50000] loss=0.6715 clip=0.6360 l2=0.0221 id=0.1780  (2138.2s)
[17:35:14] INFO train_mapper: [ 19600/50000] loss=0.6706 clip=0.6337 l2=0.0292 id=0.1357  (2159.4s)
[17:35:36] INFO train_mapper: [ 19800/50000] loss=0.6604 clip=0.6192 l2=0.0238 id=0.2215  (2181.1s)
[17:35:57] INFO train_mapper: [ 20000/50000] loss=0.6536 clip=0.6202 l2=0.0273 id=0.1147  (2202.8s)
[17:35:58] INFO train_mapper: saved checkpoint -> checkpoints/mappers/pastel_split.pt
[17:36:20] INFO train_mapper: [ 20200/50000] loss=0.6736 clip=0.6292 l2=0.0280 id=0.2207  (2225.5s)
[17:36:42] INFO train_mapper: [ 20400/50000] loss=0.6906 clip=0.6514 l2=0.0290 id=0.1609  (2247.4s)
[17:37:04] INFO train_mapper: [ 20600/50000] loss=0.6591 clip=0.6222 l2=0.0319 id=0.1140  (2269.5s)
[17:37:26] INFO train_mapper: [ 20800/50000] loss=0.6659 clip=0.6299 l2=0.0284 id=0.1322  (2291.1s)
[17:37:47] INFO train_mapper: [ 21000/50000] loss=0.6728 clip=0.6371 l2=0.0243 id=0.1629  (2312.6s)
[17:38:09] INFO train_mapper: [ 21200/50000] loss=0.6837 clip=0.6528 l2=0.0209 id=0.1413  (2334.6s)
[17:38:31] INFO train_mapper: [ 21400/50000] loss=0.6878 clip=0.6469 l2=0.0333 id=0.1421  (2356.6s)
[17:38:53] INFO train_mapper: [ 21600/50000] loss=0.6559 clip=0.6224 l2=0.0225 id=0.1556  (2378.7s)
[17:39:15] INFO train_mapper: [ 21800/50000] loss=0.6798 clip=0.6499 l2=0.0243 id=0.1051  (2400.8s)
[17:39:37] INFO train_mapper: [ 22000/50000] loss=0.6541 clip=0.6237 l2=0.0212 id=0.1341  (2422.8s)
[17:39:59] INFO train_mapper: [ 22200/50000] loss=0.6671 clip=0.6315 l2=0.0236 id=0.1673  (2444.9s)
[17:40:21] INFO train_mapper: [ 22400/50000] loss=0.6511 clip=0.6107 l2=0.0301 id=0.1629  (2466.9s)
[17:40:43] INFO train_mapper: [ 22600/50000] loss=0.6482 clip=0.6164 l2=0.0222 id=0.1400  (2489.0s)
[17:41:06] INFO train_mapper: [ 22800/50000] loss=0.6776 clip=0.6455 l2=0.0241 id=0.1281  (2511.1s)
[17:41:28] INFO train_mapper: [ 23000/50000] loss=0.6719 clip=0.6413 l2=0.0199 id=0.1463  (2533.1s)
[17:41:50] INFO train_mapper: [ 23200/50000] loss=0.6609 clip=0.6290 l2=0.0204 id=0.1559  (2555.3s)
[17:42:12] INFO train_mapper: [ 23400/50000] loss=0.6504 clip=0.6094 l2=0.0291 id=0.1773  (2577.3s)
[17:42:34] INFO train_mapper: [ 23600/50000] loss=0.6730 clip=0.6342 l2=0.0243 id=0.1937  (2599.4s)
[17:42:56] INFO train_mapper: [ 23800/50000] loss=0.6627 clip=0.6199 l2=0.0224 id=0.2491  (2621.4s)
[17:43:18] INFO train_mapper: [ 24000/50000] loss=0.6608 clip=0.6219 l2=0.0233 id=0.2023  (2643.5s)
[17:43:40] INFO train_mapper: [ 24200/50000] loss=0.6676 clip=0.6250 l2=0.0309 id=0.1781  (2665.6s)
[17:44:02] INFO train_mapper: [ 24400/50000] loss=0.6497 clip=0.6180 l2=0.0250 id=0.1177  (2687.7s)
[17:44:24] INFO train_mapper: [ 24600/50000] loss=0.6523 clip=0.6173 l2=0.0229 id=0.1669  (2709.8s)
[17:44:46] INFO train_mapper: [ 24800/50000] loss=0.6494 clip=0.6137 l2=0.0216 id=0.1846  (2731.8s)
[17:45:08] INFO train_mapper: [ 25000/50000] loss=0.6680 clip=0.6287 l2=0.0236 id=0.2045  (2753.9s)
[17:45:09] INFO train_mapper: saved checkpoint -> checkpoints/mappers/pastel_split.pt
[17:45:31] INFO train_mapper: [ 25200/50000] loss=0.6544 clip=0.6272 l2=0.0180 id=0.1283  (2776.7s)
[17:45:53] INFO train_mapper: [ 25400/50000] loss=0.6777 clip=0.6288 l2=0.0286 id=0.2602  (2798.8s)
[17:46:15] INFO train_mapper: [ 25600/50000] loss=0.6653 clip=0.6250 l2=0.0293 id=0.1694  (2820.8s)
[17:46:37] INFO train_mapper: [ 25800/50000] loss=0.6569 clip=0.6124 l2=0.0266 id=0.2330  (2842.9s)
[17:47:00] INFO train_mapper: [ 26000/50000] loss=0.6683 clip=0.6316 l2=0.0255 id=0.1637  (2865.0s)
[17:47:22] INFO train_mapper: [ 26200/50000] loss=0.6601 clip=0.6190 l2=0.0262 id=0.2020  (2887.0s)
[17:47:44] INFO train_mapper: [ 26400/50000] loss=0.6532 clip=0.6133 l2=0.0319 id=0.1442  (2909.1s)
[17:48:06] INFO train_mapper: [ 26600/50000] loss=0.6846 clip=0.6450 l2=0.0256 id=0.1919  (2931.2s)
[17:48:28] INFO train_mapper: [ 26800/50000] loss=0.6554 clip=0.6210 l2=0.0236 id=0.1551  (2953.3s)
[17:48:49] INFO train_mapper: [ 27000/50000] loss=0.6478 clip=0.6126 l2=0.0258 id=0.1459  (2974.9s)
[17:49:11] INFO train_mapper: [ 27200/50000] loss=0.6555 clip=0.6173 l2=0.0316 id=0.1286  (2996.5s)
[17:49:32] INFO train_mapper: [ 27400/50000] loss=0.6575 clip=0.6175 l2=0.0303 id=0.1577  (3017.8s)
[17:49:54] INFO train_mapper: [ 27600/50000] loss=0.6702 clip=0.6258 l2=0.0332 id=0.1782  (3039.3s)
[17:50:15] INFO train_mapper: [ 27800/50000] loss=0.6850 clip=0.6274 l2=0.0352 id=0.2947  (3060.6s)
[17:50:36] INFO train_mapper: [ 28000/50000] loss=0.6647 clip=0.6280 l2=0.0235 id=0.1786  (3082.0s)
[17:50:58] INFO train_mapper: [ 28200/50000] loss=0.6863 clip=0.6424 l2=0.0259 id=0.2319  (3103.1s)
[17:51:19] INFO train_mapper: [ 28400/50000] loss=0.6655 clip=0.6187 l2=0.0322 id=0.2102  (3124.9s)
[17:51:41] INFO train_mapper: [ 28600/50000] loss=0.6621 clip=0.6260 l2=0.0244 id=0.1656  (3146.8s)
[17:52:03] INFO train_mapper: [ 28800/50000] loss=0.6642 clip=0.6275 l2=0.0222 id=0.1896  (3168.5s)
[17:52:25] INFO train_mapper: [ 29000/50000] loss=0.6544 clip=0.6122 l2=0.0240 id=0.2306  (3190.5s)
[17:52:47] INFO train_mapper: [ 29200/50000] loss=0.6686 clip=0.6315 l2=0.0258 id=0.1646  (3212.2s)
[17:53:08] INFO train_mapper: [ 29400/50000] loss=0.6805 clip=0.6397 l2=0.0275 id=0.1884  (3233.8s)
[17:53:30] INFO train_mapper: [ 29600/50000] loss=0.6612 clip=0.6206 l2=0.0272 id=0.1886  (3255.8s)
[17:53:52] INFO train_mapper: [ 29800/50000] loss=0.6482 clip=0.6094 l2=0.0204 id=0.2246  (3277.3s)
[17:54:14] INFO train_mapper: [ 30000/50000] loss=0.6770 clip=0.6214 l2=0.0315 id=0.3028  (3299.0s)
[17:54:14] INFO train_mapper: saved checkpoint -> checkpoints/mappers/pastel_split.pt
[17:54:36] INFO train_mapper: [ 30200/50000] loss=0.6742 clip=0.6340 l2=0.0296 id=0.1648  (3321.7s)
[17:54:58] INFO train_mapper: [ 30400/50000] loss=0.6595 clip=0.6221 l2=0.0218 id=0.1998  (3343.3s)
[17:55:20] INFO train_mapper: [ 30600/50000] loss=0.6685 clip=0.6248 l2=0.0286 id=0.2079  (3365.3s)
[17:55:42] INFO train_mapper: [ 30800/50000] loss=0.6738 clip=0.6282 l2=0.0302 id=0.2145  (3387.4s)
[17:56:04] INFO train_mapper: [ 31000/50000] loss=0.6723 clip=0.6301 l2=0.0231 id=0.2381  (3409.3s)
[17:56:25] INFO train_mapper: [ 31200/50000] loss=0.6536 clip=0.6200 l2=0.0205 id=0.1720  (3430.7s)
[17:56:47] INFO train_mapper: [ 31400/50000] loss=0.6557 clip=0.6161 l2=0.0251 id=0.1952  (3452.0s)
[17:57:08] INFO train_mapper: [ 31600/50000] loss=0.6556 clip=0.6235 l2=0.0172 id=0.1836  (3473.6s)
[17:57:30] INFO train_mapper: [ 31800/50000] loss=0.6505 clip=0.6090 l2=0.0252 id=0.2132  (3495.3s)
[17:57:52] INFO train_mapper: [ 32000/50000] loss=0.6728 clip=0.6356 l2=0.0258 id=0.1653  (3517.3s)
[17:58:14] INFO train_mapper: [ 32200/50000] loss=0.6637 clip=0.6305 l2=0.0227 id=0.1511  (3539.4s)
[17:58:36] INFO train_mapper: [ 32400/50000] loss=0.6540 clip=0.6168 l2=0.0191 id=0.2181  (3561.4s)
[17:58:58] INFO train_mapper: [ 32600/50000] loss=0.6853 clip=0.6375 l2=0.0363 id=0.1886  (3583.4s)
[17:59:20] INFO train_mapper: [ 32800/50000] loss=0.6503 clip=0.6156 l2=0.0285 id=0.1201  (3605.4s)
[17:59:42] INFO train_mapper: [ 33000/50000] loss=0.6736 clip=0.6310 l2=0.0303 id=0.1843  (3627.4s)
[18:00:04] INFO train_mapper: [ 33200/50000] loss=0.6761 clip=0.6351 l2=0.0341 id=0.1377  (3649.5s)
[18:00:26] INFO train_mapper: [ 33400/50000] loss=0.6676 clip=0.6269 l2=0.0251 id=0.2061  (3671.6s)
[18:00:48] INFO train_mapper: [ 33600/50000] loss=0.7186 clip=0.6830 l2=0.0263 id=0.1459  (3693.6s)
[18:01:10] INFO train_mapper: [ 33800/50000] loss=0.6608 clip=0.6225 l2=0.0241 id=0.1902  (3715.7s)
[18:01:32] INFO train_mapper: [ 34000/50000] loss=0.6558 clip=0.6244 l2=0.0174 id=0.1741  (3737.7s)
[18:01:54] INFO train_mapper: [ 34200/50000] loss=0.6761 clip=0.6390 l2=0.0239 id=0.1797  (3759.8s)
[18:02:16] INFO train_mapper: [ 34400/50000] loss=0.6637 clip=0.6281 l2=0.0201 id=0.1952  (3781.8s)
[18:02:38] INFO train_mapper: [ 34600/50000] loss=0.6612 clip=0.6285 l2=0.0241 id=0.1337  (3803.8s)
[18:03:00] INFO train_mapper: [ 34800/50000] loss=0.6540 clip=0.6148 l2=0.0262 id=0.1829  (3826.0s)
[18:03:23] INFO train_mapper: [ 35000/50000] loss=0.6562 clip=0.6186 l2=0.0183 id=0.2294  (3848.1s)
[18:03:23] INFO train_mapper: saved checkpoint -> checkpoints/mappers/pastel_split.pt
[18:03:45] INFO train_mapper: [ 35200/50000] loss=0.6523 clip=0.6215 l2=0.0202 id=0.1468  (3871.0s)
[18:04:08] INFO train_mapper: [ 35400/50000] loss=0.6570 clip=0.6200 l2=0.0235 id=0.1822  (3893.1s)
[18:04:30] INFO train_mapper: [ 35600/50000] loss=0.6616 clip=0.6279 l2=0.0221 id=0.1602  (3915.1s)
[18:04:52] INFO train_mapper: [ 35800/50000] loss=0.6840 clip=0.6386 l2=0.0307 id=0.2080  (3937.2s)
[18:05:14] INFO train_mapper: [ 36000/50000] loss=0.6716 clip=0.6377 l2=0.0238 id=0.1486  (3959.2s)
[18:05:36] INFO train_mapper: [ 36200/50000] loss=0.6520 clip=0.6193 l2=0.0237 id=0.1380  (3981.2s)
[18:05:58] INFO train_mapper: [ 36400/50000] loss=0.6698 clip=0.6274 l2=0.0255 id=0.2197  (4003.2s)
[18:06:19] INFO train_mapper: [ 36600/50000] loss=0.6608 clip=0.6245 l2=0.0245 id=0.1673  (4024.7s)
[18:06:41] INFO train_mapper: [ 36800/50000] loss=0.6815 clip=0.6408 l2=0.0298 id=0.1675  (4046.7s)
[18:07:03] INFO train_mapper: [ 37000/50000] loss=0.6721 clip=0.6378 l2=0.0249 id=0.1445  (4068.8s)
[18:07:25] INFO train_mapper: [ 37200/50000] loss=0.6708 clip=0.6315 l2=0.0263 id=0.1823  (4090.8s)
[18:07:47] INFO train_mapper: [ 37400/50000] loss=0.6451 clip=0.6116 l2=0.0213 id=0.1640  (4112.9s)
[18:08:10] INFO train_mapper: [ 37600/50000] loss=0.6570 clip=0.6174 l2=0.0242 id=0.2025  (4135.1s)
[18:08:32] INFO train_mapper: [ 37800/50000] loss=0.6845 clip=0.6247 l2=0.0500 id=0.1985  (4157.2s)
[18:08:54] INFO train_mapper: [ 38000/50000] loss=0.6705 clip=0.6425 l2=0.0200 id=0.1196  (4179.3s)
[18:09:16] INFO train_mapper: [ 38200/50000] loss=0.6754 clip=0.6441 l2=0.0234 id=0.1251  (4201.4s)
[18:09:38] INFO train_mapper: [ 38400/50000] loss=0.6709 clip=0.6245 l2=0.0297 id=0.2268  (4223.4s)
[18:10:00] INFO train_mapper: [ 38600/50000] loss=0.6987 clip=0.6280 l2=0.0466 id=0.3345  (4245.5s)
[18:10:22] INFO train_mapper: [ 38800/50000] loss=0.6681 clip=0.6360 l2=0.0250 id=0.1209  (4267.5s)
[18:10:44] INFO train_mapper: [ 39000/50000] loss=0.6525 clip=0.6204 l2=0.0241 id=0.1279  (4289.5s)
[18:11:06] INFO train_mapper: [ 39200/50000] loss=0.6574 clip=0.6290 l2=0.0192 id=0.1302  (4311.7s)
[18:11:28] INFO train_mapper: [ 39400/50000] loss=0.6546 clip=0.6139 l2=0.0268 id=0.1931  (4333.7s)
[18:11:50] INFO train_mapper: [ 39600/50000] loss=0.6608 clip=0.6196 l2=0.0290 id=0.1795  (4355.8s)
[18:12:12] INFO train_mapper: [ 39800/50000] loss=0.6614 clip=0.6281 l2=0.0223 id=0.1548  (4377.5s)
[18:12:33] INFO train_mapper: [ 40000/50000] loss=0.6486 clip=0.6187 l2=0.0233 id=0.1126  (4398.8s)
[18:12:34] INFO train_mapper: saved checkpoint -> checkpoints/mappers/pastel_split.pt
[18:12:55] INFO train_mapper: [ 40200/50000] loss=0.6588 clip=0.6230 l2=0.0212 id=0.1874  (4420.6s)
[18:13:17] INFO train_mapper: [ 40400/50000] loss=0.6533 clip=0.6159 l2=0.0239 id=0.1832  (4442.5s)
[18:13:39] INFO train_mapper: [ 40600/50000] loss=0.6721 clip=0.6292 l2=0.0321 id=0.1720  (4464.6s)
[18:14:01] INFO train_mapper: [ 40800/50000] loss=0.6574 clip=0.6176 l2=0.0256 id=0.1937  (4486.7s)
[18:14:23] INFO train_mapper: [ 41000/50000] loss=0.6544 clip=0.6128 l2=0.0261 id=0.2073  (4508.7s)
[18:14:45] INFO train_mapper: [ 41200/50000] loss=0.6575 clip=0.6140 l2=0.0302 id=0.1936  (4530.8s)
[18:15:07] INFO train_mapper: [ 41400/50000] loss=0.6738 clip=0.6342 l2=0.0227 id=0.2138  (4552.8s)
[18:15:29] INFO train_mapper: [ 41600/50000] loss=0.6802 clip=0.6452 l2=0.0246 id=0.1531  (4574.8s)
[18:15:51] INFO train_mapper: [ 41800/50000] loss=0.6492 clip=0.6129 l2=0.0234 id=0.1756  (4596.8s)
[18:16:13] INFO train_mapper: [ 42000/50000] loss=0.6549 clip=0.6175 l2=0.0228 id=0.1912  (4618.9s)
[18:16:35] INFO train_mapper: [ 42200/50000] loss=0.6479 clip=0.6178 l2=0.0240 id=0.1087  (4640.1s)
[18:16:56] INFO train_mapper: [ 42400/50000] loss=0.6661 clip=0.6292 l2=0.0265 id=0.1567  (4661.8s)
[18:17:18] INFO train_mapper: [ 42600/50000] loss=0.6704 clip=0.6363 l2=0.0231 id=0.1560  (4683.8s)
[18:17:40] INFO train_mapper: [ 42800/50000] loss=0.6561 clip=0.6228 l2=0.0236 id=0.1443  (4705.3s)
[18:18:01] INFO train_mapper: [ 43000/50000] loss=0.6402 clip=0.6027 l2=0.0293 id=0.1405  (4726.7s)
[18:18:23] INFO train_mapper: [ 43200/50000] loss=0.6843 clip=0.6517 l2=0.0241 id=0.1335  (4748.7s)
[18:18:45] INFO train_mapper: [ 43400/50000] loss=0.6530 clip=0.6159 l2=0.0203 id=0.2084  (4770.7s)
[18:19:07] INFO train_mapper: [ 43600/50000] loss=0.6628 clip=0.6289 l2=0.0236 id=0.1501  (4792.4s)
[18:19:29] INFO train_mapper: [ 43800/50000] loss=0.6673 clip=0.6249 l2=0.0287 id=0.1946  (4814.1s)
[18:19:50] INFO train_mapper: [ 44000/50000] loss=0.6743 clip=0.6372 l2=0.0251 id=0.1709  (4835.3s)
[18:20:11] INFO train_mapper: [ 44200/50000] loss=0.6556 clip=0.6174 l2=0.0275 id=0.1619  (4856.5s)
[18:20:32] INFO train_mapper: [ 44400/50000] loss=0.6550 clip=0.6213 l2=0.0240 id=0.1447  (4877.8s)
[18:20:54] INFO train_mapper: [ 44600/50000] loss=0.6583 clip=0.6184 l2=0.0266 id=0.1861  (4899.3s)
[18:21:16] INFO train_mapper: [ 44800/50000] loss=0.6351 clip=0.6101 l2=0.0196 id=0.0934  (4921.2s)
[18:21:37] INFO train_mapper: [ 45000/50000] loss=0.6510 clip=0.6160 l2=0.0229 id=0.1660  (4942.8s)
[18:21:38] INFO train_mapper: saved checkpoint -> checkpoints/mappers/pastel_split.pt
[18:22:00] INFO train_mapper: [ 45200/50000] loss=0.6694 clip=0.6337 l2=0.0210 id=0.1892  (4965.2s)
[18:22:21] INFO train_mapper: [ 45400/50000] loss=0.6716 clip=0.6319 l2=0.0259 id=0.1897  (4986.8s)
[18:22:50] INFO train_mapper: [ 45600/50000] loss=0.6573 clip=0.6220 l2=0.0273 id=0.1339  (5015.1s)
[18:23:22] INFO train_mapper: [ 45800/50000] loss=0.6797 clip=0.6454 l2=0.0245 id=0.1470  (5047.1s)
[18:23:54] INFO train_mapper: [ 46000/50000] loss=0.6430 clip=0.6051 l2=0.0256 id=0.1742  (5079.3s)
[18:24:25] INFO train_mapper: [ 46200/50000] loss=0.6648 clip=0.6257 l2=0.0267 id=0.1767  (5110.9s)
[18:24:58] INFO train_mapper: [ 46400/50000] loss=0.6802 clip=0.6328 l2=0.0327 id=0.2128  (5143.4s)
[18:25:29] INFO train_mapper: [ 46600/50000] loss=0.6657 clip=0.6262 l2=0.0257 id=0.1893  (5174.6s)
[18:26:01] INFO train_mapper: [ 46800/50000] loss=0.6661 clip=0.6265 l2=0.0212 id=0.2265  (5206.1s)
[18:26:32] INFO train_mapper: [ 47000/50000] loss=0.6843 clip=0.6448 l2=0.0206 id=0.2296  (5237.4s)
[18:27:02] INFO train_mapper: [ 47200/50000] loss=0.6523 clip=0.6199 l2=0.0230 id=0.1400  (5268.0s)
[18:27:33] INFO train_mapper: [ 47400/50000] loss=0.6574 clip=0.6168 l2=0.0280 id=0.1825  (5298.5s)
[18:28:04] INFO train_mapper: [ 47600/50000] loss=0.6764 clip=0.6233 l2=0.0394 id=0.2161  (5329.2s)
[18:28:35] INFO train_mapper: [ 47800/50000] loss=0.6683 clip=0.6366 l2=0.0224 id=0.1377  (5360.6s)
[18:29:06] INFO train_mapper: [ 48000/50000] loss=0.6504 clip=0.6241 l2=0.0174 id=0.1239  (5391.9s)
[18:29:38] INFO train_mapper: [ 48200/50000] loss=0.6594 clip=0.6223 l2=0.0230 id=0.1871  (5423.4s)
[18:30:06] INFO train_mapper: [ 48400/50000] loss=0.6591 clip=0.6269 l2=0.0228 id=0.1405  (5451.8s)
[18:30:36] INFO train_mapper: [ 48600/50000] loss=0.6626 clip=0.6208 l2=0.0339 id=0.1464  (5482.0s)
[18:31:08] INFO train_mapper: [ 48800/50000] loss=0.6597 clip=0.6297 l2=0.0227 id=0.1186  (5513.2s)
[18:31:39] INFO train_mapper: [ 49000/50000] loss=0.6633 clip=0.6368 l2=0.0180 id=0.1212  (5544.7s)
[18:32:09] INFO train_mapper: [ 49200/50000] loss=0.6649 clip=0.6258 l2=0.0207 id=0.2255  (5574.8s)
[18:32:37] INFO train_mapper: [ 49400/50000] loss=0.6552 clip=0.6167 l2=0.0249 id=0.1859  (5602.8s)
[18:33:07] INFO train_mapper: [ 49600/50000] loss=0.6469 clip=0.6148 l2=0.0194 id=0.1664  (5632.8s)
[18:33:39] INFO train_mapper: [ 49800/50000] loss=0.6677 clip=0.6276 l2=0.0261 id=0.1927  (5664.1s)
[18:34:08] INFO train_mapper: [ 50000/50000] loss=0.6593 clip=0.6233 l2=0.0255 id=0.1568  (5693.8s)
[18:34:10] INFO train_mapper: saved checkpoint -> checkpoints/mappers/pastel_split.pt
[18:34:10] INFO train_mapper: done.
